Archive member included because of file (symbol)

C:\avrtoolbox\libavr\librarian\atmega328\libavr_atmega328_001.a(ring_add.o)
                              ring_buffer_tester.o (ring_add)
C:\avrtoolbox\libavr\librarian\atmega328\libavr_atmega328_001.a(ring_init.o)
                              ring_buffer_tester.o (ring_init)
C:\avrtoolbox\libavr\librarian\atmega328\libavr_atmega328_001.a(ring_peek.o)
                              ring_buffer_tester.o (ring_peek)
C:\avrtoolbox\libavr\librarian\atmega328\libavr_atmega328_001.a(ring_remove.o)
                              ring_buffer_tester.o (ring_remove)
C:\avrtoolbox\libavr\librarian\atmega328\libavr_atmega328_001.a(ring_clear.o)
                              C:\avrtoolbox\libavr\librarian\atmega328\libavr_atmega328_001.a(ring_init.o) (ring_clear)
c:/winavr-20100110/bin/../lib/gcc/avr/4.3.3/avr5\libgcc.a(_exit.o)
                              c:/winavr-20100110/bin/../lib/gcc/avr/4.3.3/../../../../avr/lib/avr5/crtm328p.o (exit)
c:/winavr-20100110/bin/../lib/gcc/avr/4.3.3/avr5\libgcc.a(_clear_bss.o)
                              ring_buffer_tester.o (__do_clear_bss)

Allocating common symbols
Common symbol       size              file

flow                0x3               ring_buffer_tester.o
usart0_transmit_buffer
                    0x80              ring_buffer_tester.o
usart0_transmit_ring
                    0x8               ring_buffer_tester.o
usart0_receive_ring
                    0x8               ring_buffer_tester.o
usart0_receive_buffer
                    0x40              ring_buffer_tester.o

Memory Configuration

Name             Origin             Length             Attributes
text             0x00000000         0x00020000         xr
data             0x00800060         0x0000ffa0         rw !x
eeprom           0x00810000         0x00010000         rw !x
fuse             0x00820000         0x00000400         rw !x
lock             0x00830000         0x00000400         rw !x
signature        0x00840000         0x00000400         rw !x
*default*        0x00000000         0xffffffff

Linker script and memory map

Address of section .data set to 0x800100
LOAD c:/winavr-20100110/bin/../lib/gcc/avr/4.3.3/../../../../avr/lib/avr5/crtm328p.o
LOAD ring_buffer_tester.o
LOAD C:\avrtoolbox\libavr\librarian\atmega328\libavr_atmega328_001.a
LOAD c:/winavr-20100110/bin/../lib/gcc/avr/4.3.3/avr5\libgcc.a
LOAD c:/winavr-20100110/bin/../lib/gcc/avr/4.3.3/../../../../avr/lib/avr5\libc.a
LOAD c:/winavr-20100110/bin/../lib/gcc/avr/4.3.3/avr5\libgcc.a

.hash
 *(.hash)

.dynsym
 *(.dynsym)

.dynstr
 *(.dynstr)

.gnu.version
 *(.gnu.version)

.gnu.version_d
 *(.gnu.version_d)

.gnu.version_r
 *(.gnu.version_r)

.rel.init
 *(.rel.init)

.rela.init
 *(.rela.init)

.rel.text
 *(.rel.text)
 *(.rel.text.*)
 *(.rel.gnu.linkonce.t*)

.rela.text
 *(.rela.text)
 *(.rela.text.*)
 *(.rela.gnu.linkonce.t*)

.rel.fini
 *(.rel.fini)

.rela.fini
 *(.rela.fini)

.rel.rodata
 *(.rel.rodata)
 *(.rel.rodata.*)
 *(.rel.gnu.linkonce.r*)

.rela.rodata
 *(.rela.rodata)
 *(.rela.rodata.*)
 *(.rela.gnu.linkonce.r*)

.rel.data
 *(.rel.data)
 *(.rel.data.*)
 *(.rel.gnu.linkonce.d*)

.rela.data
 *(.rela.data)
 *(.rela.data.*)
 *(.rela.gnu.linkonce.d*)

.rel.ctors
 *(.rel.ctors)

.rela.ctors
 *(.rela.ctors)

.rel.dtors
 *(.rel.dtors)

.rela.dtors
 *(.rela.dtors)

.rel.got
 *(.rel.got)

.rela.got
 *(.rela.got)

.rel.bss
 *(.rel.bss)

.rela.bss
 *(.rela.bss)

.rel.plt
 *(.rel.plt)

.rela.plt
 *(.rela.plt)

.text           0x00000000      0x2f6
 *(.vectors)
 .vectors       0x00000000       0x68 c:/winavr-20100110/bin/../lib/gcc/avr/4.3.3/../../../../avr/lib/avr5/crtm328p.o
                0x00000000                __vectors
                0x00000000                __vector_default
 *(.vectors)
 *(.progmem.gcc*)
 *(.progmem*)
                0x00000068                . = ALIGN (0x2)
                0x00000068                __trampolines_start = .
 *(.trampolines)
 .trampolines   0x00000068        0x0 linker stubs
 *(.trampolines*)
                0x00000068                __trampolines_end = .
 *(.jumptables)
 *(.jumptables*)
 *(.lowtext)
 *(.lowtext*)
                0x00000068                __ctors_start = .
 *(.ctors)
                0x00000068                __ctors_end = .
                0x00000068                __dtors_start = .
 *(.dtors)
                0x00000068                __dtors_end = .
 SORT(*)(.ctors)
 SORT(*)(.dtors)
 *(.init0)
 .init0         0x00000068        0x0 c:/winavr-20100110/bin/../lib/gcc/avr/4.3.3/../../../../avr/lib/avr5/crtm328p.o
                0x00000068                __init
 *(.init0)
 *(.init1)
 *(.init1)
 *(.init2)
 .init2         0x00000068        0xc c:/winavr-20100110/bin/../lib/gcc/avr/4.3.3/../../../../avr/lib/avr5/crtm328p.o
 *(.init2)
 *(.init3)
 *(.init3)
 *(.init4)
 .init4         0x00000074       0x10 c:/winavr-20100110/bin/../lib/gcc/avr/4.3.3/avr5\libgcc.a(_clear_bss.o)
                0x00000074                __do_clear_bss
 *(.init4)
 *(.init5)
 *(.init5)
 *(.init6)
 *(.init6)
 *(.init7)
 *(.init7)
 *(.init8)
 *(.init8)
 *(.init9)
 .init9         0x00000084        0x8 c:/winavr-20100110/bin/../lib/gcc/avr/4.3.3/../../../../avr/lib/avr5/crtm328p.o
 *(.init9)
 *(.text)
 .text          0x0000008c        0x4 c:/winavr-20100110/bin/../lib/gcc/avr/4.3.3/../../../../avr/lib/avr5/crtm328p.o
                0x0000008c                __vector_22
                0x0000008c                __vector_1
                0x0000008c                __vector_24
                0x0000008c                __vector_12
                0x0000008c                __bad_interrupt
                0x0000008c                __vector_6
                0x0000008c                __vector_3
                0x0000008c                __vector_23
                0x0000008c                __vector_25
                0x0000008c                __vector_11
                0x0000008c                __vector_13
                0x0000008c                __vector_17
                0x0000008c                __vector_19
                0x0000008c                __vector_7
                0x0000008c                __vector_5
                0x0000008c                __vector_4
                0x0000008c                __vector_9
                0x0000008c                __vector_2
                0x0000008c                __vector_21
                0x0000008c                __vector_15
                0x0000008c                __vector_8
                0x0000008c                __vector_14
                0x0000008c                __vector_10
                0x0000008c                __vector_16
                0x0000008c                __vector_18
                0x0000008c                __vector_20
 .text          0x00000090      0x100 ring_buffer_tester.o
                0x00000090                main
 .text          0x00000190       0x5c C:\avrtoolbox\libavr\librarian\atmega328\libavr_atmega328_001.a(ring_add.o)
                0x00000190                ring_add
 .text          0x000001ec       0x20 C:\avrtoolbox\libavr\librarian\atmega328\libavr_atmega328_001.a(ring_init.o)
                0x000001ec                ring_init
 .text          0x0000020c       0x58 C:\avrtoolbox\libavr\librarian\atmega328\libavr_atmega328_001.a(ring_peek.o)
                0x0000020c                ring_peek
 .text          0x00000264       0x5a C:\avrtoolbox\libavr\librarian\atmega328\libavr_atmega328_001.a(ring_remove.o)
                0x00000264                ring_remove
 .text          0x000002be       0x34 C:\avrtoolbox\libavr\librarian\atmega328\libavr_atmega328_001.a(ring_clear.o)
                0x000002be                ring_clear
 .text          0x000002f2        0x0 c:/winavr-20100110/bin/../lib/gcc/avr/4.3.3/avr5\libgcc.a(_exit.o)
 .text          0x000002f2        0x0 c:/winavr-20100110/bin/../lib/gcc/avr/4.3.3/avr5\libgcc.a(_clear_bss.o)
                0x000002f2                . = ALIGN (0x2)
 *(.text.*)
 .text.libgcc   0x000002f2        0x0 c:/winavr-20100110/bin/../lib/gcc/avr/4.3.3/avr5\libgcc.a(_exit.o)
 .text.libgcc   0x000002f2        0x0 c:/winavr-20100110/bin/../lib/gcc/avr/4.3.3/avr5\libgcc.a(_clear_bss.o)
                0x000002f2                . = ALIGN (0x2)
 *(.fini9)
 .fini9         0x000002f2        0x0 c:/winavr-20100110/bin/../lib/gcc/avr/4.3.3/avr5\libgcc.a(_exit.o)
                0x000002f2                exit
                0x000002f2                _exit
 *(.fini9)
 *(.fini8)
 *(.fini8)
 *(.fini7)
 *(.fini7)
 *(.fini6)
 *(.fini6)
 *(.fini5)
 *(.fini5)
 *(.fini4)
 *(.fini4)
 *(.fini3)
 *(.fini3)
 *(.fini2)
 *(.fini2)
 *(.fini1)
 *(.fini1)
 *(.fini0)
 .fini0         0x000002f2        0x4 c:/winavr-20100110/bin/../lib/gcc/avr/4.3.3/avr5\libgcc.a(_exit.o)
 *(.fini0)
                0x000002f6                _etext = .

.data           0x00800100        0x0 load address 0x000002f6
                0x00800100                PROVIDE (__data_start, .)
 *(.data)
 .data          0x00800100        0x0 c:/winavr-20100110/bin/../lib/gcc/avr/4.3.3/../../../../avr/lib/avr5/crtm328p.o
 .data          0x00800100        0x0 ring_buffer_tester.o
 .data          0x00800100        0x0 C:\avrtoolbox\libavr\librarian\atmega328\libavr_atmega328_001.a(ring_add.o)
 .data          0x00800100        0x0 C:\avrtoolbox\libavr\librarian\atmega328\libavr_atmega328_001.a(ring_init.o)
 .data          0x00800100        0x0 C:\avrtoolbox\libavr\librarian\atmega328\libavr_atmega328_001.a(ring_peek.o)
 .data          0x00800100        0x0 C:\avrtoolbox\libavr\librarian\atmega328\libavr_atmega328_001.a(ring_remove.o)
 .data          0x00800100        0x0 C:\avrtoolbox\libavr\librarian\atmega328\libavr_atmega328_001.a(ring_clear.o)
 .data          0x00800100        0x0 c:/winavr-20100110/bin/../lib/gcc/avr/4.3.3/avr5\libgcc.a(_exit.o)
 .data          0x00800100        0x0 c:/winavr-20100110/bin/../lib/gcc/avr/4.3.3/avr5\libgcc.a(_clear_bss.o)
 *(.data*)
 *(.rodata)
 *(.rodata*)
 *(.gnu.linkonce.d*)
                0x00800100                . = ALIGN (0x2)
                0x00800100                _edata = .
                0x00800100                PROVIDE (__data_end, .)

.bss            0x00800100      0x103
                0x00800100                PROVIDE (__bss_start, .)
 *(.bss)
 .bss           0x00800100        0x0 c:/winavr-20100110/bin/../lib/gcc/avr/4.3.3/../../../../avr/lib/avr5/crtm328p.o
 .bss           0x00800100       0x30 ring_buffer_tester.o
 .bss           0x00800130        0x0 C:\avrtoolbox\libavr\librarian\atmega328\libavr_atmega328_001.a(ring_add.o)
 .bss           0x00800130        0x0 C:\avrtoolbox\libavr\librarian\atmega328\libavr_atmega328_001.a(ring_init.o)
 .bss           0x00800130        0x0 C:\avrtoolbox\libavr\librarian\atmega328\libavr_atmega328_001.a(ring_peek.o)
 .bss           0x00800130        0x0 C:\avrtoolbox\libavr\librarian\atmega328\libavr_atmega328_001.a(ring_remove.o)
 .bss           0x00800130        0x0 C:\avrtoolbox\libavr\librarian\atmega328\libavr_atmega328_001.a(ring_clear.o)
 .bss           0x00800130        0x0 c:/winavr-20100110/bin/../lib/gcc/avr/4.3.3/avr5\libgcc.a(_exit.o)
 .bss           0x00800130        0x0 c:/winavr-20100110/bin/../lib/gcc/avr/4.3.3/avr5\libgcc.a(_clear_bss.o)
 *(.bss*)
 *(COMMON)
 COMMON         0x00800130       0xd3 ring_buffer_tester.o
                0x00800130                flow
                0x00800133                usart0_transmit_buffer
                0x008001b3                usart0_transmit_ring
                0x008001bb                usart0_receive_ring
                0x008001c3                usart0_receive_buffer
                0x00800203                PROVIDE (__bss_end, .)
                0x000002f6                __data_load_start = LOADADDR (.data)
                0x000002f6                __data_load_end = (__data_load_start + SIZEOF (.data))

.noinit         0x00800203        0x0
                0x00800203                PROVIDE (__noinit_start, .)
 *(.noinit*)
                0x00800203                PROVIDE (__noinit_end, .)
                0x00800203                _end = .
                0x00800203                PROVIDE (__heap_start, .)

.eeprom         0x00810000        0x0
 *(.eeprom*)
                0x00810000                __eeprom_end = .

.fuse
 *(.fuse)
 *(.lfuse)
 *(.hfuse)
 *(.efuse)

.lock
 *(.lock*)

.signature
 *(.signature*)

.stab
 *(.stab)

.stabstr
 *(.stabstr)

.stab.excl
 *(.stab.excl)

.stab.exclstr
 *(.stab.exclstr)

.stab.index
 *(.stab.index)

.stab.indexstr
 *(.stab.indexstr)

.comment
 *(.comment)

.debug
 *(.debug)

.line
 *(.line)

.debug_srcinfo
 *(.debug_srcinfo)

.debug_sfnames
 *(.debug_sfnames)

.debug_aranges  0x00000000       0xc0
 *(.debug_aranges)
 .debug_aranges
                0x00000000       0x20 ring_buffer_tester.o
 .debug_aranges
                0x00000020       0x20 C:\avrtoolbox\libavr\librarian\atmega328\libavr_atmega328_001.a(ring_add.o)
 .debug_aranges
                0x00000040       0x20 C:\avrtoolbox\libavr\librarian\atmega328\libavr_atmega328_001.a(ring_init.o)
 .debug_aranges
                0x00000060       0x20 C:\avrtoolbox\libavr\librarian\atmega328\libavr_atmega328_001.a(ring_peek.o)
 .debug_aranges
                0x00000080       0x20 C:\avrtoolbox\libavr\librarian\atmega328\libavr_atmega328_001.a(ring_remove.o)
 .debug_aranges
                0x000000a0       0x20 C:\avrtoolbox\libavr\librarian\atmega328\libavr_atmega328_001.a(ring_clear.o)

.debug_pubnames
                0x00000000      0x12c
 *(.debug_pubnames)
 .debug_pubnames
                0x00000000       0x8a ring_buffer_tester.o
 .debug_pubnames
                0x0000008a       0x1f C:\avrtoolbox\libavr\librarian\atmega328\libavr_atmega328_001.a(ring_add.o)
 .debug_pubnames
                0x000000a9       0x20 C:\avrtoolbox\libavr\librarian\atmega328\libavr_atmega328_001.a(ring_init.o)
 .debug_pubnames
                0x000000c9       0x20 C:\avrtoolbox\libavr\librarian\atmega328\libavr_atmega328_001.a(ring_peek.o)
 .debug_pubnames
                0x000000e9       0x22 C:\avrtoolbox\libavr\librarian\atmega328\libavr_atmega328_001.a(ring_remove.o)
 .debug_pubnames
                0x0000010b       0x21 C:\avrtoolbox\libavr\librarian\atmega328\libavr_atmega328_001.a(ring_clear.o)

.debug_info     0x00000000      0x9db
 *(.debug_info)
 .debug_info    0x00000000      0x311 ring_buffer_tester.o
 .debug_info    0x00000311      0x153 C:\avrtoolbox\libavr\librarian\atmega328\libavr_atmega328_001.a(ring_add.o)
 .debug_info    0x00000464      0x16f C:\avrtoolbox\libavr\librarian\atmega328\libavr_atmega328_001.a(ring_init.o)
 .debug_info    0x000005d3      0x16a C:\avrtoolbox\libavr\librarian\atmega328\libavr_atmega328_001.a(ring_peek.o)
 .debug_info    0x0000073d      0x158 C:\avrtoolbox\libavr\librarian\atmega328\libavr_atmega328_001.a(ring_remove.o)
 .debug_info    0x00000895      0x146 C:\avrtoolbox\libavr\librarian\atmega328\libavr_atmega328_001.a(ring_clear.o)
 *(.gnu.linkonce.wi.*)

.debug_abbrev   0x00000000      0x412
 *(.debug_abbrev)
 .debug_abbrev  0x00000000       0xf0 ring_buffer_tester.o
 .debug_abbrev  0x000000f0       0xa2 C:\avrtoolbox\libavr\librarian\atmega328\libavr_atmega328_001.a(ring_add.o)
 .debug_abbrev  0x00000192       0xaf C:\avrtoolbox\libavr\librarian\atmega328\libavr_atmega328_001.a(ring_init.o)
 .debug_abbrev  0x00000241       0xa2 C:\avrtoolbox\libavr\librarian\atmega328\libavr_atmega328_001.a(ring_peek.o)
 .debug_abbrev  0x000002e3       0x9c C:\avrtoolbox\libavr\librarian\atmega328\libavr_atmega328_001.a(ring_remove.o)
 .debug_abbrev  0x0000037f       0x93 C:\avrtoolbox\libavr\librarian\atmega328\libavr_atmega328_001.a(ring_clear.o)

.debug_line     0x00000000      0x6a2
 *(.debug_line)
 .debug_line    0x00000000      0x1f8 ring_buffer_tester.o
 .debug_line    0x000001f8       0xf7 C:\avrtoolbox\libavr\librarian\atmega328\libavr_atmega328_001.a(ring_add.o)
 .debug_line    0x000002ef       0xe0 C:\avrtoolbox\libavr\librarian\atmega328\libavr_atmega328_001.a(ring_init.o)
 .debug_line    0x000003cf       0xf8 C:\avrtoolbox\libavr\librarian\atmega328\libavr_atmega328_001.a(ring_peek.o)
 .debug_line    0x000004c7       0xf2 C:\avrtoolbox\libavr\librarian\atmega328\libavr_atmega328_001.a(ring_remove.o)
 .debug_line    0x000005b9       0xe9 C:\avrtoolbox\libavr\librarian\atmega328\libavr_atmega328_001.a(ring_clear.o)

.debug_frame    0x00000000       0xc0
 *(.debug_frame)
 .debug_frame   0x00000000       0x20 ring_buffer_tester.o
 .debug_frame   0x00000020       0x20 C:\avrtoolbox\libavr\librarian\atmega328\libavr_atmega328_001.a(ring_add.o)
 .debug_frame   0x00000040       0x20 C:\avrtoolbox\libavr\librarian\atmega328\libavr_atmega328_001.a(ring_init.o)
 .debug_frame   0x00000060       0x20 C:\avrtoolbox\libavr\librarian\atmega328\libavr_atmega328_001.a(ring_peek.o)
 .debug_frame   0x00000080       0x20 C:\avrtoolbox\libavr\librarian\atmega328\libavr_atmega328_001.a(ring_remove.o)
 .debug_frame   0x000000a0       0x20 C:\avrtoolbox\libavr\librarian\atmega328\libavr_atmega328_001.a(ring_clear.o)

.debug_str      0x00000000      0x38b
 *(.debug_str)
 .debug_str     0x00000000      0x206 ring_buffer_tester.o
                                0x262 (size before relaxing)
 .debug_str     0x00000206       0x8f C:\avrtoolbox\libavr\librarian\atmega328\libavr_atmega328_001.a(ring_add.o)
                                0x176 (size before relaxing)
 .debug_str     0x00000295       0x3e C:\avrtoolbox\libavr\librarian\atmega328\libavr_atmega328_001.a(ring_init.o)
                                0x177 (size before relaxing)
 .debug_str     0x000002d3       0x3c C:\avrtoolbox\libavr\librarian\atmega328\libavr_atmega328_001.a(ring_peek.o)
                                0x16f (size before relaxing)
 .debug_str     0x0000030f       0x44 C:\avrtoolbox\libavr\librarian\atmega328\libavr_atmega328_001.a(ring_remove.o)
                                0x176 (size before relaxing)
 .debug_str     0x00000353       0x38 C:\avrtoolbox\libavr\librarian\atmega328\libavr_atmega328_001.a(ring_clear.o)
                                0x173 (size before relaxing)

.debug_loc      0x00000000      0x28b
 *(.debug_loc)
 .debug_loc     0x00000000       0x50 C:\avrtoolbox\libavr\librarian\atmega328\libavr_atmega328_001.a(ring_add.o)
 .debug_loc     0x00000050       0xa1 C:\avrtoolbox\libavr\librarian\atmega328\libavr_atmega328_001.a(ring_init.o)
 .debug_loc     0x000000f1       0xc6 C:\avrtoolbox\libavr\librarian\atmega328\libavr_atmega328_001.a(ring_peek.o)
 .debug_loc     0x000001b7       0x6e C:\avrtoolbox\libavr\librarian\atmega328\libavr_atmega328_001.a(ring_remove.o)
 .debug_loc     0x00000225       0x66 C:\avrtoolbox\libavr\librarian\atmega328\libavr_atmega328_001.a(ring_clear.o)

.debug_macinfo
 *(.debug_macinfo)
OUTPUT(ring_buffer_tester.elf elf32-avr)
LOAD linker stubs
