Archive member included because of file (symbol)

c:/winavr-20090313/bin/../lib/gcc/avr/4.3.2/avr5\libgcc.a(_exit.o)
                              c:/winavr-20090313/bin/../lib/gcc/avr/4.3.2/../../../../avr/lib/avr5/crtm169.o (exit)

Memory Configuration

Name             Origin             Length             Attributes
text             0x00000000         0x00020000         xr
data             0x00800060         0x0000ffa0         rw !x
eeprom           0x00810000         0x00010000         rw !x
fuse             0x00820000         0x00000400         rw !x
lock             0x00830000         0x00000400         rw !x
signature        0x00840000         0x00000400         rw !x
*default*        0x00000000         0xffffffff

Linker script and memory map

Address of section .data set to 0x800100
LOAD c:/winavr-20090313/bin/../lib/gcc/avr/4.3.2/../../../../avr/lib/avr5/crtm169.o
LOAD butterfly_lib_maker.o
LOAD butterfly.o
LOAD c:/winavr-20090313/bin/../lib/gcc/avr/4.3.2/avr5\libgcc.a
LOAD c:/winavr-20090313/bin/../lib/gcc/avr/4.3.2/../../../../avr/lib/avr5\libc.a
LOAD c:/winavr-20090313/bin/../lib/gcc/avr/4.3.2/avr5\libgcc.a

.hash
 *(.hash)

.dynsym
 *(.dynsym)

.dynstr
 *(.dynstr)

.gnu.version
 *(.gnu.version)

.gnu.version_d
 *(.gnu.version_d)

.gnu.version_r
 *(.gnu.version_r)

.rel.init
 *(.rel.init)

.rela.init
 *(.rela.init)

.rel.text
 *(.rel.text)
 *(.rel.text.*)
 *(.rel.gnu.linkonce.t*)

.rela.text
 *(.rela.text)
 *(.rela.text.*)
 *(.rela.gnu.linkonce.t*)

.rel.fini
 *(.rel.fini)

.rela.fini
 *(.rela.fini)

.rel.rodata
 *(.rel.rodata)
 *(.rel.rodata.*)
 *(.rel.gnu.linkonce.r*)

.rela.rodata
 *(.rela.rodata)
 *(.rela.rodata.*)
 *(.rela.gnu.linkonce.r*)

.rel.data
 *(.rel.data)
 *(.rel.data.*)
 *(.rel.gnu.linkonce.d*)

.rela.data
 *(.rela.data)
 *(.rela.data.*)
 *(.rela.gnu.linkonce.d*)

.rel.ctors
 *(.rel.ctors)

.rela.ctors
 *(.rela.ctors)

.rel.dtors
 *(.rel.dtors)

.rela.dtors
 *(.rela.dtors)

.rel.got
 *(.rel.got)

.rela.got
 *(.rela.got)

.rel.bss
 *(.rel.bss)

.rela.bss
 *(.rela.bss)

.rel.plt
 *(.rel.plt)

.rela.plt
 *(.rela.plt)

.text           0x00000000      0x176
 *(.vectors)
 .vectors       0x00000000       0x5c c:/winavr-20090313/bin/../lib/gcc/avr/4.3.2/../../../../avr/lib/avr5/crtm169.o
                0x00000000                __vectors
                0x00000000                __vector_default
 *(.vectors)
 *(.progmem.gcc*)
 *(.progmem*)
                0x0000005c                . = ALIGN (0x2)
                0x0000005c                __trampolines_start = .
 *(.trampolines)
 .trampolines   0x0000005c        0x0 linker stubs
 *(.trampolines*)
                0x0000005c                __trampolines_end = .
 *(.jumptables)
 *(.jumptables*)
 *(.lowtext)
 *(.lowtext*)
                0x0000005c                __ctors_start = .
 *(.ctors)
                0x0000005c                __ctors_end = .
                0x0000005c                __dtors_start = .
 *(.dtors)
                0x0000005c                __dtors_end = .
 SORT(*)(.ctors)
 SORT(*)(.dtors)
 *(.init0)
 .init0         0x0000005c        0x0 c:/winavr-20090313/bin/../lib/gcc/avr/4.3.2/../../../../avr/lib/avr5/crtm169.o
                0x0000005c                __init
 *(.init0)
 *(.init1)
 *(.init1)
 *(.init2)
 .init2         0x0000005c        0xc c:/winavr-20090313/bin/../lib/gcc/avr/4.3.2/../../../../avr/lib/avr5/crtm169.o
 *(.init2)
 *(.init3)
 *(.init3)
 *(.init4)
 *(.init4)
 *(.init5)
 *(.init5)
 *(.init6)
 *(.init6)
 *(.init7)
 *(.init7)
 *(.init8)
 *(.init8)
 *(.init9)
 .init9         0x00000068        0x8 c:/winavr-20090313/bin/../lib/gcc/avr/4.3.2/../../../../avr/lib/avr5/crtm169.o
 *(.init9)
 *(.text)
 .text          0x00000070        0x4 c:/winavr-20090313/bin/../lib/gcc/avr/4.3.2/../../../../avr/lib/avr5/crtm169.o
                0x00000070                __vector_22
                0x00000070                __vector_1
                0x00000070                __vector_12
                0x00000070                __bad_interrupt
                0x00000070                __vector_6
                0x00000070                __vector_3
                0x00000070                __vector_11
                0x00000070                __vector_13
                0x00000070                __vector_17
                0x00000070                __vector_19
                0x00000070                __vector_7
                0x00000070                __vector_5
                0x00000070                __vector_4
                0x00000070                __vector_9
                0x00000070                __vector_2
                0x00000070                __vector_21
                0x00000070                __vector_15
                0x00000070                __vector_8
                0x00000070                __vector_14
                0x00000070                __vector_10
                0x00000070                __vector_16
                0x00000070                __vector_18
                0x00000070                __vector_20
 .text          0x00000074        0x6 butterfly_lib_maker.o
                0x00000074                main
 .text          0x0000007a       0xf8 butterfly.o
                0x00000128                butterfly_init
                0x0000007a                OSCCAL_calibration
                0x00000170                Delay
 .text          0x00000172        0x0 c:/winavr-20090313/bin/../lib/gcc/avr/4.3.2/avr5\libgcc.a(_exit.o)
                0x00000172                . = ALIGN (0x2)
 *(.text.*)
 .text.libgcc   0x00000172        0x0 c:/winavr-20090313/bin/../lib/gcc/avr/4.3.2/avr5\libgcc.a(_exit.o)
                0x00000172                . = ALIGN (0x2)
 *(.fini9)
 .fini9         0x00000172        0x0 c:/winavr-20090313/bin/../lib/gcc/avr/4.3.2/avr5\libgcc.a(_exit.o)
                0x00000172                exit
                0x00000172                _exit
 *(.fini9)
 *(.fini8)
 *(.fini8)
 *(.fini7)
 *(.fini7)
 *(.fini6)
 *(.fini6)
 *(.fini5)
 *(.fini5)
 *(.fini4)
 *(.fini4)
 *(.fini3)
 *(.fini3)
 *(.fini2)
 *(.fini2)
 *(.fini1)
 *(.fini1)
 *(.fini0)
 .fini0         0x00000172        0x4 c:/winavr-20090313/bin/../lib/gcc/avr/4.3.2/avr5\libgcc.a(_exit.o)
 *(.fini0)
                0x00000176                _etext = .

.data           0x00800100        0x0 load address 0x00000176
                0x00800100                PROVIDE (__data_start, .)
 *(.data)
 .data          0x00800100        0x0 c:/winavr-20090313/bin/../lib/gcc/avr/4.3.2/../../../../avr/lib/avr5/crtm169.o
 .data          0x00800100        0x0 butterfly_lib_maker.o
 .data          0x00800100        0x0 butterfly.o
 .data          0x00800100        0x0 c:/winavr-20090313/bin/../lib/gcc/avr/4.3.2/avr5\libgcc.a(_exit.o)
 *(.data*)
 *(.rodata)
 *(.rodata*)
 *(.gnu.linkonce.d*)
                0x00800100                . = ALIGN (0x2)
                0x00800100                _edata = .
                0x00800100                PROVIDE (__data_end, .)

.bss            0x00800100        0x0
                0x00800100                PROVIDE (__bss_start, .)
 *(.bss)
 .bss           0x00800100        0x0 c:/winavr-20090313/bin/../lib/gcc/avr/4.3.2/../../../../avr/lib/avr5/crtm169.o
 .bss           0x00800100        0x0 butterfly_lib_maker.o
 .bss           0x00800100        0x0 butterfly.o
 .bss           0x00800100        0x0 c:/winavr-20090313/bin/../lib/gcc/avr/4.3.2/avr5\libgcc.a(_exit.o)
 *(.bss*)
 *(COMMON)
                0x00800100                PROVIDE (__bss_end, .)
                0x00000176                __data_load_start = LOADADDR (.data)
                0x00000176                __data_load_end = (__data_load_start + SIZEOF (.data))

.noinit         0x00800100        0x0
                0x00800100                PROVIDE (__noinit_start, .)
 *(.noinit*)
                0x00800100                PROVIDE (__noinit_end, .)
                0x00800100                _end = .
                0x00800100                PROVIDE (__heap_start, .)

.eeprom         0x00810000        0x0
 *(.eeprom*)
                0x00810000                __eeprom_end = .

.fuse
 *(.fuse)
 *(.lfuse)
 *(.hfuse)
 *(.efuse)

.lock
 *(.lock*)

.signature
 *(.signature*)

.stab
 *(.stab)

.stabstr
 *(.stabstr)

.stab.excl
 *(.stab.excl)

.stab.exclstr
 *(.stab.exclstr)

.stab.index
 *(.stab.index)

.stab.indexstr
 *(.stab.indexstr)

.comment
 *(.comment)

.debug
 *(.debug)

.line
 *(.line)

.debug_srcinfo
 *(.debug_srcinfo)

.debug_sfnames
 *(.debug_sfnames)

.debug_aranges  0x00000000       0x40
 *(.debug_aranges)
 .debug_aranges
                0x00000000       0x20 butterfly_lib_maker.o
 .debug_aranges
                0x00000020       0x20 butterfly.o

.debug_pubnames
                0x00000000       0x61
 *(.debug_pubnames)
 .debug_pubnames
                0x00000000       0x1b butterfly_lib_maker.o
 .debug_pubnames
                0x0000001b       0x46 butterfly.o

.debug_info     0x00000000      0x13f
 *(.debug_info)
 .debug_info    0x00000000       0x44 butterfly_lib_maker.o
 .debug_info    0x00000044       0xfb butterfly.o
 *(.gnu.linkonce.wi.*)

.debug_abbrev   0x00000000       0xf2
 *(.debug_abbrev)
 .debug_abbrev  0x00000000       0x34 butterfly_lib_maker.o
 .debug_abbrev  0x00000034       0xbe butterfly.o

.debug_line     0x00000000      0x267
 *(.debug_line)
 .debug_line    0x00000000       0x6d butterfly_lib_maker.o
 .debug_line    0x0000006d      0x1fa butterfly.o

.debug_frame    0x00000000       0x60
 *(.debug_frame)
 .debug_frame   0x00000000       0x20 butterfly_lib_maker.o
 .debug_frame   0x00000020       0x40 butterfly.o

.debug_str      0x00000000       0xd3
 *(.debug_str)
 .debug_str     0x00000000       0x4b butterfly_lib_maker.o
 .debug_str     0x0000004b       0x88 butterfly.o
                                 0xe9 (size before relaxing)

.debug_loc      0x00000000       0x7c
 *(.debug_loc)
 .debug_loc     0x00000000       0x7c butterfly.o

.debug_macinfo
 *(.debug_macinfo)
OUTPUT(butterfly_lib_maker.elf elf32-avr)
LOAD linker stubs
