Archive member included because of file (symbol)

C:\avrtoolbox\libavr\librarian\atmega328\libavr_atmega328_002.a(delay.o)
                              serial_a_tester.o (delay)
C:\avrtoolbox\libavr\librarian\atmega328\libavr_atmega328_002.a(serial_available.o)
                              serial_a_tester.o (serial_available)
C:\avrtoolbox\libavr\librarian\atmega328\libavr_atmega328_002.a(serial_begin.o)
                              serial_a_tester.o (serial_begin)
C:\avrtoolbox\libavr\librarian\atmega328\libavr_atmega328_002.a(serial_in.o)
                              serial_a_tester.o (serial_in)
C:\avrtoolbox\libavr\librarian\atmega328\libavr_atmega328_002.a(serial_out.o)
                              serial_a_tester.o (serial_out)
C:\avrtoolbox\libavr\librarian\atmega328\libavr_atmega328_002.a(serial_write.o)
                              serial_a_tester.o (serial_write)
C:\avrtoolbox\libavr\librarian\atmega328\libavr_atmega328_002.a(usart0.o)
                              C:\avrtoolbox\libavr\librarian\atmega328\libavr_atmega328_002.a(serial_write.o) (usart0_send)
C:\avrtoolbox\libavr\librarian\atmega328\libavr_atmega328_002.a(usart0_receive_buffer_inuse_count.o)
                              serial_a_tester.o (usart0_receive_buffer_inuse_count)
C:\avrtoolbox\libavr\librarian\atmega328\libavr_atmega328_002.a(usart0_receive_buffer_remove.o)
                              C:\avrtoolbox\libavr\librarian\atmega328\libavr_atmega328_002.a(serial_in.o) (usart0_receive_buffer_remove)
C:\avrtoolbox\libavr\librarian\atmega328\libavr_atmega328_002.a(usart0_transmit_buffer_insert.o)
                              serial_a_tester.o (usart0_transmit_buffer_insert)
C:\avrtoolbox\libavr\librarian\atmega328\libavr_atmega328_002.a(usart0_transmit_buffer_inuse_count.o)
                              C:\avrtoolbox\libavr\librarian\atmega328\libavr_atmega328_002.a(usart0.o) (usart0_transmit_buffer_inuse_count)
C:\avrtoolbox\libavr\librarian\atmega328\libavr_atmega328_002.a(ring_add.o)
                              C:\avrtoolbox\libavr\librarian\atmega328\libavr_atmega328_002.a(usart0.o) (ring_add)
C:\avrtoolbox\libavr\librarian\atmega328\libavr_atmega328_002.a(ring_init.o)
                              C:\avrtoolbox\libavr\librarian\atmega328\libavr_atmega328_002.a(usart0.o) (ring_init)
C:\avrtoolbox\libavr\librarian\atmega328\libavr_atmega328_002.a(ring_clear.o)
                              C:\avrtoolbox\libavr\librarian\atmega328\libavr_atmega328_002.a(ring_init.o) (ring_clear)
C:\avrtoolbox\libavr\librarian\atmega328\libavr_atmega328_002.a(ring_remove.o)
                              C:\avrtoolbox\libavr\librarian\atmega328\libavr_atmega328_002.a(usart0.o) (ring_remove)
C:\avrtoolbox\libavr\librarian\atmega328\libavr_atmega328_002.a(usart0_buffer_insert.o)
                              C:\avrtoolbox\libavr\librarian\atmega328\libavr_atmega328_002.a(usart0_transmit_buffer_insert.o) (usart0_buffer_insert)
C:\avrtoolbox\libavr\librarian\atmega328\libavr_atmega328_002.a(usart0_buffer_inuse_count.o)
                              C:\avrtoolbox\libavr\librarian\atmega328\libavr_atmega328_002.a(usart0_receive_buffer_inuse_count.o) (usart0_buffer_inuse_count)
C:\avrtoolbox\libavr\librarian\atmega328\libavr_atmega328_002.a(usart0_buffer_remove.o)
                              C:\avrtoolbox\libavr\librarian\atmega328\libavr_atmega328_002.a(usart0_receive_buffer_remove.o) (usart0_buffer_remove)
c:/winavr-20100110/bin/../lib/gcc/avr/4.3.3/avr5\libgcc.a(_udivmodsi4.o)
                              C:\avrtoolbox\libavr\librarian\atmega328\libavr_atmega328_002.a(usart0.o) (__udivmodsi4)
c:/winavr-20100110/bin/../lib/gcc/avr/4.3.3/avr5\libgcc.a(_exit.o)
                              c:/winavr-20100110/bin/../lib/gcc/avr/4.3.3/../../../../avr/lib/avr5/crtm328p.o (exit)
c:/winavr-20100110/bin/../lib/gcc/avr/4.3.3/avr5\libgcc.a(_copy_data.o)
                              serial_a_tester.o (__do_copy_data)
c:/winavr-20100110/bin/../lib/gcc/avr/4.3.3/avr5\libgcc.a(_clear_bss.o)
                              serial_a_tester.o (__do_clear_bss)
c:/winavr-20100110/bin/../lib/gcc/avr/4.3.3/../../../../avr/lib/avr5\libc.a(memset.o)
                              C:\avrtoolbox\libavr\librarian\atmega328\libavr_atmega328_002.a(ring_clear.o) (memset)
c:/winavr-20100110/bin/../lib/gcc/avr/4.3.3/../../../../avr/lib/avr5\libc.a(iob.o)
                              C:\avrtoolbox\libavr\librarian\atmega328\libavr_atmega328_002.a(usart0.o) (__iob)
c:/winavr-20100110/bin/../lib/gcc/avr/4.3.3/../../../../avr/lib/avr5\libc.a(vprintf.o)
                              C:\avrtoolbox\libavr\librarian\atmega328\libavr_atmega328_002.a(serial_out.o) (vprintf)
c:/winavr-20100110/bin/../lib/gcc/avr/4.3.3/../../../../avr/lib/avr5\libc.a(vfprintf_std.o)
                              c:/winavr-20100110/bin/../lib/gcc/avr/4.3.3/../../../../avr/lib/avr5\libc.a(vprintf.o) (vfprintf)
c:/winavr-20100110/bin/../lib/gcc/avr/4.3.3/../../../../avr/lib/avr5\libc.a(strnlen_P.o)
                              c:/winavr-20100110/bin/../lib/gcc/avr/4.3.3/../../../../avr/lib/avr5\libc.a(vfprintf_std.o) (strnlen_P)
c:/winavr-20100110/bin/../lib/gcc/avr/4.3.3/../../../../avr/lib/avr5\libc.a(strnlen.o)
                              c:/winavr-20100110/bin/../lib/gcc/avr/4.3.3/../../../../avr/lib/avr5\libc.a(vfprintf_std.o) (strnlen)
c:/winavr-20100110/bin/../lib/gcc/avr/4.3.3/../../../../avr/lib/avr5\libc.a(fputc.o)
                              c:/winavr-20100110/bin/../lib/gcc/avr/4.3.3/../../../../avr/lib/avr5\libc.a(vfprintf_std.o) (fputc)
c:/winavr-20100110/bin/../lib/gcc/avr/4.3.3/../../../../avr/lib/avr5\libc.a(ultoa_invert.o)
                              c:/winavr-20100110/bin/../lib/gcc/avr/4.3.3/../../../../avr/lib/avr5\libc.a(vfprintf_std.o) (__ultoa_invert)
c:/winavr-20100110/bin/../lib/gcc/avr/4.3.3/avr5\libgcc.a(_prologue.o)
                              c:/winavr-20100110/bin/../lib/gcc/avr/4.3.3/../../../../avr/lib/avr5\libc.a(vfprintf_std.o) (__prologue_saves__)
c:/winavr-20100110/bin/../lib/gcc/avr/4.3.3/avr5\libgcc.a(_epilogue.o)
                              c:/winavr-20100110/bin/../lib/gcc/avr/4.3.3/../../../../avr/lib/avr5\libc.a(vfprintf_std.o) (__epilogue_restores__)

Allocating common symbols
Common symbol       size              file

usart0_transmit_buffer
                    0x80              serial_a_tester.o
usart0_transmit_ring
                    0x8               serial_a_tester.o
usart0_receive_ring
                    0x8               serial_a_tester.o
usart0_receive_buffer
                    0x40              serial_a_tester.o
usart_buffered_tx_flag
                    0x1               serial_a_tester.o
usart_tx_ready_flag
                    0x1               serial_a_tester.o
__iob               0x6               c:/winavr-20100110/bin/../lib/gcc/avr/4.3.3/../../../../avr/lib/avr5\libc.a(iob.o)

Memory Configuration

Name             Origin             Length             Attributes
text             0x00000000         0x00020000         xr
data             0x00800060         0x0000ffa0         rw !x
eeprom           0x00810000         0x00010000         rw !x
fuse             0x00820000         0x00000400         rw !x
lock             0x00830000         0x00000400         rw !x
signature        0x00840000         0x00000400         rw !x
*default*        0x00000000         0xffffffff

Linker script and memory map

Address of section .data set to 0x800100
LOAD c:/winavr-20100110/bin/../lib/gcc/avr/4.3.3/../../../../avr/lib/avr5/crtm328p.o
LOAD serial_a_tester.o
LOAD C:\avrtoolbox\libavr\librarian\atmega328\libavr_atmega328_002.a
LOAD c:/winavr-20100110/bin/../lib/gcc/avr/4.3.3/avr5\libgcc.a
LOAD c:/winavr-20100110/bin/../lib/gcc/avr/4.3.3/../../../../avr/lib/avr5\libc.a
LOAD c:/winavr-20100110/bin/../lib/gcc/avr/4.3.3/avr5\libgcc.a

.hash
 *(.hash)

.dynsym
 *(.dynsym)

.dynstr
 *(.dynstr)

.gnu.version
 *(.gnu.version)

.gnu.version_d
 *(.gnu.version_d)

.gnu.version_r
 *(.gnu.version_r)

.rel.init
 *(.rel.init)

.rela.init
 *(.rela.init)

.rel.text
 *(.rel.text)
 *(.rel.text.*)
 *(.rel.gnu.linkonce.t*)

.rela.text
 *(.rela.text)
 *(.rela.text.*)
 *(.rela.gnu.linkonce.t*)

.rel.fini
 *(.rel.fini)

.rela.fini
 *(.rela.fini)

.rel.rodata
 *(.rel.rodata)
 *(.rel.rodata.*)
 *(.rel.gnu.linkonce.r*)

.rela.rodata
 *(.rela.rodata)
 *(.rela.rodata.*)
 *(.rela.gnu.linkonce.r*)

.rel.data
 *(.rel.data)
 *(.rel.data.*)
 *(.rel.gnu.linkonce.d*)

.rela.data
 *(.rela.data)
 *(.rela.data.*)
 *(.rela.gnu.linkonce.d*)

.rel.ctors
 *(.rel.ctors)

.rela.ctors
 *(.rela.ctors)

.rel.dtors
 *(.rel.dtors)

.rela.dtors
 *(.rela.dtors)

.rel.got
 *(.rel.got)

.rela.got
 *(.rela.got)

.rel.bss
 *(.rel.bss)

.rela.bss
 *(.rela.bss)

.rel.plt
 *(.rel.plt)

.rela.plt
 *(.rela.plt)

.text           0x00000000      0xd1e
 *(.vectors)
 .vectors       0x00000000       0x68 c:/winavr-20100110/bin/../lib/gcc/avr/4.3.3/../../../../avr/lib/avr5/crtm328p.o
                0x00000000                __vectors
                0x00000000                __vector_default
 *(.vectors)
 *(.progmem.gcc*)
 *(.progmem*)
                0x00000068                . = ALIGN (0x2)
                0x00000068                __trampolines_start = .
 *(.trampolines)
 .trampolines   0x00000068        0x0 linker stubs
 *(.trampolines*)
                0x00000068                __trampolines_end = .
 *(.jumptables)
 *(.jumptables*)
 *(.lowtext)
 *(.lowtext*)
                0x00000068                __ctors_start = .
 *(.ctors)
                0x00000068                __ctors_end = .
                0x00000068                __dtors_start = .
 *(.dtors)
                0x00000068                __dtors_end = .
 SORT(*)(.ctors)
 SORT(*)(.dtors)
 *(.init0)
 .init0         0x00000068        0x0 c:/winavr-20100110/bin/../lib/gcc/avr/4.3.3/../../../../avr/lib/avr5/crtm328p.o
                0x00000068                __init
 *(.init0)
 *(.init1)
 *(.init1)
 *(.init2)
 .init2         0x00000068        0xc c:/winavr-20100110/bin/../lib/gcc/avr/4.3.3/../../../../avr/lib/avr5/crtm328p.o
 *(.init2)
 *(.init3)
 *(.init3)
 *(.init4)
 .init4         0x00000074       0x16 c:/winavr-20100110/bin/../lib/gcc/avr/4.3.3/avr5\libgcc.a(_copy_data.o)
                0x00000074                __do_copy_data
 .init4         0x0000008a       0x10 c:/winavr-20100110/bin/../lib/gcc/avr/4.3.3/avr5\libgcc.a(_clear_bss.o)
                0x0000008a                __do_clear_bss
 *(.init4)
 *(.init5)
 *(.init5)
 *(.init6)
 *(.init6)
 *(.init7)
 *(.init7)
 *(.init8)
 *(.init8)
 *(.init9)
 .init9         0x0000009a        0x8 c:/winavr-20100110/bin/../lib/gcc/avr/4.3.3/../../../../avr/lib/avr5/crtm328p.o
 *(.init9)
 *(.text)
 .text          0x000000a2        0x4 c:/winavr-20100110/bin/../lib/gcc/avr/4.3.3/../../../../avr/lib/avr5/crtm328p.o
                0x000000a2                __vector_22
                0x000000a2                __vector_1
                0x000000a2                __vector_24
                0x000000a2                __vector_12
                0x000000a2                __bad_interrupt
                0x000000a2                __vector_6
                0x000000a2                __vector_3
                0x000000a2                __vector_23
                0x000000a2                __vector_25
                0x000000a2                __vector_11
                0x000000a2                __vector_13
                0x000000a2                __vector_17
                0x000000a2                __vector_19
                0x000000a2                __vector_7
                0x000000a2                __vector_5
                0x000000a2                __vector_4
                0x000000a2                __vector_9
                0x000000a2                __vector_2
                0x000000a2                __vector_21
                0x000000a2                __vector_15
                0x000000a2                __vector_8
                0x000000a2                __vector_14
                0x000000a2                __vector_10
                0x000000a2                __vector_16
 .text          0x000000a6      0x164 serial_a_tester.o
                0x000000a6                main
 .text          0x0000020a       0x1c C:\avrtoolbox\libavr\librarian\atmega328\libavr_atmega328_002.a(delay.o)
                0x0000020a                delay
 .text          0x00000226        0x6 C:\avrtoolbox\libavr\librarian\atmega328\libavr_atmega328_002.a(serial_available.o)
                0x00000226                serial_available
 .text          0x0000022c       0x34 C:\avrtoolbox\libavr\librarian\atmega328\libavr_atmega328_002.a(serial_begin.o)
                0x0000022c                serial_begin
 .text          0x00000260        0x6 C:\avrtoolbox\libavr\librarian\atmega328\libavr_atmega328_002.a(serial_in.o)
                0x00000260                serial_in
 .text          0x00000266       0x1c C:\avrtoolbox\libavr\librarian\atmega328\libavr_atmega328_002.a(serial_out.o)
                0x00000266                serial_out
 .text          0x00000282       0x3e C:\avrtoolbox\libavr\librarian\atmega328\libavr_atmega328_002.a(serial_write.o)
                0x00000282                serial_write
 .text          0x000002c0      0x32c C:\avrtoolbox\libavr\librarian\atmega328\libavr_atmega328_002.a(usart0.o)
                0x000005cc                usart0_put_char_stream
                0x00000436                usart0_init
                0x000002c0                usart0_uninit
                0x000002d2                usart0_baud_set
                0x0000030e                usart0_parity_set
                0x00000416                usart0_send
                0x0000034a                __vector_18
                0x000003aa                __vector_20
 .text          0x000005ec        0xa C:\avrtoolbox\libavr\librarian\atmega328\libavr_atmega328_002.a(usart0_receive_buffer_inuse_count.o)
                0x000005ec                usart0_receive_buffer_inuse_count
 .text          0x000005f6        0xa C:\avrtoolbox\libavr\librarian\atmega328\libavr_atmega328_002.a(usart0_receive_buffer_remove.o)
                0x000005f6                usart0_receive_buffer_remove
 .text          0x00000600        0xc C:\avrtoolbox\libavr\librarian\atmega328\libavr_atmega328_002.a(usart0_transmit_buffer_insert.o)
                0x00000600                usart0_transmit_buffer_insert
 .text          0x0000060c        0xa C:\avrtoolbox\libavr\librarian\atmega328\libavr_atmega328_002.a(usart0_transmit_buffer_inuse_count.o)
                0x0000060c                usart0_transmit_buffer_inuse_count
 .text          0x00000616       0x5c C:\avrtoolbox\libavr\librarian\atmega328\libavr_atmega328_002.a(ring_add.o)
                0x00000616                ring_add
 .text          0x00000672       0x20 C:\avrtoolbox\libavr\librarian\atmega328\libavr_atmega328_002.a(ring_init.o)
                0x00000672                ring_init
 .text          0x00000692       0x28 C:\avrtoolbox\libavr\librarian\atmega328\libavr_atmega328_002.a(ring_clear.o)
                0x00000692                ring_clear
 .text          0x000006ba       0x5a C:\avrtoolbox\libavr\librarian\atmega328\libavr_atmega328_002.a(ring_remove.o)
                0x000006ba                ring_remove
 .text          0x00000714       0x1c C:\avrtoolbox\libavr\librarian\atmega328\libavr_atmega328_002.a(usart0_buffer_insert.o)
                0x00000714                usart0_buffer_insert
 .text          0x00000730        0xc C:\avrtoolbox\libavr\librarian\atmega328\libavr_atmega328_002.a(usart0_buffer_inuse_count.o)
                0x00000730                usart0_buffer_inuse_count
 .text          0x0000073c       0x10 C:\avrtoolbox\libavr\librarian\atmega328\libavr_atmega328_002.a(usart0_buffer_remove.o)
                0x0000073c                usart0_buffer_remove
 .text          0x0000074c        0x0 c:/winavr-20100110/bin/../lib/gcc/avr/4.3.3/avr5\libgcc.a(_udivmodsi4.o)
 .text          0x0000074c        0x0 c:/winavr-20100110/bin/../lib/gcc/avr/4.3.3/avr5\libgcc.a(_exit.o)
 .text          0x0000074c        0x0 c:/winavr-20100110/bin/../lib/gcc/avr/4.3.3/avr5\libgcc.a(_copy_data.o)
 .text          0x0000074c        0x0 c:/winavr-20100110/bin/../lib/gcc/avr/4.3.3/avr5\libgcc.a(_clear_bss.o)
 .text          0x0000074c        0x0 c:/winavr-20100110/bin/../lib/gcc/avr/4.3.3/../../../../avr/lib/avr5\libc.a(memset.o)
 .text          0x0000074c        0x0 c:/winavr-20100110/bin/../lib/gcc/avr/4.3.3/../../../../avr/lib/avr5\libc.a(iob.o)
 .text          0x0000074c        0x0 c:/winavr-20100110/bin/../lib/gcc/avr/4.3.3/../../../../avr/lib/avr5\libc.a(vprintf.o)
 .text          0x0000074c        0x0 c:/winavr-20100110/bin/../lib/gcc/avr/4.3.3/../../../../avr/lib/avr5\libc.a(vfprintf_std.o)
 .text          0x0000074c        0x0 c:/winavr-20100110/bin/../lib/gcc/avr/4.3.3/../../../../avr/lib/avr5\libc.a(strnlen_P.o)
 .text          0x0000074c        0x0 c:/winavr-20100110/bin/../lib/gcc/avr/4.3.3/../../../../avr/lib/avr5\libc.a(strnlen.o)
 .text          0x0000074c        0x0 c:/winavr-20100110/bin/../lib/gcc/avr/4.3.3/../../../../avr/lib/avr5\libc.a(fputc.o)
 .text          0x0000074c        0x0 c:/winavr-20100110/bin/../lib/gcc/avr/4.3.3/../../../../avr/lib/avr5\libc.a(ultoa_invert.o)
 .text          0x0000074c        0x0 c:/winavr-20100110/bin/../lib/gcc/avr/4.3.3/avr5\libgcc.a(_prologue.o)
 .text          0x0000074c        0x0 c:/winavr-20100110/bin/../lib/gcc/avr/4.3.3/avr5\libgcc.a(_epilogue.o)
                0x0000074c                . = ALIGN (0x2)
 *(.text.*)
 .text.libgcc   0x0000074c       0x44 c:/winavr-20100110/bin/../lib/gcc/avr/4.3.3/avr5\libgcc.a(_udivmodsi4.o)
                0x0000074c                __udivmodsi4
 .text.libgcc   0x00000790        0x0 c:/winavr-20100110/bin/../lib/gcc/avr/4.3.3/avr5\libgcc.a(_exit.o)
 .text.libgcc   0x00000790        0x0 c:/winavr-20100110/bin/../lib/gcc/avr/4.3.3/avr5\libgcc.a(_copy_data.o)
 .text.libgcc   0x00000790        0x0 c:/winavr-20100110/bin/../lib/gcc/avr/4.3.3/avr5\libgcc.a(_clear_bss.o)
 .text.avr-libc
                0x00000790        0xe c:/winavr-20100110/bin/../lib/gcc/avr/4.3.3/../../../../avr/lib/avr5\libc.a(memset.o)
                0x00000790                memset
 .text.avr-libc
                0x0000079e       0x14 c:/winavr-20100110/bin/../lib/gcc/avr/4.3.3/../../../../avr/lib/avr5\libc.a(vprintf.o)
                0x0000079e                vprintf
 .text.avr-libc
                0x000007b2      0x3ba c:/winavr-20100110/bin/../lib/gcc/avr/4.3.3/../../../../avr/lib/avr5\libc.a(vfprintf_std.o)
                0x000007b2                vfprintf
 .text.avr-libc
                0x00000b6c       0x16 c:/winavr-20100110/bin/../lib/gcc/avr/4.3.3/../../../../avr/lib/avr5\libc.a(strnlen_P.o)
                0x00000b6c                strnlen_P
 .text.avr-libc
                0x00000b82       0x16 c:/winavr-20100110/bin/../lib/gcc/avr/4.3.3/../../../../avr/lib/avr5\libc.a(strnlen.o)
                0x00000b82                strnlen
 .text.avr-libc
                0x00000b98       0x58 c:/winavr-20100110/bin/../lib/gcc/avr/4.3.3/../../../../avr/lib/avr5\libc.a(fputc.o)
                0x00000b98                fputc
 .text.avr-libc
                0x00000bf0       0xbc c:/winavr-20100110/bin/../lib/gcc/avr/4.3.3/../../../../avr/lib/avr5\libc.a(ultoa_invert.o)
                0x00000bf0                __ultoa_invert
 .text.libgcc   0x00000cac       0x38 c:/winavr-20100110/bin/../lib/gcc/avr/4.3.3/avr5\libgcc.a(_prologue.o)
                0x00000cac                __prologue_saves__
 .text.libgcc   0x00000ce4       0x36 c:/winavr-20100110/bin/../lib/gcc/avr/4.3.3/avr5\libgcc.a(_epilogue.o)
                0x00000ce4                __epilogue_restores__
                0x00000d1a                . = ALIGN (0x2)
 *(.fini9)
 .fini9         0x00000d1a        0x0 c:/winavr-20100110/bin/../lib/gcc/avr/4.3.3/avr5\libgcc.a(_exit.o)
                0x00000d1a                exit
                0x00000d1a                _exit
 *(.fini9)
 *(.fini8)
 *(.fini8)
 *(.fini7)
 *(.fini7)
 *(.fini6)
 *(.fini6)
 *(.fini5)
 *(.fini5)
 *(.fini4)
 *(.fini4)
 *(.fini3)
 *(.fini3)
 *(.fini2)
 *(.fini2)
 *(.fini1)
 *(.fini1)
 *(.fini0)
 .fini0         0x00000d1a        0x4 c:/winavr-20100110/bin/../lib/gcc/avr/4.3.3/avr5\libgcc.a(_exit.o)
 *(.fini0)
                0x00000d1e                _etext = .

.data           0x00800100      0x20c load address 0x00000d1e
                0x00800100                PROVIDE (__data_start, .)
 *(.data)
 .data          0x00800100        0x0 c:/winavr-20100110/bin/../lib/gcc/avr/4.3.3/../../../../avr/lib/avr5/crtm328p.o
 .data          0x00800100      0x1fd serial_a_tester.o
 .data          0x008002fd        0x0 C:\avrtoolbox\libavr\librarian\atmega328\libavr_atmega328_002.a(delay.o)
 .data          0x008002fd        0x0 C:\avrtoolbox\libavr\librarian\atmega328\libavr_atmega328_002.a(serial_available.o)
 .data          0x008002fd        0x0 C:\avrtoolbox\libavr\librarian\atmega328\libavr_atmega328_002.a(serial_begin.o)
 .data          0x008002fd        0x0 C:\avrtoolbox\libavr\librarian\atmega328\libavr_atmega328_002.a(serial_in.o)
 .data          0x008002fd        0x0 C:\avrtoolbox\libavr\librarian\atmega328\libavr_atmega328_002.a(serial_out.o)
 .data          0x008002fd        0x0 C:\avrtoolbox\libavr\librarian\atmega328\libavr_atmega328_002.a(serial_write.o)
 .data          0x008002fd        0xe C:\avrtoolbox\libavr\librarian\atmega328\libavr_atmega328_002.a(usart0.o)
                0x008002fd                mystdout
 .data          0x0080030b        0x0 C:\avrtoolbox\libavr\librarian\atmega328\libavr_atmega328_002.a(usart0_receive_buffer_inuse_count.o)
 .data          0x0080030b        0x0 C:\avrtoolbox\libavr\librarian\atmega328\libavr_atmega328_002.a(usart0_receive_buffer_remove.o)
 .data          0x0080030b        0x0 C:\avrtoolbox\libavr\librarian\atmega328\libavr_atmega328_002.a(usart0_transmit_buffer_insert.o)
 .data          0x0080030b        0x0 C:\avrtoolbox\libavr\librarian\atmega328\libavr_atmega328_002.a(usart0_transmit_buffer_inuse_count.o)
 .data          0x0080030b        0x0 C:\avrtoolbox\libavr\librarian\atmega328\libavr_atmega328_002.a(ring_add.o)
 .data          0x0080030b        0x0 C:\avrtoolbox\libavr\librarian\atmega328\libavr_atmega328_002.a(ring_init.o)
 .data          0x0080030b        0x0 C:\avrtoolbox\libavr\librarian\atmega328\libavr_atmega328_002.a(ring_clear.o)
 .data          0x0080030b        0x0 C:\avrtoolbox\libavr\librarian\atmega328\libavr_atmega328_002.a(ring_remove.o)
 .data          0x0080030b        0x0 C:\avrtoolbox\libavr\librarian\atmega328\libavr_atmega328_002.a(usart0_buffer_insert.o)
 .data          0x0080030b        0x0 C:\avrtoolbox\libavr\librarian\atmega328\libavr_atmega328_002.a(usart0_buffer_inuse_count.o)
 .data          0x0080030b        0x0 C:\avrtoolbox\libavr\librarian\atmega328\libavr_atmega328_002.a(usart0_buffer_remove.o)
 .data          0x0080030b        0x0 c:/winavr-20100110/bin/../lib/gcc/avr/4.3.3/avr5\libgcc.a(_udivmodsi4.o)
 .data          0x0080030b        0x0 c:/winavr-20100110/bin/../lib/gcc/avr/4.3.3/avr5\libgcc.a(_exit.o)
 .data          0x0080030b        0x0 c:/winavr-20100110/bin/../lib/gcc/avr/4.3.3/avr5\libgcc.a(_copy_data.o)
 .data          0x0080030b        0x0 c:/winavr-20100110/bin/../lib/gcc/avr/4.3.3/avr5\libgcc.a(_clear_bss.o)
 .data          0x0080030b        0x0 c:/winavr-20100110/bin/../lib/gcc/avr/4.3.3/../../../../avr/lib/avr5\libc.a(memset.o)
 .data          0x0080030b        0x0 c:/winavr-20100110/bin/../lib/gcc/avr/4.3.3/../../../../avr/lib/avr5\libc.a(iob.o)
 .data          0x0080030b        0x0 c:/winavr-20100110/bin/../lib/gcc/avr/4.3.3/../../../../avr/lib/avr5\libc.a(vprintf.o)
 .data          0x0080030b        0x0 c:/winavr-20100110/bin/../lib/gcc/avr/4.3.3/../../../../avr/lib/avr5\libc.a(vfprintf_std.o)
 .data          0x0080030b        0x0 c:/winavr-20100110/bin/../lib/gcc/avr/4.3.3/../../../../avr/lib/avr5\libc.a(strnlen_P.o)
 .data          0x0080030b        0x0 c:/winavr-20100110/bin/../lib/gcc/avr/4.3.3/../../../../avr/lib/avr5\libc.a(strnlen.o)
 .data          0x0080030b        0x0 c:/winavr-20100110/bin/../lib/gcc/avr/4.3.3/../../../../avr/lib/avr5\libc.a(fputc.o)
 .data          0x0080030b        0x0 c:/winavr-20100110/bin/../lib/gcc/avr/4.3.3/../../../../avr/lib/avr5\libc.a(ultoa_invert.o)
 .data          0x0080030b        0x0 c:/winavr-20100110/bin/../lib/gcc/avr/4.3.3/avr5\libgcc.a(_prologue.o)
 .data          0x0080030b        0x0 c:/winavr-20100110/bin/../lib/gcc/avr/4.3.3/avr5\libgcc.a(_epilogue.o)
 *(.data*)
 *(.rodata)
 *(.rodata*)
 *(.gnu.linkonce.d*)
                0x0080030c                . = ALIGN (0x2)
 *fill*         0x0080030b        0x1 00
                0x0080030c                _edata = .
                0x0080030c                PROVIDE (__data_end, .)

.bss            0x0080030c       0xd8
                0x0080030c                PROVIDE (__bss_start, .)
 *(.bss)
 .bss           0x0080030c        0x0 c:/winavr-20100110/bin/../lib/gcc/avr/4.3.3/../../../../avr/lib/avr5/crtm328p.o
 .bss           0x0080030c        0x0 serial_a_tester.o
 .bss           0x0080030c        0x0 C:\avrtoolbox\libavr\librarian\atmega328\libavr_atmega328_002.a(delay.o)
 .bss           0x0080030c        0x0 C:\avrtoolbox\libavr\librarian\atmega328\libavr_atmega328_002.a(serial_available.o)
 .bss           0x0080030c        0x0 C:\avrtoolbox\libavr\librarian\atmega328\libavr_atmega328_002.a(serial_begin.o)
 .bss           0x0080030c        0x0 C:\avrtoolbox\libavr\librarian\atmega328\libavr_atmega328_002.a(serial_in.o)
 .bss           0x0080030c        0x0 C:\avrtoolbox\libavr\librarian\atmega328\libavr_atmega328_002.a(serial_out.o)
 .bss           0x0080030c        0x0 C:\avrtoolbox\libavr\librarian\atmega328\libavr_atmega328_002.a(serial_write.o)
 .bss           0x0080030c        0x0 C:\avrtoolbox\libavr\librarian\atmega328\libavr_atmega328_002.a(usart0.o)
 .bss           0x0080030c        0x0 C:\avrtoolbox\libavr\librarian\atmega328\libavr_atmega328_002.a(usart0_receive_buffer_inuse_count.o)
 .bss           0x0080030c        0x0 C:\avrtoolbox\libavr\librarian\atmega328\libavr_atmega328_002.a(usart0_receive_buffer_remove.o)
 .bss           0x0080030c        0x0 C:\avrtoolbox\libavr\librarian\atmega328\libavr_atmega328_002.a(usart0_transmit_buffer_insert.o)
 .bss           0x0080030c        0x0 C:\avrtoolbox\libavr\librarian\atmega328\libavr_atmega328_002.a(usart0_transmit_buffer_inuse_count.o)
 .bss           0x0080030c        0x0 C:\avrtoolbox\libavr\librarian\atmega328\libavr_atmega328_002.a(ring_add.o)
 .bss           0x0080030c        0x0 C:\avrtoolbox\libavr\librarian\atmega328\libavr_atmega328_002.a(ring_init.o)
 .bss           0x0080030c        0x0 C:\avrtoolbox\libavr\librarian\atmega328\libavr_atmega328_002.a(ring_clear.o)
 .bss           0x0080030c        0x0 C:\avrtoolbox\libavr\librarian\atmega328\libavr_atmega328_002.a(ring_remove.o)
 .bss           0x0080030c        0x0 C:\avrtoolbox\libavr\librarian\atmega328\libavr_atmega328_002.a(usart0_buffer_insert.o)
 .bss           0x0080030c        0x0 C:\avrtoolbox\libavr\librarian\atmega328\libavr_atmega328_002.a(usart0_buffer_inuse_count.o)
 .bss           0x0080030c        0x0 C:\avrtoolbox\libavr\librarian\atmega328\libavr_atmega328_002.a(usart0_buffer_remove.o)
 .bss           0x0080030c        0x0 c:/winavr-20100110/bin/../lib/gcc/avr/4.3.3/avr5\libgcc.a(_udivmodsi4.o)
 .bss           0x0080030c        0x0 c:/winavr-20100110/bin/../lib/gcc/avr/4.3.3/avr5\libgcc.a(_exit.o)
 .bss           0x0080030c        0x0 c:/winavr-20100110/bin/../lib/gcc/avr/4.3.3/avr5\libgcc.a(_copy_data.o)
 .bss           0x0080030c        0x0 c:/winavr-20100110/bin/../lib/gcc/avr/4.3.3/avr5\libgcc.a(_clear_bss.o)
 .bss           0x0080030c        0x0 c:/winavr-20100110/bin/../lib/gcc/avr/4.3.3/../../../../avr/lib/avr5\libc.a(memset.o)
 .bss           0x0080030c        0x0 c:/winavr-20100110/bin/../lib/gcc/avr/4.3.3/../../../../avr/lib/avr5\libc.a(iob.o)
 .bss           0x0080030c        0x0 c:/winavr-20100110/bin/../lib/gcc/avr/4.3.3/../../../../avr/lib/avr5\libc.a(vprintf.o)
 .bss           0x0080030c        0x0 c:/winavr-20100110/bin/../lib/gcc/avr/4.3.3/../../../../avr/lib/avr5\libc.a(vfprintf_std.o)
 .bss           0x0080030c        0x0 c:/winavr-20100110/bin/../lib/gcc/avr/4.3.3/../../../../avr/lib/avr5\libc.a(strnlen_P.o)
 .bss           0x0080030c        0x0 c:/winavr-20100110/bin/../lib/gcc/avr/4.3.3/../../../../avr/lib/avr5\libc.a(strnlen.o)
 .bss           0x0080030c        0x0 c:/winavr-20100110/bin/../lib/gcc/avr/4.3.3/../../../../avr/lib/avr5\libc.a(fputc.o)
 .bss           0x0080030c        0x0 c:/winavr-20100110/bin/../lib/gcc/avr/4.3.3/../../../../avr/lib/avr5\libc.a(ultoa_invert.o)
 .bss           0x0080030c        0x0 c:/winavr-20100110/bin/../lib/gcc/avr/4.3.3/avr5\libgcc.a(_prologue.o)
 .bss           0x0080030c        0x0 c:/winavr-20100110/bin/../lib/gcc/avr/4.3.3/avr5\libgcc.a(_epilogue.o)
 *(.bss*)
 *(COMMON)
 COMMON         0x0080030c       0xd2 serial_a_tester.o
                0x0080030c                usart0_transmit_buffer
                0x0080038c                usart0_transmit_ring
                0x00800394                usart0_receive_ring
                0x0080039c                usart0_receive_buffer
                0x008003dc                usart_buffered_tx_flag
                0x008003dd                usart_tx_ready_flag
 COMMON         0x008003de        0x6 c:/winavr-20100110/bin/../lib/gcc/avr/4.3.3/../../../../avr/lib/avr5\libc.a(iob.o)
                0x008003de                __iob
                0x008003e4                PROVIDE (__bss_end, .)
                0x00000d1e                __data_load_start = LOADADDR (.data)
                0x00000f2a                __data_load_end = (__data_load_start + SIZEOF (.data))

.noinit         0x008003e4        0x0
                0x008003e4                PROVIDE (__noinit_start, .)
 *(.noinit*)
                0x008003e4                PROVIDE (__noinit_end, .)
                0x008003e4                _end = .
                0x008003e4                PROVIDE (__heap_start, .)

.eeprom         0x00810000        0x0
 *(.eeprom*)
                0x00810000                __eeprom_end = .

.fuse
 *(.fuse)
 *(.lfuse)
 *(.hfuse)
 *(.efuse)

.lock
 *(.lock*)

.signature
 *(.signature*)

.stab
 *(.stab)

.stabstr
 *(.stabstr)

.stab.excl
 *(.stab.excl)

.stab.exclstr
 *(.stab.exclstr)

.stab.index
 *(.stab.index)

.stab.indexstr
 *(.stab.indexstr)

.comment
 *(.comment)

.debug
 *(.debug)

.line
 *(.line)

.debug_srcinfo
 *(.debug_srcinfo)

.debug_sfnames
 *(.debug_sfnames)

.debug_aranges  0x00000000      0x260
 *(.debug_aranges)
 .debug_aranges
                0x00000000       0x20 serial_a_tester.o
 .debug_aranges
                0x00000020       0x20 C:\avrtoolbox\libavr\librarian\atmega328\libavr_atmega328_002.a(delay.o)
 .debug_aranges
                0x00000040       0x20 C:\avrtoolbox\libavr\librarian\atmega328\libavr_atmega328_002.a(serial_available.o)
 .debug_aranges
                0x00000060       0x20 C:\avrtoolbox\libavr\librarian\atmega328\libavr_atmega328_002.a(serial_begin.o)
 .debug_aranges
                0x00000080       0x20 C:\avrtoolbox\libavr\librarian\atmega328\libavr_atmega328_002.a(serial_in.o)
 .debug_aranges
                0x000000a0       0x20 C:\avrtoolbox\libavr\librarian\atmega328\libavr_atmega328_002.a(serial_out.o)
 .debug_aranges
                0x000000c0       0x20 C:\avrtoolbox\libavr\librarian\atmega328\libavr_atmega328_002.a(serial_write.o)
 .debug_aranges
                0x000000e0       0x20 C:\avrtoolbox\libavr\librarian\atmega328\libavr_atmega328_002.a(usart0.o)
 .debug_aranges
                0x00000100       0x20 C:\avrtoolbox\libavr\librarian\atmega328\libavr_atmega328_002.a(usart0_receive_buffer_inuse_count.o)
 .debug_aranges
                0x00000120       0x20 C:\avrtoolbox\libavr\librarian\atmega328\libavr_atmega328_002.a(usart0_receive_buffer_remove.o)
 .debug_aranges
                0x00000140       0x20 C:\avrtoolbox\libavr\librarian\atmega328\libavr_atmega328_002.a(usart0_transmit_buffer_insert.o)
 .debug_aranges
                0x00000160       0x20 C:\avrtoolbox\libavr\librarian\atmega328\libavr_atmega328_002.a(usart0_transmit_buffer_inuse_count.o)
 .debug_aranges
                0x00000180       0x20 C:\avrtoolbox\libavr\librarian\atmega328\libavr_atmega328_002.a(ring_add.o)
 .debug_aranges
                0x000001a0       0x20 C:\avrtoolbox\libavr\librarian\atmega328\libavr_atmega328_002.a(ring_init.o)
 .debug_aranges
                0x000001c0       0x20 C:\avrtoolbox\libavr\librarian\atmega328\libavr_atmega328_002.a(ring_clear.o)
 .debug_aranges
                0x000001e0       0x20 C:\avrtoolbox\libavr\librarian\atmega328\libavr_atmega328_002.a(ring_remove.o)
 .debug_aranges
                0x00000200       0x20 C:\avrtoolbox\libavr\librarian\atmega328\libavr_atmega328_002.a(usart0_buffer_insert.o)
 .debug_aranges
                0x00000220       0x20 C:\avrtoolbox\libavr\librarian\atmega328\libavr_atmega328_002.a(usart0_buffer_inuse_count.o)
 .debug_aranges
                0x00000240       0x20 C:\avrtoolbox\libavr\librarian\atmega328\libavr_atmega328_002.a(usart0_buffer_remove.o)

.debug_pubnames
                0x00000000      0xbd9
 *(.debug_pubnames)
 .debug_pubnames
                0x00000000       0xb4 serial_a_tester.o
 .debug_pubnames
                0x000000b4       0x1c C:\avrtoolbox\libavr\librarian\atmega328\libavr_atmega328_002.a(delay.o)
 .debug_pubnames
                0x000000d0       0xc0 C:\avrtoolbox\libavr\librarian\atmega328\libavr_atmega328_002.a(serial_available.o)
 .debug_pubnames
                0x00000190       0xbc C:\avrtoolbox\libavr\librarian\atmega328\libavr_atmega328_002.a(serial_begin.o)
 .debug_pubnames
                0x0000024c       0xb9 C:\avrtoolbox\libavr\librarian\atmega328\libavr_atmega328_002.a(serial_in.o)
 .debug_pubnames
                0x00000305       0xba C:\avrtoolbox\libavr\librarian\atmega328\libavr_atmega328_002.a(serial_out.o)
 .debug_pubnames
                0x000003bf       0xbc C:\avrtoolbox\libavr\librarian\atmega328\libavr_atmega328_002.a(serial_write.o)
 .debug_pubnames
                0x0000047b      0x14f C:\avrtoolbox\libavr\librarian\atmega328\libavr_atmega328_002.a(usart0.o)
 .debug_pubnames
                0x000005ca       0xd1 C:\avrtoolbox\libavr\librarian\atmega328\libavr_atmega328_002.a(usart0_receive_buffer_inuse_count.o)
 .debug_pubnames
                0x0000069b       0xcc C:\avrtoolbox\libavr\librarian\atmega328\libavr_atmega328_002.a(usart0_receive_buffer_remove.o)
 .debug_pubnames
                0x00000767       0xcd C:\avrtoolbox\libavr\librarian\atmega328\libavr_atmega328_002.a(usart0_transmit_buffer_insert.o)
 .debug_pubnames
                0x00000834       0xd2 C:\avrtoolbox\libavr\librarian\atmega328\libavr_atmega328_002.a(usart0_transmit_buffer_inuse_count.o)
 .debug_pubnames
                0x00000906       0x1f C:\avrtoolbox\libavr\librarian\atmega328\libavr_atmega328_002.a(ring_add.o)
 .debug_pubnames
                0x00000925       0x20 C:\avrtoolbox\libavr\librarian\atmega328\libavr_atmega328_002.a(ring_init.o)
 .debug_pubnames
                0x00000945       0x21 C:\avrtoolbox\libavr\librarian\atmega328\libavr_atmega328_002.a(ring_clear.o)
 .debug_pubnames
                0x00000966       0x22 C:\avrtoolbox\libavr\librarian\atmega328\libavr_atmega328_002.a(ring_remove.o)
 .debug_pubnames
                0x00000988       0xc4 C:\avrtoolbox\libavr\librarian\atmega328\libavr_atmega328_002.a(usart0_buffer_insert.o)
 .debug_pubnames
                0x00000a4c       0xc9 C:\avrtoolbox\libavr\librarian\atmega328\libavr_atmega328_002.a(usart0_buffer_inuse_count.o)
 .debug_pubnames
                0x00000b15       0xc4 C:\avrtoolbox\libavr\librarian\atmega328\libavr_atmega328_002.a(usart0_buffer_remove.o)

.debug_info     0x00000000     0x244a
 *(.debug_info)
 .debug_info    0x00000000      0x206 serial_a_tester.o
 .debug_info    0x00000206      0x130 C:\avrtoolbox\libavr\librarian\atmega328\libavr_atmega328_002.a(delay.o)
 .debug_info    0x00000336      0x1b6 C:\avrtoolbox\libavr\librarian\atmega328\libavr_atmega328_002.a(serial_available.o)
 .debug_info    0x000004ec      0x274 C:\avrtoolbox\libavr\librarian\atmega328\libavr_atmega328_002.a(serial_begin.o)
 .debug_info    0x00000760      0x1b6 C:\avrtoolbox\libavr\librarian\atmega328\libavr_atmega328_002.a(serial_in.o)
 .debug_info    0x00000916      0x1f8 C:\avrtoolbox\libavr\librarian\atmega328\libavr_atmega328_002.a(serial_out.o)
 .debug_info    0x00000b0e      0x1ec C:\avrtoolbox\libavr\librarian\atmega328\libavr_atmega328_002.a(serial_write.o)
 .debug_info    0x00000cfa      0x512 C:\avrtoolbox\libavr\librarian\atmega328\libavr_atmega328_002.a(usart0.o)
 .debug_info    0x0000120c      0x1b6 C:\avrtoolbox\libavr\librarian\atmega328\libavr_atmega328_002.a(usart0_receive_buffer_inuse_count.o)
 .debug_info    0x000013c2      0x1c6 C:\avrtoolbox\libavr\librarian\atmega328\libavr_atmega328_002.a(usart0_receive_buffer_remove.o)
 .debug_info    0x00001588      0x1da C:\avrtoolbox\libavr\librarian\atmega328\libavr_atmega328_002.a(usart0_transmit_buffer_insert.o)
 .debug_info    0x00001762      0x1b6 C:\avrtoolbox\libavr\librarian\atmega328\libavr_atmega328_002.a(usart0_transmit_buffer_inuse_count.o)
 .debug_info    0x00001918      0x153 C:\avrtoolbox\libavr\librarian\atmega328\libavr_atmega328_002.a(ring_add.o)
 .debug_info    0x00001a6b      0x16f C:\avrtoolbox\libavr\librarian\atmega328\libavr_atmega328_002.a(ring_init.o)
 .debug_info    0x00001bda      0x146 C:\avrtoolbox\libavr\librarian\atmega328\libavr_atmega328_002.a(ring_clear.o)
 .debug_info    0x00001d20      0x158 C:\avrtoolbox\libavr\librarian\atmega328\libavr_atmega328_002.a(ring_remove.o)
 .debug_info    0x00001e78      0x1fe C:\avrtoolbox\libavr\librarian\atmega328\libavr_atmega328_002.a(usart0_buffer_insert.o)
 .debug_info    0x00002076      0x1ea C:\avrtoolbox\libavr\librarian\atmega328\libavr_atmega328_002.a(usart0_buffer_inuse_count.o)
 .debug_info    0x00002260      0x1ea C:\avrtoolbox\libavr\librarian\atmega328\libavr_atmega328_002.a(usart0_buffer_remove.o)
 *(.gnu.linkonce.wi.*)

.debug_abbrev   0x00000000      0xedb
 *(.debug_abbrev)
 .debug_abbrev  0x00000000       0xdc serial_a_tester.o
 .debug_abbrev  0x000000dc       0xbb C:\avrtoolbox\libavr\librarian\atmega328\libavr_atmega328_002.a(delay.o)
 .debug_abbrev  0x00000197       0xa6 C:\avrtoolbox\libavr\librarian\atmega328\libavr_atmega328_002.a(serial_available.o)
 .debug_abbrev  0x0000023d       0xd8 C:\avrtoolbox\libavr\librarian\atmega328\libavr_atmega328_002.a(serial_begin.o)
 .debug_abbrev  0x00000315       0xa6 C:\avrtoolbox\libavr\librarian\atmega328\libavr_atmega328_002.a(serial_in.o)
 .debug_abbrev  0x000003bb       0xd7 C:\avrtoolbox\libavr\librarian\atmega328\libavr_atmega328_002.a(serial_out.o)
 .debug_abbrev  0x00000492       0xcd C:\avrtoolbox\libavr\librarian\atmega328\libavr_atmega328_002.a(serial_write.o)
 .debug_abbrev  0x0000055f      0x1af C:\avrtoolbox\libavr\librarian\atmega328\libavr_atmega328_002.a(usart0.o)
 .debug_abbrev  0x0000070e       0xa6 C:\avrtoolbox\libavr\librarian\atmega328\libavr_atmega328_002.a(usart0_receive_buffer_inuse_count.o)
 .debug_abbrev  0x000007b4       0xb5 C:\avrtoolbox\libavr\librarian\atmega328\libavr_atmega328_002.a(usart0_receive_buffer_remove.o)
 .debug_abbrev  0x00000869       0xc4 C:\avrtoolbox\libavr\librarian\atmega328\libavr_atmega328_002.a(usart0_transmit_buffer_insert.o)
 .debug_abbrev  0x0000092d       0xa6 C:\avrtoolbox\libavr\librarian\atmega328\libavr_atmega328_002.a(usart0_transmit_buffer_inuse_count.o)
 .debug_abbrev  0x000009d3       0xa2 C:\avrtoolbox\libavr\librarian\atmega328\libavr_atmega328_002.a(ring_add.o)
 .debug_abbrev  0x00000a75       0xaf C:\avrtoolbox\libavr\librarian\atmega328\libavr_atmega328_002.a(ring_init.o)
 .debug_abbrev  0x00000b24       0x93 C:\avrtoolbox\libavr\librarian\atmega328\libavr_atmega328_002.a(ring_clear.o)
 .debug_abbrev  0x00000bb7       0x9c C:\avrtoolbox\libavr\librarian\atmega328\libavr_atmega328_002.a(ring_remove.o)
 .debug_abbrev  0x00000c53       0xe2 C:\avrtoolbox\libavr\librarian\atmega328\libavr_atmega328_002.a(usart0_buffer_insert.o)
 .debug_abbrev  0x00000d35       0xd3 C:\avrtoolbox\libavr\librarian\atmega328\libavr_atmega328_002.a(usart0_buffer_inuse_count.o)
 .debug_abbrev  0x00000e08       0xd3 C:\avrtoolbox\libavr\librarian\atmega328\libavr_atmega328_002.a(usart0_buffer_remove.o)

.debug_line     0x00000000     0x179e
 *(.debug_line)
 .debug_line    0x00000000      0x1a6 serial_a_tester.o
 .debug_line    0x000001a6      0x15a C:\avrtoolbox\libavr\librarian\atmega328\libavr_atmega328_002.a(delay.o)
 .debug_line    0x00000300      0x131 C:\avrtoolbox\libavr\librarian\atmega328\libavr_atmega328_002.a(serial_available.o)
 .debug_line    0x00000431      0x13d C:\avrtoolbox\libavr\librarian\atmega328\libavr_atmega328_002.a(serial_begin.o)
 .debug_line    0x0000056e      0x12a C:\avrtoolbox\libavr\librarian\atmega328\libavr_atmega328_002.a(serial_in.o)
 .debug_line    0x00000698      0x16b C:\avrtoolbox\libavr\librarian\atmega328\libavr_atmega328_002.a(serial_out.o)
 .debug_line    0x00000803      0x14d C:\avrtoolbox\libavr\librarian\atmega328\libavr_atmega328_002.a(serial_write.o)
 .debug_line    0x00000950      0x2f2 C:\avrtoolbox\libavr\librarian\atmega328\libavr_atmega328_002.a(usart0.o)
 .debug_line    0x00000c42      0x114 C:\avrtoolbox\libavr\librarian\atmega328\libavr_atmega328_002.a(usart0_receive_buffer_inuse_count.o)
 .debug_line    0x00000d56      0x10f C:\avrtoolbox\libavr\librarian\atmega328\libavr_atmega328_002.a(usart0_receive_buffer_remove.o)
 .debug_line    0x00000e65      0x110 C:\avrtoolbox\libavr\librarian\atmega328\libavr_atmega328_002.a(usart0_transmit_buffer_insert.o)
 .debug_line    0x00000f75      0x115 C:\avrtoolbox\libavr\librarian\atmega328\libavr_atmega328_002.a(usart0_transmit_buffer_inuse_count.o)
 .debug_line    0x0000108a       0xf7 C:\avrtoolbox\libavr\librarian\atmega328\libavr_atmega328_002.a(ring_add.o)
 .debug_line    0x00001181       0xe0 C:\avrtoolbox\libavr\librarian\atmega328\libavr_atmega328_002.a(ring_init.o)
 .debug_line    0x00001261       0xe9 C:\avrtoolbox\libavr\librarian\atmega328\libavr_atmega328_002.a(ring_clear.o)
 .debug_line    0x0000134a       0xf2 C:\avrtoolbox\libavr\librarian\atmega328\libavr_atmega328_002.a(ring_remove.o)
 .debug_line    0x0000143c      0x127 C:\avrtoolbox\libavr\librarian\atmega328\libavr_atmega328_002.a(usart0_buffer_insert.o)
 .debug_line    0x00001563      0x11c C:\avrtoolbox\libavr\librarian\atmega328\libavr_atmega328_002.a(usart0_buffer_inuse_count.o)
 .debug_line    0x0000167f      0x11f C:\avrtoolbox\libavr\librarian\atmega328\libavr_atmega328_002.a(usart0_buffer_remove.o)

.debug_frame    0x00000000      0x2d0
 *(.debug_frame)
 .debug_frame   0x00000000       0x20 serial_a_tester.o
 .debug_frame   0x00000020       0x20 C:\avrtoolbox\libavr\librarian\atmega328\libavr_atmega328_002.a(delay.o)
 .debug_frame   0x00000040       0x20 C:\avrtoolbox\libavr\librarian\atmega328\libavr_atmega328_002.a(serial_available.o)
 .debug_frame   0x00000060       0x20 C:\avrtoolbox\libavr\librarian\atmega328\libavr_atmega328_002.a(serial_begin.o)
 .debug_frame   0x00000080       0x20 C:\avrtoolbox\libavr\librarian\atmega328\libavr_atmega328_002.a(serial_in.o)
 .debug_frame   0x000000a0       0x20 C:\avrtoolbox\libavr\librarian\atmega328\libavr_atmega328_002.a(serial_out.o)
 .debug_frame   0x000000c0       0x20 C:\avrtoolbox\libavr\librarian\atmega328\libavr_atmega328_002.a(serial_write.o)
 .debug_frame   0x000000e0       0x90 C:\avrtoolbox\libavr\librarian\atmega328\libavr_atmega328_002.a(usart0.o)
 .debug_frame   0x00000170       0x20 C:\avrtoolbox\libavr\librarian\atmega328\libavr_atmega328_002.a(usart0_receive_buffer_inuse_count.o)
 .debug_frame   0x00000190       0x20 C:\avrtoolbox\libavr\librarian\atmega328\libavr_atmega328_002.a(usart0_receive_buffer_remove.o)
 .debug_frame   0x000001b0       0x20 C:\avrtoolbox\libavr\librarian\atmega328\libavr_atmega328_002.a(usart0_transmit_buffer_insert.o)
 .debug_frame   0x000001d0       0x20 C:\avrtoolbox\libavr\librarian\atmega328\libavr_atmega328_002.a(usart0_transmit_buffer_inuse_count.o)
 .debug_frame   0x000001f0       0x20 C:\avrtoolbox\libavr\librarian\atmega328\libavr_atmega328_002.a(ring_add.o)
 .debug_frame   0x00000210       0x20 C:\avrtoolbox\libavr\librarian\atmega328\libavr_atmega328_002.a(ring_init.o)
 .debug_frame   0x00000230       0x20 C:\avrtoolbox\libavr\librarian\atmega328\libavr_atmega328_002.a(ring_clear.o)
 .debug_frame   0x00000250       0x20 C:\avrtoolbox\libavr\librarian\atmega328\libavr_atmega328_002.a(ring_remove.o)
 .debug_frame   0x00000270       0x20 C:\avrtoolbox\libavr\librarian\atmega328\libavr_atmega328_002.a(usart0_buffer_insert.o)
 .debug_frame   0x00000290       0x20 C:\avrtoolbox\libavr\librarian\atmega328\libavr_atmega328_002.a(usart0_buffer_inuse_count.o)
 .debug_frame   0x000002b0       0x20 C:\avrtoolbox\libavr\librarian\atmega328\libavr_atmega328_002.a(usart0_buffer_remove.o)

.debug_str      0x00000000      0x93c
 *(.debug_str)
 .debug_str     0x00000000      0x187 serial_a_tester.o
                                0x1cd (size before relaxing)
 .debug_str     0x00000187       0xae C:\avrtoolbox\libavr\librarian\atmega328\libavr_atmega328_002.a(delay.o)
                                0x12a (size before relaxing)
 .debug_str     0x00000235       0x49 C:\avrtoolbox\libavr\librarian\atmega328\libavr_atmega328_002.a(serial_available.o)
                                0x1fc (size before relaxing)
 .debug_str     0x0000027e      0x117 C:\avrtoolbox\libavr\librarian\atmega328\libavr_atmega328_002.a(serial_begin.o)
                                0x2ca (size before relaxing)
 .debug_str     0x00000395       0x3b C:\avrtoolbox\libavr\librarian\atmega328\libavr_atmega328_002.a(serial_in.o)
                                0x1ee (size before relaxing)
 .debug_str     0x000003d0       0x5e C:\avrtoolbox\libavr\librarian\atmega328\libavr_atmega328_002.a(serial_out.o)
                                0x219 (size before relaxing)
 .debug_str     0x0000042e       0x46 C:\avrtoolbox\libavr\librarian\atmega328\libavr_atmega328_002.a(serial_write.o)
                                0x1f9 (size before relaxing)
 .debug_str     0x00000474      0x148 C:\avrtoolbox\libavr\librarian\atmega328\libavr_atmega328_002.a(usart0.o)
                                0x3dd (size before relaxing)
 .debug_str     0x000005bc       0x66 C:\avrtoolbox\libavr\librarian\atmega328\libavr_atmega328_002.a(usart0_receive_buffer_inuse_count.o)
                                0x219 (size before relaxing)
 .debug_str     0x00000622       0x5c C:\avrtoolbox\libavr\librarian\atmega328\libavr_atmega328_002.a(usart0_receive_buffer_remove.o)
                                0x214 (size before relaxing)
 .debug_str     0x0000067e       0x6b C:\avrtoolbox\libavr\librarian\atmega328\libavr_atmega328_002.a(usart0_transmit_buffer_insert.o)
                                0x21e (size before relaxing)
 .debug_str     0x000006e9       0x68 C:\avrtoolbox\libavr\librarian\atmega328\libavr_atmega328_002.a(usart0_transmit_buffer_inuse_count.o)
                                0x21b (size before relaxing)
 .debug_str     0x00000751       0x3e C:\avrtoolbox\libavr\librarian\atmega328\libavr_atmega328_002.a(ring_add.o)
                                0x176 (size before relaxing)
 .debug_str     0x0000078f       0x3e C:\avrtoolbox\libavr\librarian\atmega328\libavr_atmega328_002.a(ring_init.o)
                                0x177 (size before relaxing)
 .debug_str     0x000007cd       0x38 C:\avrtoolbox\libavr\librarian\atmega328\libavr_atmega328_002.a(ring_clear.o)
                                0x173 (size before relaxing)
 .debug_str     0x00000805       0x44 C:\avrtoolbox\libavr\librarian\atmega328\libavr_atmega328_002.a(ring_remove.o)
                                0x176 (size before relaxing)
 .debug_str     0x00000849       0x51 C:\avrtoolbox\libavr\librarian\atmega328\libavr_atmega328_002.a(usart0_buffer_insert.o)
                                0x216 (size before relaxing)
 .debug_str     0x0000089a       0x56 C:\avrtoolbox\libavr\librarian\atmega328\libavr_atmega328_002.a(usart0_buffer_inuse_count.o)
                                0x21a (size before relaxing)
 .debug_str     0x000008f0       0x4c C:\avrtoolbox\libavr\librarian\atmega328\libavr_atmega328_002.a(usart0_buffer_remove.o)
                                0x210 (size before relaxing)

.debug_loc      0x00000000      0x53f
 *(.debug_loc)
 .debug_loc     0x00000000       0x3f serial_a_tester.o
 .debug_loc     0x0000003f       0x1e C:\avrtoolbox\libavr\librarian\atmega328\libavr_atmega328_002.a(serial_begin.o)
 .debug_loc     0x0000005d       0x6e C:\avrtoolbox\libavr\librarian\atmega328\libavr_atmega328_002.a(serial_write.o)
 .debug_loc     0x000000cb      0x1dd C:\avrtoolbox\libavr\librarian\atmega328\libavr_atmega328_002.a(usart0.o)
 .debug_loc     0x000002a8       0x1e C:\avrtoolbox\libavr\librarian\atmega328\libavr_atmega328_002.a(usart0_transmit_buffer_insert.o)
 .debug_loc     0x000002c6       0x50 C:\avrtoolbox\libavr\librarian\atmega328\libavr_atmega328_002.a(ring_add.o)
 .debug_loc     0x00000316       0xa1 C:\avrtoolbox\libavr\librarian\atmega328\libavr_atmega328_002.a(ring_init.o)
 .debug_loc     0x000003b7       0x66 C:\avrtoolbox\libavr\librarian\atmega328\libavr_atmega328_002.a(ring_clear.o)
 .debug_loc     0x0000041d       0x6e C:\avrtoolbox\libavr\librarian\atmega328\libavr_atmega328_002.a(ring_remove.o)
 .debug_loc     0x0000048b       0x4e C:\avrtoolbox\libavr\librarian\atmega328\libavr_atmega328_002.a(usart0_buffer_insert.o)
 .debug_loc     0x000004d9       0x3b C:\avrtoolbox\libavr\librarian\atmega328\libavr_atmega328_002.a(usart0_buffer_inuse_count.o)
 .debug_loc     0x00000514       0x2b C:\avrtoolbox\libavr\librarian\atmega328\libavr_atmega328_002.a(usart0_buffer_remove.o)

.debug_macinfo
 *(.debug_macinfo)
OUTPUT(serial_a_tester.elf elf32-avr)
LOAD linker stubs
