Archive member included because of file (symbol)

c:/winavr-20100110/bin/../lib/gcc/avr/4.3.3/avr5\libgcc.a(_udivmodsi4.o)
                              usart0.o (__udivmodsi4)
c:/winavr-20100110/bin/../lib/gcc/avr/4.3.3/avr5\libgcc.a(_exit.o)
                              c:/winavr-20100110/bin/../lib/gcc/avr/4.3.3/../../../../avr/lib/avr5/crtm328p.o (exit)
c:/winavr-20100110/bin/../lib/gcc/avr/4.3.3/avr5\libgcc.a(_copy_data.o)
                              serial_tester.o (__do_copy_data)
c:/winavr-20100110/bin/../lib/gcc/avr/4.3.3/avr5\libgcc.a(_clear_bss.o)
                              serial_tester.o (__do_clear_bss)
c:/winavr-20100110/bin/../lib/gcc/avr/4.3.3/../../../../avr/lib/avr5\libc.a(memset.o)
                              ring_clear.o (memset)
c:/winavr-20100110/bin/../lib/gcc/avr/4.3.3/../../../../avr/lib/avr5\libc.a(iob.o)
                              usart0.o (__iob)
c:/winavr-20100110/bin/../lib/gcc/avr/4.3.3/../../../../avr/lib/avr5\libc.a(vprintf.o)
                              serial_out.o (vprintf)
c:/winavr-20100110/bin/../lib/gcc/avr/4.3.3/../../../../avr/lib/avr5\libc.a(vfprintf_std.o)
                              c:/winavr-20100110/bin/../lib/gcc/avr/4.3.3/../../../../avr/lib/avr5\libc.a(vprintf.o) (vfprintf)
c:/winavr-20100110/bin/../lib/gcc/avr/4.3.3/../../../../avr/lib/avr5\libc.a(strnlen_P.o)
                              c:/winavr-20100110/bin/../lib/gcc/avr/4.3.3/../../../../avr/lib/avr5\libc.a(vfprintf_std.o) (strnlen_P)
c:/winavr-20100110/bin/../lib/gcc/avr/4.3.3/../../../../avr/lib/avr5\libc.a(strnlen.o)
                              c:/winavr-20100110/bin/../lib/gcc/avr/4.3.3/../../../../avr/lib/avr5\libc.a(vfprintf_std.o) (strnlen)
c:/winavr-20100110/bin/../lib/gcc/avr/4.3.3/../../../../avr/lib/avr5\libc.a(fputc.o)
                              c:/winavr-20100110/bin/../lib/gcc/avr/4.3.3/../../../../avr/lib/avr5\libc.a(vfprintf_std.o) (fputc)
c:/winavr-20100110/bin/../lib/gcc/avr/4.3.3/../../../../avr/lib/avr5\libc.a(ultoa_invert.o)
                              c:/winavr-20100110/bin/../lib/gcc/avr/4.3.3/../../../../avr/lib/avr5\libc.a(vfprintf_std.o) (__ultoa_invert)
c:/winavr-20100110/bin/../lib/gcc/avr/4.3.3/avr5\libgcc.a(_prologue.o)
                              c:/winavr-20100110/bin/../lib/gcc/avr/4.3.3/../../../../avr/lib/avr5\libc.a(vfprintf_std.o) (__prologue_saves__)
c:/winavr-20100110/bin/../lib/gcc/avr/4.3.3/avr5\libgcc.a(_epilogue.o)
                              c:/winavr-20100110/bin/../lib/gcc/avr/4.3.3/../../../../avr/lib/avr5\libc.a(vfprintf_std.o) (__epilogue_restores__)

Allocating common symbols
Common symbol       size              file

flow                0x3               serial_tester.o
usart0_transmit_buffer
                    0x80              serial_tester.o
usart0_transmit_ring
                    0x8               serial_tester.o
usart0_receive_ring
                    0x8               serial_tester.o
usart0_receive_buffer
                    0x40              serial_tester.o
__iob               0x6               c:/winavr-20100110/bin/../lib/gcc/avr/4.3.3/../../../../avr/lib/avr5\libc.a(iob.o)

Memory Configuration

Name             Origin             Length             Attributes
text             0x00000000         0x00020000         xr
data             0x00800060         0x0000ffa0         rw !x
eeprom           0x00810000         0x00010000         rw !x
fuse             0x00820000         0x00000400         rw !x
lock             0x00830000         0x00000400         rw !x
signature        0x00840000         0x00000400         rw !x
*default*        0x00000000         0xffffffff

Linker script and memory map

Address of section .data set to 0x800100
LOAD c:/winavr-20100110/bin/../lib/gcc/avr/4.3.3/../../../../avr/lib/avr5/crtm328p.o
LOAD serial_tester.o
LOAD serial_available.o
LOAD serial_begin.o
LOAD serial_end.o
LOAD serial_flush.o
LOAD ring_above_highmark.o
LOAD ring_add.o
LOAD ring_below_lowmark.o
LOAD ring_init.o
LOAD ring_peek.o
LOAD ring_remove.o
LOAD usart0.o
LOAD usart0_buffer_clear.o
LOAD usart0_buffer_free_count.o
LOAD usart0_buffer_insert.o
LOAD usart0_buffer_inuse_count.o
LOAD usart0_buffer_peek.o
LOAD usart0_buffer_remove.o
LOAD usart0_receive_buffer_clear.o
LOAD usart0_receive_buffer_free_count.o
LOAD usart0_receive_buffer_insert.o
LOAD usart0_receive_buffer_inuse_count.o
LOAD usart0_receive_buffer_peek.o
LOAD usart0_receive_buffer_remove.o
LOAD usart0_receive_peek.o
LOAD usart0_transmit_buffer_clear.o
LOAD usart0_transmit_buffer_free_count.o
LOAD usart0_transmit_buffer_insert.o
LOAD usart0_transmit_buffer_inuse_count.o
LOAD usart0_transmit_buffer_peek.o
LOAD usart0_transmit_buffer_remove.o
LOAD usart0_uninit.o
LOAD usart0_transmit_peek.o
LOAD delay.o
LOAD ring_clear.o
LOAD serial_in.o
LOAD serial_out.o
LOAD serial_write.o
LOAD c:/winavr-20100110/bin/../lib/gcc/avr/4.3.3/avr5\libgcc.a
LOAD c:/winavr-20100110/bin/../lib/gcc/avr/4.3.3/../../../../avr/lib/avr5\libc.a
LOAD c:/winavr-20100110/bin/../lib/gcc/avr/4.3.3/avr5\libgcc.a

.hash
 *(.hash)

.dynsym
 *(.dynsym)

.dynstr
 *(.dynstr)

.gnu.version
 *(.gnu.version)

.gnu.version_d
 *(.gnu.version_d)

.gnu.version_r
 *(.gnu.version_r)

.rel.init
 *(.rel.init)

.rela.init
 *(.rela.init)

.rel.text
 *(.rel.text)
 *(.rel.text.*)
 *(.rel.gnu.linkonce.t*)

.rela.text
 *(.rela.text)
 *(.rela.text.*)
 *(.rela.gnu.linkonce.t*)

.rel.fini
 *(.rel.fini)

.rela.fini
 *(.rela.fini)

.rel.rodata
 *(.rel.rodata)
 *(.rel.rodata.*)
 *(.rel.gnu.linkonce.r*)

.rela.rodata
 *(.rela.rodata)
 *(.rela.rodata.*)
 *(.rela.gnu.linkonce.r*)

.rel.data
 *(.rel.data)
 *(.rel.data.*)
 *(.rel.gnu.linkonce.d*)

.rela.data
 *(.rela.data)
 *(.rela.data.*)
 *(.rela.gnu.linkonce.d*)

.rel.ctors
 *(.rel.ctors)

.rela.ctors
 *(.rela.ctors)

.rel.dtors
 *(.rel.dtors)

.rela.dtors
 *(.rela.dtors)

.rel.got
 *(.rel.got)

.rela.got
 *(.rela.got)

.rel.bss
 *(.rel.bss)

.rela.bss
 *(.rela.bss)

.rel.plt
 *(.rel.plt)

.rela.plt
 *(.rela.plt)

.text           0x00000000      0xf3a
 *(.vectors)
 .vectors       0x00000000       0x68 c:/winavr-20100110/bin/../lib/gcc/avr/4.3.3/../../../../avr/lib/avr5/crtm328p.o
                0x00000000                __vectors
                0x00000000                __vector_default
 *(.vectors)
 *(.progmem.gcc*)
 *(.progmem*)
                0x00000068                . = ALIGN (0x2)
                0x00000068                __trampolines_start = .
 *(.trampolines)
 .trampolines   0x00000068        0x0 linker stubs
 *(.trampolines*)
                0x00000068                __trampolines_end = .
 *(.jumptables)
 *(.jumptables*)
 *(.lowtext)
 *(.lowtext*)
                0x00000068                __ctors_start = .
 *(.ctors)
                0x00000068                __ctors_end = .
                0x00000068                __dtors_start = .
 *(.dtors)
                0x00000068                __dtors_end = .
 SORT(*)(.ctors)
 SORT(*)(.dtors)
 *(.init0)
 .init0         0x00000068        0x0 c:/winavr-20100110/bin/../lib/gcc/avr/4.3.3/../../../../avr/lib/avr5/crtm328p.o
                0x00000068                __init
 *(.init0)
 *(.init1)
 *(.init1)
 *(.init2)
 .init2         0x00000068        0xc c:/winavr-20100110/bin/../lib/gcc/avr/4.3.3/../../../../avr/lib/avr5/crtm328p.o
 *(.init2)
 *(.init3)
 *(.init3)
 *(.init4)
 .init4         0x00000074       0x16 c:/winavr-20100110/bin/../lib/gcc/avr/4.3.3/avr5\libgcc.a(_copy_data.o)
                0x00000074                __do_copy_data
 .init4         0x0000008a       0x10 c:/winavr-20100110/bin/../lib/gcc/avr/4.3.3/avr5\libgcc.a(_clear_bss.o)
                0x0000008a                __do_clear_bss
 *(.init4)
 *(.init5)
 *(.init5)
 *(.init6)
 *(.init6)
 *(.init7)
 *(.init7)
 *(.init8)
 *(.init8)
 *(.init9)
 .init9         0x0000009a        0x8 c:/winavr-20100110/bin/../lib/gcc/avr/4.3.3/../../../../avr/lib/avr5/crtm328p.o
 *(.init9)
 *(.text)
 .text          0x000000a2        0x4 c:/winavr-20100110/bin/../lib/gcc/avr/4.3.3/../../../../avr/lib/avr5/crtm328p.o
                0x000000a2                __vector_22
                0x000000a2                __vector_1
                0x000000a2                __vector_24
                0x000000a2                __vector_12
                0x000000a2                __bad_interrupt
                0x000000a2                __vector_6
                0x000000a2                __vector_3
                0x000000a2                __vector_23
                0x000000a2                __vector_25
                0x000000a2                __vector_11
                0x000000a2                __vector_13
                0x000000a2                __vector_17
                0x000000a2                __vector_7
                0x000000a2                __vector_5
                0x000000a2                __vector_4
                0x000000a2                __vector_9
                0x000000a2                __vector_2
                0x000000a2                __vector_21
                0x000000a2                __vector_15
                0x000000a2                __vector_8
                0x000000a2                __vector_14
                0x000000a2                __vector_10
                0x000000a2                __vector_16
                0x000000a2                __vector_20
 .text          0x000000a6      0x1be serial_tester.o
                0x000000a6                main
 .text          0x00000264        0x6 serial_available.o
                0x00000264                serial_available
 .text          0x0000026a       0x34 serial_begin.o
                0x0000026a                serial_begin
 .text          0x0000029e        0x6 serial_end.o
                0x0000029e                serial_end
 .text          0x000002a4        0xe serial_flush.o
                0x000002a4                serial_flush
 .text          0x000002b2       0x22 ring_above_highmark.o
                0x000002b2                ring_above_highmark
 .text          0x000002d4       0x5c ring_add.o
                0x000002d4                ring_add
 .text          0x00000330       0x16 ring_below_lowmark.o
                0x00000330                ring_below_lowmark
 .text          0x00000346       0x20 ring_init.o
                0x00000346                ring_init
 .text          0x00000366       0x58 ring_peek.o
                0x00000366                ring_peek
 .text          0x000003be       0x5a ring_remove.o
                0x000003be                ring_remove
 .text          0x00000418      0x336 usart0.o
                0x000004ac                usart0_transmit_check
                0x00000418                adelay
                0x00000536                __vector_19
                0x00000714                usart0_transmit_buffer_fill
                0x000005b0                usart0_init
                0x00000434                usart0_baud_set
                0x00000470                usart0_parity_set
                0x00000720                usart_put_char
                0x000004d6                __vector_18
 .text          0x0000074e       0x10 usart0_buffer_clear.o
                0x0000074e                usart0_buffer_clear
 .text          0x0000075e       0x10 usart0_buffer_free_count.o
                0x0000075e                usart0_buffer_free_count
 .text          0x0000076e       0x10 usart0_buffer_insert.o
                0x0000076e                usart0_buffer_insert
 .text          0x0000077e        0xc usart0_buffer_inuse_count.o
                0x0000077e                usart0_buffer_inuse_count
 .text          0x0000078a       0x10 usart0_buffer_peek.o
                0x0000078a                usart0_buffer_peek
 .text          0x0000079a       0x10 usart0_buffer_remove.o
                0x0000079a                usart0_buffer_remove
 .text          0x000007aa        0xa usart0_receive_buffer_clear.o
                0x000007aa                usart0_receive_buffer_clear
 .text          0x000007b4        0xa usart0_receive_buffer_free_count.o
                0x000007b4                usart0_receive_buffer_free_count
 .text          0x000007be        0xc usart0_receive_buffer_insert.o
                0x000007be                usart0_receive_buffer_insert
 .text          0x000007ca        0xa usart0_receive_buffer_inuse_count.o
                0x000007ca                usart0_receive_buffer_inuse_count
 .text          0x000007d4       0x10 usart0_receive_buffer_peek.o
                0x000007d4                usart0_receive_buffer_peek
 .text          0x000007e4        0xa usart0_receive_buffer_remove.o
                0x000007e4                usart0_receive_buffer_remove
 .text          0x000007ee       0x1e usart0_receive_peek.o
                0x000007ee                usart0_receive_peek
 .text          0x0000080c        0xe usart0_transmit_buffer_clear.o
                0x0000080c                usart0_transmit_buffer_clear
 .text          0x0000081a        0xa usart0_transmit_buffer_free_count.o
                0x0000081a                usart0_transmit_buffer_free_count
 .text          0x00000824       0x1c usart0_transmit_buffer_insert.o
                0x00000824                usart0_transmit_buffer_insert
 .text          0x00000840        0xa usart0_transmit_buffer_inuse_count.o
                0x00000840                usart0_transmit_buffer_inuse_count
 .text          0x0000084a       0x10 usart0_transmit_buffer_peek.o
                0x0000084a                usart0_transmit_buffer_peek
 .text          0x0000085a       0x16 usart0_transmit_buffer_remove.o
                0x0000085a                usart0_transmit_buffer_remove
 .text          0x00000870       0x12 usart0_uninit.o
                0x00000870                usart0_uninit
 .text          0x00000882       0x1e usart0_transmit_peek.o
                0x00000882                usart0_transmit_peek
 .text          0x000008a0       0x1c delay.o
                0x000008a0                delay
 .text          0x000008bc       0x28 ring_clear.o
                0x000008bc                ring_clear
 .text          0x000008e4        0x6 serial_in.o
                0x000008e4                serial_in
 .text          0x000008ea       0x44 serial_out.o
                0x000008ea                serial_out
 .text          0x0000092e       0x3a serial_write.o
                0x0000092e                serial_write
 .text          0x00000968        0x0 c:/winavr-20100110/bin/../lib/gcc/avr/4.3.3/avr5\libgcc.a(_udivmodsi4.o)
 .text          0x00000968        0x0 c:/winavr-20100110/bin/../lib/gcc/avr/4.3.3/avr5\libgcc.a(_exit.o)
 .text          0x00000968        0x0 c:/winavr-20100110/bin/../lib/gcc/avr/4.3.3/avr5\libgcc.a(_copy_data.o)
 .text          0x00000968        0x0 c:/winavr-20100110/bin/../lib/gcc/avr/4.3.3/avr5\libgcc.a(_clear_bss.o)
 .text          0x00000968        0x0 c:/winavr-20100110/bin/../lib/gcc/avr/4.3.3/../../../../avr/lib/avr5\libc.a(memset.o)
 .text          0x00000968        0x0 c:/winavr-20100110/bin/../lib/gcc/avr/4.3.3/../../../../avr/lib/avr5\libc.a(iob.o)
 .text          0x00000968        0x0 c:/winavr-20100110/bin/../lib/gcc/avr/4.3.3/../../../../avr/lib/avr5\libc.a(vprintf.o)
 .text          0x00000968        0x0 c:/winavr-20100110/bin/../lib/gcc/avr/4.3.3/../../../../avr/lib/avr5\libc.a(vfprintf_std.o)
 .text          0x00000968        0x0 c:/winavr-20100110/bin/../lib/gcc/avr/4.3.3/../../../../avr/lib/avr5\libc.a(strnlen_P.o)
 .text          0x00000968        0x0 c:/winavr-20100110/bin/../lib/gcc/avr/4.3.3/../../../../avr/lib/avr5\libc.a(strnlen.o)
 .text          0x00000968        0x0 c:/winavr-20100110/bin/../lib/gcc/avr/4.3.3/../../../../avr/lib/avr5\libc.a(fputc.o)
 .text          0x00000968        0x0 c:/winavr-20100110/bin/../lib/gcc/avr/4.3.3/../../../../avr/lib/avr5\libc.a(ultoa_invert.o)
 .text          0x00000968        0x0 c:/winavr-20100110/bin/../lib/gcc/avr/4.3.3/avr5\libgcc.a(_prologue.o)
 .text          0x00000968        0x0 c:/winavr-20100110/bin/../lib/gcc/avr/4.3.3/avr5\libgcc.a(_epilogue.o)
                0x00000968                . = ALIGN (0x2)
 *(.text.*)
 .text.libgcc   0x00000968       0x44 c:/winavr-20100110/bin/../lib/gcc/avr/4.3.3/avr5\libgcc.a(_udivmodsi4.o)
                0x00000968                __udivmodsi4
 .text.libgcc   0x000009ac        0x0 c:/winavr-20100110/bin/../lib/gcc/avr/4.3.3/avr5\libgcc.a(_exit.o)
 .text.libgcc   0x000009ac        0x0 c:/winavr-20100110/bin/../lib/gcc/avr/4.3.3/avr5\libgcc.a(_copy_data.o)
 .text.libgcc   0x000009ac        0x0 c:/winavr-20100110/bin/../lib/gcc/avr/4.3.3/avr5\libgcc.a(_clear_bss.o)
 .text.avr-libc
                0x000009ac        0xe c:/winavr-20100110/bin/../lib/gcc/avr/4.3.3/../../../../avr/lib/avr5\libc.a(memset.o)
                0x000009ac                memset
 .text.avr-libc
                0x000009ba       0x14 c:/winavr-20100110/bin/../lib/gcc/avr/4.3.3/../../../../avr/lib/avr5\libc.a(vprintf.o)
                0x000009ba                vprintf
 .text.avr-libc
                0x000009ce      0x3ba c:/winavr-20100110/bin/../lib/gcc/avr/4.3.3/../../../../avr/lib/avr5\libc.a(vfprintf_std.o)
                0x000009ce                vfprintf
 .text.avr-libc
                0x00000d88       0x16 c:/winavr-20100110/bin/../lib/gcc/avr/4.3.3/../../../../avr/lib/avr5\libc.a(strnlen_P.o)
                0x00000d88                strnlen_P
 .text.avr-libc
                0x00000d9e       0x16 c:/winavr-20100110/bin/../lib/gcc/avr/4.3.3/../../../../avr/lib/avr5\libc.a(strnlen.o)
                0x00000d9e                strnlen
 .text.avr-libc
                0x00000db4       0x58 c:/winavr-20100110/bin/../lib/gcc/avr/4.3.3/../../../../avr/lib/avr5\libc.a(fputc.o)
                0x00000db4                fputc
 .text.avr-libc
                0x00000e0c       0xbc c:/winavr-20100110/bin/../lib/gcc/avr/4.3.3/../../../../avr/lib/avr5\libc.a(ultoa_invert.o)
                0x00000e0c                __ultoa_invert
 .text.libgcc   0x00000ec8       0x38 c:/winavr-20100110/bin/../lib/gcc/avr/4.3.3/avr5\libgcc.a(_prologue.o)
                0x00000ec8                __prologue_saves__
 .text.libgcc   0x00000f00       0x36 c:/winavr-20100110/bin/../lib/gcc/avr/4.3.3/avr5\libgcc.a(_epilogue.o)
                0x00000f00                __epilogue_restores__
                0x00000f36                . = ALIGN (0x2)
 *(.fini9)
 .fini9         0x00000f36        0x0 c:/winavr-20100110/bin/../lib/gcc/avr/4.3.3/avr5\libgcc.a(_exit.o)
                0x00000f36                exit
                0x00000f36                _exit
 *(.fini9)
 *(.fini8)
 *(.fini8)
 *(.fini7)
 *(.fini7)
 *(.fini6)
 *(.fini6)
 *(.fini5)
 *(.fini5)
 *(.fini4)
 *(.fini4)
 *(.fini3)
 *(.fini3)
 *(.fini2)
 *(.fini2)
 *(.fini1)
 *(.fini1)
 *(.fini0)
 .fini0         0x00000f36        0x4 c:/winavr-20100110/bin/../lib/gcc/avr/4.3.3/avr5\libgcc.a(_exit.o)
 *(.fini0)
                0x00000f3a                _etext = .

.data           0x00800100      0x254 load address 0x00000f3a
                0x00800100                PROVIDE (__data_start, .)
 *(.data)
 .data          0x00800100        0x0 c:/winavr-20100110/bin/../lib/gcc/avr/4.3.3/../../../../avr/lib/avr5/crtm328p.o
 .data          0x00800100      0x246 serial_tester.o
 .data          0x00800346        0x0 serial_available.o
 .data          0x00800346        0x0 serial_begin.o
 .data          0x00800346        0x0 serial_end.o
 .data          0x00800346        0x0 serial_flush.o
 .data          0x00800346        0x0 ring_above_highmark.o
 .data          0x00800346        0x0 ring_add.o
 .data          0x00800346        0x0 ring_below_lowmark.o
 .data          0x00800346        0x0 ring_init.o
 .data          0x00800346        0x0 ring_peek.o
 .data          0x00800346        0x0 ring_remove.o
 .data          0x00800346        0xe usart0.o
                0x00800346                mystdout
 .data          0x00800354        0x0 usart0_buffer_clear.o
 .data          0x00800354        0x0 usart0_buffer_free_count.o
 .data          0x00800354        0x0 usart0_buffer_insert.o
 .data          0x00800354        0x0 usart0_buffer_inuse_count.o
 .data          0x00800354        0x0 usart0_buffer_peek.o
 .data          0x00800354        0x0 usart0_buffer_remove.o
 .data          0x00800354        0x0 usart0_receive_buffer_clear.o
 .data          0x00800354        0x0 usart0_receive_buffer_free_count.o
 .data          0x00800354        0x0 usart0_receive_buffer_insert.o
 .data          0x00800354        0x0 usart0_receive_buffer_inuse_count.o
 .data          0x00800354        0x0 usart0_receive_buffer_peek.o
 .data          0x00800354        0x0 usart0_receive_buffer_remove.o
 .data          0x00800354        0x0 usart0_receive_peek.o
 .data          0x00800354        0x0 usart0_transmit_buffer_clear.o
 .data          0x00800354        0x0 usart0_transmit_buffer_free_count.o
 .data          0x00800354        0x0 usart0_transmit_buffer_insert.o
 .data          0x00800354        0x0 usart0_transmit_buffer_inuse_count.o
 .data          0x00800354        0x0 usart0_transmit_buffer_peek.o
 .data          0x00800354        0x0 usart0_transmit_buffer_remove.o
 .data          0x00800354        0x0 usart0_uninit.o
 .data          0x00800354        0x0 usart0_transmit_peek.o
 .data          0x00800354        0x0 delay.o
 .data          0x00800354        0x0 ring_clear.o
 .data          0x00800354        0x0 serial_in.o
 .data          0x00800354        0x0 serial_out.o
 .data          0x00800354        0x0 serial_write.o
 .data          0x00800354        0x0 c:/winavr-20100110/bin/../lib/gcc/avr/4.3.3/avr5\libgcc.a(_udivmodsi4.o)
 .data          0x00800354        0x0 c:/winavr-20100110/bin/../lib/gcc/avr/4.3.3/avr5\libgcc.a(_exit.o)
 .data          0x00800354        0x0 c:/winavr-20100110/bin/../lib/gcc/avr/4.3.3/avr5\libgcc.a(_copy_data.o)
 .data          0x00800354        0x0 c:/winavr-20100110/bin/../lib/gcc/avr/4.3.3/avr5\libgcc.a(_clear_bss.o)
 .data          0x00800354        0x0 c:/winavr-20100110/bin/../lib/gcc/avr/4.3.3/../../../../avr/lib/avr5\libc.a(memset.o)
 .data          0x00800354        0x0 c:/winavr-20100110/bin/../lib/gcc/avr/4.3.3/../../../../avr/lib/avr5\libc.a(iob.o)
 .data          0x00800354        0x0 c:/winavr-20100110/bin/../lib/gcc/avr/4.3.3/../../../../avr/lib/avr5\libc.a(vprintf.o)
 .data          0x00800354        0x0 c:/winavr-20100110/bin/../lib/gcc/avr/4.3.3/../../../../avr/lib/avr5\libc.a(vfprintf_std.o)
 .data          0x00800354        0x0 c:/winavr-20100110/bin/../lib/gcc/avr/4.3.3/../../../../avr/lib/avr5\libc.a(strnlen_P.o)
 .data          0x00800354        0x0 c:/winavr-20100110/bin/../lib/gcc/avr/4.3.3/../../../../avr/lib/avr5\libc.a(strnlen.o)
 .data          0x00800354        0x0 c:/winavr-20100110/bin/../lib/gcc/avr/4.3.3/../../../../avr/lib/avr5\libc.a(fputc.o)
 .data          0x00800354        0x0 c:/winavr-20100110/bin/../lib/gcc/avr/4.3.3/../../../../avr/lib/avr5\libc.a(ultoa_invert.o)
 .data          0x00800354        0x0 c:/winavr-20100110/bin/../lib/gcc/avr/4.3.3/avr5\libgcc.a(_prologue.o)
 .data          0x00800354        0x0 c:/winavr-20100110/bin/../lib/gcc/avr/4.3.3/avr5\libgcc.a(_epilogue.o)
 *(.data*)
 *(.rodata)
 *(.rodata*)
 *(.gnu.linkonce.d*)
                0x00800354                . = ALIGN (0x2)
                0x00800354                _edata = .
                0x00800354                PROVIDE (__data_end, .)

.bss            0x00800354       0xd9
                0x00800354                PROVIDE (__bss_start, .)
 *(.bss)
 .bss           0x00800354        0x0 c:/winavr-20100110/bin/../lib/gcc/avr/4.3.3/../../../../avr/lib/avr5/crtm328p.o
 .bss           0x00800354        0x0 serial_tester.o
 .bss           0x00800354        0x0 serial_available.o
 .bss           0x00800354        0x0 serial_begin.o
 .bss           0x00800354        0x0 serial_end.o
 .bss           0x00800354        0x0 serial_flush.o
 .bss           0x00800354        0x0 ring_above_highmark.o
 .bss           0x00800354        0x0 ring_add.o
 .bss           0x00800354        0x0 ring_below_lowmark.o
 .bss           0x00800354        0x0 ring_init.o
 .bss           0x00800354        0x0 ring_peek.o
 .bss           0x00800354        0x0 ring_remove.o
 .bss           0x00800354        0x0 usart0.o
 .bss           0x00800354        0x0 usart0_buffer_clear.o
 .bss           0x00800354        0x0 usart0_buffer_free_count.o
 .bss           0x00800354        0x0 usart0_buffer_insert.o
 .bss           0x00800354        0x0 usart0_buffer_inuse_count.o
 .bss           0x00800354        0x0 usart0_buffer_peek.o
 .bss           0x00800354        0x0 usart0_buffer_remove.o
 .bss           0x00800354        0x0 usart0_receive_buffer_clear.o
 .bss           0x00800354        0x0 usart0_receive_buffer_free_count.o
 .bss           0x00800354        0x0 usart0_receive_buffer_insert.o
 .bss           0x00800354        0x0 usart0_receive_buffer_inuse_count.o
 .bss           0x00800354        0x0 usart0_receive_buffer_peek.o
 .bss           0x00800354        0x0 usart0_receive_buffer_remove.o
 .bss           0x00800354        0x0 usart0_receive_peek.o
 .bss           0x00800354        0x0 usart0_transmit_buffer_clear.o
 .bss           0x00800354        0x0 usart0_transmit_buffer_free_count.o
 .bss           0x00800354        0x0 usart0_transmit_buffer_insert.o
 .bss           0x00800354        0x0 usart0_transmit_buffer_inuse_count.o
 .bss           0x00800354        0x0 usart0_transmit_buffer_peek.o
 .bss           0x00800354        0x0 usart0_transmit_buffer_remove.o
 .bss           0x00800354        0x0 usart0_uninit.o
 .bss           0x00800354        0x0 usart0_transmit_peek.o
 .bss           0x00800354        0x0 delay.o
 .bss           0x00800354        0x0 ring_clear.o
 .bss           0x00800354        0x0 serial_in.o
 .bss           0x00800354        0x0 serial_out.o
 .bss           0x00800354        0x0 serial_write.o
 .bss           0x00800354        0x0 c:/winavr-20100110/bin/../lib/gcc/avr/4.3.3/avr5\libgcc.a(_udivmodsi4.o)
 .bss           0x00800354        0x0 c:/winavr-20100110/bin/../lib/gcc/avr/4.3.3/avr5\libgcc.a(_exit.o)
 .bss           0x00800354        0x0 c:/winavr-20100110/bin/../lib/gcc/avr/4.3.3/avr5\libgcc.a(_copy_data.o)
 .bss           0x00800354        0x0 c:/winavr-20100110/bin/../lib/gcc/avr/4.3.3/avr5\libgcc.a(_clear_bss.o)
 .bss           0x00800354        0x0 c:/winavr-20100110/bin/../lib/gcc/avr/4.3.3/../../../../avr/lib/avr5\libc.a(memset.o)
 .bss           0x00800354        0x0 c:/winavr-20100110/bin/../lib/gcc/avr/4.3.3/../../../../avr/lib/avr5\libc.a(iob.o)
 .bss           0x00800354        0x0 c:/winavr-20100110/bin/../lib/gcc/avr/4.3.3/../../../../avr/lib/avr5\libc.a(vprintf.o)
 .bss           0x00800354        0x0 c:/winavr-20100110/bin/../lib/gcc/avr/4.3.3/../../../../avr/lib/avr5\libc.a(vfprintf_std.o)
 .bss           0x00800354        0x0 c:/winavr-20100110/bin/../lib/gcc/avr/4.3.3/../../../../avr/lib/avr5\libc.a(strnlen_P.o)
 .bss           0x00800354        0x0 c:/winavr-20100110/bin/../lib/gcc/avr/4.3.3/../../../../avr/lib/avr5\libc.a(strnlen.o)
 .bss           0x00800354        0x0 c:/winavr-20100110/bin/../lib/gcc/avr/4.3.3/../../../../avr/lib/avr5\libc.a(fputc.o)
 .bss           0x00800354        0x0 c:/winavr-20100110/bin/../lib/gcc/avr/4.3.3/../../../../avr/lib/avr5\libc.a(ultoa_invert.o)
 .bss           0x00800354        0x0 c:/winavr-20100110/bin/../lib/gcc/avr/4.3.3/avr5\libgcc.a(_prologue.o)
 .bss           0x00800354        0x0 c:/winavr-20100110/bin/../lib/gcc/avr/4.3.3/avr5\libgcc.a(_epilogue.o)
 *(.bss*)
 *(COMMON)
 COMMON         0x00800354       0xd3 serial_tester.o
                0x00800354                flow
                0x00800357                usart0_transmit_buffer
                0x008003d7                usart0_transmit_ring
                0x008003df                usart0_receive_ring
                0x008003e7                usart0_receive_buffer
 COMMON         0x00800427        0x6 c:/winavr-20100110/bin/../lib/gcc/avr/4.3.3/../../../../avr/lib/avr5\libc.a(iob.o)
                0x00800427                __iob
                0x0080042d                PROVIDE (__bss_end, .)
                0x00000f3a                __data_load_start = LOADADDR (.data)
                0x0000118e                __data_load_end = (__data_load_start + SIZEOF (.data))

.noinit         0x0080042d        0x0
                0x0080042d                PROVIDE (__noinit_start, .)
 *(.noinit*)
                0x0080042d                PROVIDE (__noinit_end, .)
                0x0080042d                _end = .
                0x0080042d                PROVIDE (__heap_start, .)

.eeprom         0x00810000        0x0
 *(.eeprom*)
                0x00810000                __eeprom_end = .

.fuse
 *(.fuse)
 *(.lfuse)
 *(.hfuse)
 *(.efuse)

.lock
 *(.lock*)

.signature
 *(.signature*)

.stab
 *(.stab)

.stabstr
 *(.stabstr)

.stab.excl
 *(.stab.excl)

.stab.exclstr
 *(.stab.exclstr)

.stab.index
 *(.stab.index)

.stab.indexstr
 *(.stab.indexstr)

.comment
 *(.comment)

.debug
 *(.debug)

.line
 *(.line)

.debug_srcinfo
 *(.debug_srcinfo)

.debug_sfnames
 *(.debug_sfnames)

.debug_aranges  0x00000000      0x4c0
 *(.debug_aranges)
 .debug_aranges
                0x00000000       0x20 serial_tester.o
 .debug_aranges
                0x00000020       0x20 serial_available.o
 .debug_aranges
                0x00000040       0x20 serial_begin.o
 .debug_aranges
                0x00000060       0x20 serial_end.o
 .debug_aranges
                0x00000080       0x20 serial_flush.o
 .debug_aranges
                0x000000a0       0x20 ring_above_highmark.o
 .debug_aranges
                0x000000c0       0x20 ring_add.o
 .debug_aranges
                0x000000e0       0x20 ring_below_lowmark.o
 .debug_aranges
                0x00000100       0x20 ring_init.o
 .debug_aranges
                0x00000120       0x20 ring_peek.o
 .debug_aranges
                0x00000140       0x20 ring_remove.o
 .debug_aranges
                0x00000160       0x20 usart0.o
 .debug_aranges
                0x00000180       0x20 usart0_buffer_clear.o
 .debug_aranges
                0x000001a0       0x20 usart0_buffer_free_count.o
 .debug_aranges
                0x000001c0       0x20 usart0_buffer_insert.o
 .debug_aranges
                0x000001e0       0x20 usart0_buffer_inuse_count.o
 .debug_aranges
                0x00000200       0x20 usart0_buffer_peek.o
 .debug_aranges
                0x00000220       0x20 usart0_buffer_remove.o
 .debug_aranges
                0x00000240       0x20 usart0_receive_buffer_clear.o
 .debug_aranges
                0x00000260       0x20 usart0_receive_buffer_free_count.o
 .debug_aranges
                0x00000280       0x20 usart0_receive_buffer_insert.o
 .debug_aranges
                0x000002a0       0x20 usart0_receive_buffer_inuse_count.o
 .debug_aranges
                0x000002c0       0x20 usart0_receive_buffer_peek.o
 .debug_aranges
                0x000002e0       0x20 usart0_receive_buffer_remove.o
 .debug_aranges
                0x00000300       0x20 usart0_receive_peek.o
 .debug_aranges
                0x00000320       0x20 usart0_transmit_buffer_clear.o
 .debug_aranges
                0x00000340       0x20 usart0_transmit_buffer_free_count.o
 .debug_aranges
                0x00000360       0x20 usart0_transmit_buffer_insert.o
 .debug_aranges
                0x00000380       0x20 usart0_transmit_buffer_inuse_count.o
 .debug_aranges
                0x000003a0       0x20 usart0_transmit_buffer_peek.o
 .debug_aranges
                0x000003c0       0x20 usart0_transmit_buffer_remove.o
 .debug_aranges
                0x000003e0       0x20 usart0_uninit.o
 .debug_aranges
                0x00000400       0x20 usart0_transmit_peek.o
 .debug_aranges
                0x00000420       0x20 delay.o
 .debug_aranges
                0x00000440       0x20 ring_clear.o
 .debug_aranges
                0x00000460       0x20 serial_in.o
 .debug_aranges
                0x00000480       0x20 serial_out.o
 .debug_aranges
                0x000004a0       0x20 serial_write.o

.debug_pubnames
                0x00000000     0x13e8
 *(.debug_pubnames)
 .debug_pubnames
                0x00000000       0x8a serial_tester.o
 .debug_pubnames
                0x0000008a       0x96 serial_available.o
 .debug_pubnames
                0x00000120       0x92 serial_begin.o
 .debug_pubnames
                0x000001b2       0x90 serial_end.o
 .debug_pubnames
                0x00000242       0x92 serial_flush.o
 .debug_pubnames
                0x000002d4       0x2a ring_above_highmark.o
 .debug_pubnames
                0x000002fe       0x1f ring_add.o
 .debug_pubnames
                0x0000031d       0x29 ring_below_lowmark.o
 .debug_pubnames
                0x00000346       0x20 ring_init.o
 .debug_pubnames
                0x00000366       0x20 ring_peek.o
 .debug_pubnames
                0x00000386       0x22 ring_remove.o
 .debug_pubnames
                0x000003a8      0x140 usart0.o
 .debug_pubnames
                0x000004e8       0x99 usart0_buffer_clear.o
 .debug_pubnames
                0x00000581       0x9e usart0_buffer_free_count.o
 .debug_pubnames
                0x0000061f       0x9a usart0_buffer_insert.o
 .debug_pubnames
                0x000006b9       0x9f usart0_buffer_inuse_count.o
 .debug_pubnames
                0x00000758       0x98 usart0_buffer_peek.o
 .debug_pubnames
                0x000007f0       0x9a usart0_buffer_remove.o
 .debug_pubnames
                0x0000088a       0xa1 usart0_receive_buffer_clear.o
 .debug_pubnames
                0x0000092b       0xa6 usart0_receive_buffer_free_count.o
 .debug_pubnames
                0x000009d1       0xa2 usart0_receive_buffer_insert.o
 .debug_pubnames
                0x00000a73       0xa7 usart0_receive_buffer_inuse_count.o
 .debug_pubnames
                0x00000b1a       0xa0 usart0_receive_buffer_peek.o
 .debug_pubnames
                0x00000bba       0xa2 usart0_receive_buffer_remove.o
 .debug_pubnames
                0x00000c5c       0x99 usart0_receive_peek.o
 .debug_pubnames
                0x00000cf5       0xa2 usart0_transmit_buffer_clear.o
 .debug_pubnames
                0x00000d97       0xa7 usart0_transmit_buffer_free_count.o
 .debug_pubnames
                0x00000e3e       0xa3 usart0_transmit_buffer_insert.o
 .debug_pubnames
                0x00000ee1       0xa8 usart0_transmit_buffer_inuse_count.o
 .debug_pubnames
                0x00000f89       0xa1 usart0_transmit_buffer_peek.o
 .debug_pubnames
                0x0000102a       0xa3 usart0_transmit_buffer_remove.o
 .debug_pubnames
                0x000010cd       0x93 usart0_uninit.o
 .debug_pubnames
                0x00001160       0x9a usart0_transmit_peek.o
 .debug_pubnames
                0x000011fa       0x1c delay.o
 .debug_pubnames
                0x00001216       0x21 ring_clear.o
 .debug_pubnames
                0x00001237       0x8f serial_in.o
 .debug_pubnames
                0x000012c6       0x90 serial_out.o
 .debug_pubnames
                0x00001356       0x92 serial_write.o

.debug_info     0x00000000     0x4ea9
 *(.debug_info)
 .debug_info    0x00000000      0x287 serial_tester.o
 .debug_info    0x00000287      0x203 serial_available.o
 .debug_info    0x0000048a      0x29b serial_begin.o
 .debug_info    0x00000725      0x1ff serial_end.o
 .debug_info    0x00000924      0x1ff serial_flush.o
 .debug_info    0x00000b23      0x137 ring_above_highmark.o
 .debug_info    0x00000c5a      0x153 ring_add.o
 .debug_info    0x00000dad      0x137 ring_below_lowmark.o
 .debug_info    0x00000ee4      0x16f ring_init.o
 .debug_info    0x00001053      0x16a ring_peek.o
 .debug_info    0x000011bd      0x158 ring_remove.o
 .debug_info    0x00001315      0x639 usart0.o
 .debug_info    0x0000194e      0x228 usart0_buffer_clear.o
 .debug_info    0x00001b76      0x237 usart0_buffer_free_count.o
 .debug_info    0x00001dad      0x24b usart0_buffer_insert.o
 .debug_info    0x00001ff8      0x237 usart0_buffer_inuse_count.o
 .debug_info    0x0000222f      0x255 usart0_buffer_peek.o
 .debug_info    0x00002484      0x237 usart0_buffer_remove.o
 .debug_info    0x000026bb      0x1ff usart0_receive_buffer_clear.o
 .debug_info    0x000028ba      0x203 usart0_receive_buffer_free_count.o
 .debug_info    0x00002abd      0x21c usart0_receive_buffer_insert.o
 .debug_info    0x00002cd9      0x203 usart0_receive_buffer_inuse_count.o
 .debug_info    0x00002edc      0x226 usart0_receive_buffer_peek.o
 .debug_info    0x00003102      0x213 usart0_receive_buffer_remove.o
 .debug_info    0x00003315      0x216 usart0_receive_peek.o
 .debug_info    0x0000352b      0x1ff usart0_transmit_buffer_clear.o
 .debug_info    0x0000372a      0x203 usart0_transmit_buffer_free_count.o
 .debug_info    0x0000392d      0x22b usart0_transmit_buffer_insert.o
 .debug_info    0x00003b58      0x203 usart0_transmit_buffer_inuse_count.o
 .debug_info    0x00003d5b      0x226 usart0_transmit_buffer_peek.o
 .debug_info    0x00003f81      0x217 usart0_transmit_buffer_remove.o
 .debug_info    0x00004198      0x1ff usart0_uninit.o
 .debug_info    0x00004397      0x216 usart0_transmit_peek.o
 .debug_info    0x000045ad      0x130 delay.o
 .debug_info    0x000046dd      0x146 ring_clear.o
 .debug_info    0x00004823      0x203 serial_in.o
 .debug_info    0x00004a26      0x24a serial_out.o
 .debug_info    0x00004c70      0x239 serial_write.o
 *(.gnu.linkonce.wi.*)

.debug_abbrev   0x00000000     0x1e11
 *(.debug_abbrev)
 .debug_abbrev  0x00000000      0x107 serial_tester.o
 .debug_abbrev  0x00000107       0xb5 serial_available.o
 .debug_abbrev  0x000001bc       0xd1 serial_begin.o
 .debug_abbrev  0x0000028d       0xb3 serial_end.o
 .debug_abbrev  0x00000340       0xb3 serial_flush.o
 .debug_abbrev  0x000003f3       0x84 ring_above_highmark.o
 .debug_abbrev  0x00000477       0xa2 ring_add.o
 .debug_abbrev  0x00000519       0x84 ring_below_lowmark.o
 .debug_abbrev  0x0000059d       0xaf ring_init.o
 .debug_abbrev  0x0000064c       0xa2 ring_peek.o
 .debug_abbrev  0x000006ee       0x9c ring_remove.o
 .debug_abbrev  0x0000078a      0x21d usart0.o
 .debug_abbrev  0x000009a7       0xd3 usart0_buffer_clear.o
 .debug_abbrev  0x00000a7a       0xe2 usart0_buffer_free_count.o
 .debug_abbrev  0x00000b5c       0xf1 usart0_buffer_insert.o
 .debug_abbrev  0x00000c4d       0xe2 usart0_buffer_inuse_count.o
 .debug_abbrev  0x00000d2f       0xf1 usart0_buffer_peek.o
 .debug_abbrev  0x00000e20       0xe2 usart0_buffer_remove.o
 .debug_abbrev  0x00000f02       0xb3 usart0_receive_buffer_clear.o
 .debug_abbrev  0x00000fb5       0xb5 usart0_receive_buffer_free_count.o
 .debug_abbrev  0x0000106a       0xc6 usart0_receive_buffer_insert.o
 .debug_abbrev  0x00001130       0xb5 usart0_receive_buffer_inuse_count.o
 .debug_abbrev  0x000011e5       0xd5 usart0_receive_buffer_peek.o
 .debug_abbrev  0x000012ba       0xc4 usart0_receive_buffer_remove.o
 .debug_abbrev  0x0000137e       0xc6 usart0_receive_peek.o
 .debug_abbrev  0x00001444       0xb3 usart0_transmit_buffer_clear.o
 .debug_abbrev  0x000014f7       0xb5 usart0_transmit_buffer_free_count.o
 .debug_abbrev  0x000015ac       0xd5 usart0_transmit_buffer_insert.o
 .debug_abbrev  0x00001681       0xb5 usart0_transmit_buffer_inuse_count.o
 .debug_abbrev  0x00001736       0xd5 usart0_transmit_buffer_peek.o
 .debug_abbrev  0x0000180b       0xc6 usart0_transmit_buffer_remove.o
 .debug_abbrev  0x000018d1       0xb3 usart0_uninit.o
 .debug_abbrev  0x00001984       0xc6 usart0_transmit_peek.o
 .debug_abbrev  0x00001a4a       0xbb delay.o
 .debug_abbrev  0x00001b05       0x93 ring_clear.o
 .debug_abbrev  0x00001b98       0xb5 serial_in.o
 .debug_abbrev  0x00001c4d       0xe8 serial_out.o
 .debug_abbrev  0x00001d35       0xdc serial_write.o

.debug_line     0x00000000     0x2f26
 *(.debug_line)
 .debug_line    0x00000000      0x1eb serial_tester.o
 .debug_line    0x000001eb      0x168 serial_available.o
 .debug_line    0x00000353      0x174 serial_begin.o
 .debug_line    0x000004c7      0x162 serial_end.o
 .debug_line    0x00000629      0x17c serial_flush.o
 .debug_line    0x000007a5       0xd2 ring_above_highmark.o
 .debug_line    0x00000877       0xf7 ring_add.o
 .debug_line    0x0000096e       0xd1 ring_below_lowmark.o
 .debug_line    0x00000a3f       0xe0 ring_init.o
 .debug_line    0x00000b1f       0xf8 ring_peek.o
 .debug_line    0x00000c17       0xf2 ring_remove.o
 .debug_line    0x00000d09      0x3a3 usart0.o
 .debug_line    0x000010ac      0x12a usart0_buffer_clear.o
 .debug_line    0x000011d6      0x127 usart0_buffer_free_count.o
 .debug_line    0x000012fd      0x12b usart0_buffer_insert.o
 .debug_line    0x00001428      0x128 usart0_buffer_inuse_count.o
 .debug_line    0x00001550      0x129 usart0_buffer_peek.o
 .debug_line    0x00001679      0x12b usart0_buffer_remove.o
 .debug_line    0x000017a4      0x11a usart0_receive_buffer_clear.o
 .debug_line    0x000018be      0x11f usart0_receive_buffer_free_count.o
 .debug_line    0x000019dd      0x11b usart0_receive_buffer_insert.o
 .debug_line    0x00001af8      0x120 usart0_receive_buffer_inuse_count.o
 .debug_line    0x00001c18      0x119 usart0_receive_buffer_peek.o
 .debug_line    0x00001d31      0x11b usart0_receive_buffer_remove.o
 .debug_line    0x00001e4c      0x112 usart0_receive_peek.o
 .debug_line    0x00001f5e      0x123 usart0_transmit_buffer_clear.o
 .debug_line    0x00002081      0x120 usart0_transmit_buffer_free_count.o
 .debug_line    0x000021a1      0x124 usart0_transmit_buffer_insert.o
 .debug_line    0x000022c5      0x121 usart0_transmit_buffer_inuse_count.o
 .debug_line    0x000023e6      0x11a usart0_transmit_buffer_peek.o
 .debug_line    0x00002500      0x124 usart0_transmit_buffer_remove.o
 .debug_line    0x00002624      0x11c usart0_uninit.o
 .debug_line    0x00002740      0x113 usart0_transmit_peek.o
 .debug_line    0x00002853      0x15b delay.o
 .debug_line    0x000029ae       0xe9 ring_clear.o
 .debug_line    0x00002a97      0x161 serial_in.o
 .debug_line    0x00002bf8      0x1b2 serial_out.o
 .debug_line    0x00002daa      0x17c serial_write.o

.debug_frame    0x00000000      0x540
 *(.debug_frame)
 .debug_frame   0x00000000       0x20 serial_tester.o
 .debug_frame   0x00000020       0x20 serial_available.o
 .debug_frame   0x00000040       0x20 serial_begin.o
 .debug_frame   0x00000060       0x20 serial_end.o
 .debug_frame   0x00000080       0x20 serial_flush.o
 .debug_frame   0x000000a0       0x20 ring_above_highmark.o
 .debug_frame   0x000000c0       0x20 ring_add.o
 .debug_frame   0x000000e0       0x20 ring_below_lowmark.o
 .debug_frame   0x00000100       0x20 ring_init.o
 .debug_frame   0x00000120       0x20 ring_peek.o
 .debug_frame   0x00000140       0x20 ring_remove.o
 .debug_frame   0x00000160       0xa0 usart0.o
 .debug_frame   0x00000200       0x20 usart0_buffer_clear.o
 .debug_frame   0x00000220       0x20 usart0_buffer_free_count.o
 .debug_frame   0x00000240       0x20 usart0_buffer_insert.o
 .debug_frame   0x00000260       0x20 usart0_buffer_inuse_count.o
 .debug_frame   0x00000280       0x20 usart0_buffer_peek.o
 .debug_frame   0x000002a0       0x20 usart0_buffer_remove.o
 .debug_frame   0x000002c0       0x20 usart0_receive_buffer_clear.o
 .debug_frame   0x000002e0       0x20 usart0_receive_buffer_free_count.o
 .debug_frame   0x00000300       0x20 usart0_receive_buffer_insert.o
 .debug_frame   0x00000320       0x20 usart0_receive_buffer_inuse_count.o
 .debug_frame   0x00000340       0x20 usart0_receive_buffer_peek.o
 .debug_frame   0x00000360       0x20 usart0_receive_buffer_remove.o
 .debug_frame   0x00000380       0x20 usart0_receive_peek.o
 .debug_frame   0x000003a0       0x20 usart0_transmit_buffer_clear.o
 .debug_frame   0x000003c0       0x20 usart0_transmit_buffer_free_count.o
 .debug_frame   0x000003e0       0x20 usart0_transmit_buffer_insert.o
 .debug_frame   0x00000400       0x20 usart0_transmit_buffer_inuse_count.o
 .debug_frame   0x00000420       0x20 usart0_transmit_buffer_peek.o
 .debug_frame   0x00000440       0x20 usart0_transmit_buffer_remove.o
 .debug_frame   0x00000460       0x20 usart0_uninit.o
 .debug_frame   0x00000480       0x20 usart0_transmit_peek.o
 .debug_frame   0x000004a0       0x20 delay.o
 .debug_frame   0x000004c0       0x20 ring_clear.o
 .debug_frame   0x000004e0       0x20 serial_in.o
 .debug_frame   0x00000500       0x20 serial_out.o
 .debug_frame   0x00000520       0x20 serial_write.o

.debug_str      0x00000000      0xf0e
 *(.debug_str)
 .debug_str     0x00000000      0x1d1 serial_tester.o
                                0x217 (size before relaxing)
 .debug_str     0x000001d1       0x49 serial_available.o
                                0x230 (size before relaxing)
 .debug_str     0x0000021a       0xdb serial_begin.o
                                0x2c2 (size before relaxing)
 .debug_str     0x000002f5       0x3d serial_end.o
                                0x224 (size before relaxing)
 .debug_str     0x00000332       0x41 serial_flush.o
                                0x228 (size before relaxing)
 .debug_str     0x00000373       0x50 ring_above_highmark.o
                                0x17d (size before relaxing)
 .debug_str     0x000003c3       0x3e ring_add.o
                                0x176 (size before relaxing)
 .debug_str     0x00000401       0x48 ring_below_lowmark.o
                                0x17b (size before relaxing)
 .debug_str     0x00000449       0x3e ring_init.o
                                0x177 (size before relaxing)
 .debug_str     0x00000487       0x3c ring_peek.o
                                0x16f (size before relaxing)
 .debug_str     0x000004c3       0x44 ring_remove.o
                                0x176 (size before relaxing)
 .debug_str     0x00000507      0x1ac usart0.o
                                0x438 (size before relaxing)
 .debug_str     0x000006b3       0x4a usart0_buffer_clear.o
                                0x23b (size before relaxing)
 .debug_str     0x000006fd       0x54 usart0_buffer_free_count.o
                                0x24c (size before relaxing)
 .debug_str     0x00000751       0x4c usart0_buffer_insert.o
                                0x24a (size before relaxing)
 .debug_str     0x0000079d       0x56 usart0_buffer_inuse_count.o
                                0x24e (size before relaxing)
 .debug_str     0x000007f3       0x48 usart0_buffer_peek.o
                                0x240 (size before relaxing)
 .debug_str     0x0000083b       0x4c usart0_buffer_remove.o
                                0x244 (size before relaxing)
 .debug_str     0x00000887       0x5a usart0_receive_buffer_clear.o
                                0x241 (size before relaxing)
 .debug_str     0x000008e1       0x64 usart0_receive_buffer_free_count.o
                                0x24b (size before relaxing)
 .debug_str     0x00000945       0x5c usart0_receive_buffer_insert.o
                                0x249 (size before relaxing)
 .debug_str     0x000009a1       0x66 usart0_receive_buffer_inuse_count.o
                                0x24d (size before relaxing)
 .debug_str     0x00000a07       0x58 usart0_receive_buffer_peek.o
                                0x23f (size before relaxing)
 .debug_str     0x00000a5f       0x5c usart0_receive_buffer_remove.o
                                0x248 (size before relaxing)
 .debug_str     0x00000abb       0x4a usart0_receive_peek.o
                                0x236 (size before relaxing)
 .debug_str     0x00000b05       0x5c usart0_transmit_buffer_clear.o
                                0x243 (size before relaxing)
 .debug_str     0x00000b61       0x66 usart0_transmit_buffer_free_count.o
                                0x24d (size before relaxing)
 .debug_str     0x00000bc7       0x5e usart0_transmit_buffer_insert.o
                                0x252 (size before relaxing)
 .debug_str     0x00000c25       0x68 usart0_transmit_buffer_inuse_count.o
                                0x24f (size before relaxing)
 .debug_str     0x00000c8d       0x5a usart0_transmit_buffer_peek.o
                                0x241 (size before relaxing)
 .debug_str     0x00000ce7       0x5e usart0_transmit_buffer_remove.o
                                0x24c (size before relaxing)
 .debug_str     0x00000d45       0x3e usart0_uninit.o
                                0x225 (size before relaxing)
 .debug_str     0x00000d83       0x4c usart0_transmit_peek.o
                                0x238 (size before relaxing)
 .debug_str     0x00000dcf       0x28 delay.o
                                0x12a (size before relaxing)
 .debug_str     0x00000df7       0x38 ring_clear.o
                                0x173 (size before relaxing)
 .debug_str     0x00000e2f       0x3b serial_in.o
                                0x222 (size before relaxing)
 .debug_str     0x00000e6a       0x5e serial_out.o
                                0x24d (size before relaxing)
 .debug_str     0x00000ec8       0x46 serial_write.o
                                0x22d (size before relaxing)

.debug_loc      0x00000000      0x85a
 *(.debug_loc)
 .debug_loc     0x00000000       0x3f serial_tester.o
 .debug_loc     0x0000003f       0x1e serial_begin.o
 .debug_loc     0x0000005d       0x28 ring_above_highmark.o
 .debug_loc     0x00000085       0x50 ring_add.o
 .debug_loc     0x000000d5       0x28 ring_below_lowmark.o
 .debug_loc     0x000000fd       0xa1 ring_init.o
 .debug_loc     0x0000019e       0xc6 ring_peek.o
 .debug_loc     0x00000264       0x6e ring_remove.o
 .debug_loc     0x000002d2      0x1ed usart0.o
 .debug_loc     0x000004bf       0x2b usart0_buffer_clear.o
 .debug_loc     0x000004ea       0x3b usart0_buffer_free_count.o
 .debug_loc     0x00000525       0x3e usart0_buffer_insert.o
 .debug_loc     0x00000563       0x3b usart0_buffer_inuse_count.o
 .debug_loc     0x0000059e       0x56 usart0_buffer_peek.o
 .debug_loc     0x000005f4       0x2b usart0_buffer_remove.o
 .debug_loc     0x0000061f       0x1e usart0_receive_buffer_insert.o
 .debug_loc     0x0000063d       0x46 usart0_receive_buffer_peek.o
 .debug_loc     0x00000683       0x47 usart0_transmit_buffer_insert.o
 .debug_loc     0x000006ca       0x46 usart0_transmit_buffer_peek.o
 .debug_loc     0x00000710       0x13 usart0_transmit_buffer_remove.o
 .debug_loc     0x00000723       0x66 ring_clear.o
 .debug_loc     0x00000789       0x48 serial_out.o
 .debug_loc     0x000007d1       0x89 serial_write.o

.debug_macinfo
 *(.debug_macinfo)
OUTPUT(serial_tester.elf elf32-avr)
LOAD linker stubs
