Archive member included because of file (symbol)

C:\serial_test\libavrtools.a(usart_init.o)
                              serial_begin.o (usart_set_buffer)
C:\serial_test\libavrtools.a(usart_put_char.o)
                              C:\serial_test\libavrtools.a(usart_init.o) (usart_put_char)
C:\serial_test\libavrtools.a(fifo_get_byte.o)
                              serial_read.o (fifo_get_byte)
C:\serial_test\libavrtools.a(fifo_get_byte_at_index.o)
                              serial_read_at_index.o (fifo_get_byte_at_index)
C:\serial_test\libavrtools.a(fifo_init.o)
                              serial_begin.o (fifo_init)
C:\serial_test\libavrtools.a(fifo_put_byte.o)
                              C:\serial_test\libavrtools.a(usart_init.o) (fifo_put_byte)
C:\serial_test\libavrtools.a(usart_send_byte.o)
                              serial_write.o (usart_send_byte)
C:\serial_test\libavrtools.a(butterfly.o)
                              serial_begin.o (butterfly_init)
c:/winavr-20090313/bin/../lib/gcc/avr/4.3.2/avr5\libgcc.a(_udivmodhi4.o)
                              C:\serial_test\libavrtools.a(fifo_get_byte.o) (__udivmodhi4)
c:/winavr-20090313/bin/../lib/gcc/avr/4.3.2/avr5\libgcc.a(_udivmodsi4.o)
                              C:\serial_test\libavrtools.a(usart_init.o) (__udivmodsi4)
c:/winavr-20090313/bin/../lib/gcc/avr/4.3.2/avr5\libgcc.a(_exit.o)
                              c:/winavr-20090313/bin/../lib/gcc/avr/4.3.2/../../../../avr/lib/avr5/crtm169.o (exit)
c:/winavr-20090313/bin/../lib/gcc/avr/4.3.2/avr5\libgcc.a(_copy_data.o)
                              C:\serial_test\libavrtools.a(usart_init.o) (__do_copy_data)
c:/winavr-20090313/bin/../lib/gcc/avr/4.3.2/avr5\libgcc.a(_clear_bss.o)
                              serial_available.o (__do_clear_bss)
c:/winavr-20090313/bin/../lib/gcc/avr/4.3.2/../../../../avr/lib/avr5\libc.a(iob.o)
                              C:\serial_test\libavrtools.a(usart_init.o) (__iob)
c:/winavr-20090313/bin/../lib/gcc/avr/4.3.2/../../../../avr/lib/avr5\libc.a(printf_p.o)
                              C:\serial_test\libavrtools.a(usart_init.o) (printf_P)
c:/winavr-20090313/bin/../lib/gcc/avr/4.3.2/../../../../avr/lib/avr5\libc.a(vfprintf_std.o)
                              c:/winavr-20090313/bin/../lib/gcc/avr/4.3.2/../../../../avr/lib/avr5\libc.a(printf_p.o) (vfprintf)
c:/winavr-20090313/bin/../lib/gcc/avr/4.3.2/../../../../avr/lib/avr5\libc.a(strnlen_P.o)
                              c:/winavr-20090313/bin/../lib/gcc/avr/4.3.2/../../../../avr/lib/avr5\libc.a(vfprintf_std.o) (strnlen_P)
c:/winavr-20090313/bin/../lib/gcc/avr/4.3.2/../../../../avr/lib/avr5\libc.a(strnlen.o)
                              c:/winavr-20090313/bin/../lib/gcc/avr/4.3.2/../../../../avr/lib/avr5\libc.a(vfprintf_std.o) (strnlen)
c:/winavr-20090313/bin/../lib/gcc/avr/4.3.2/../../../../avr/lib/avr5\libc.a(fputc.o)
                              c:/winavr-20090313/bin/../lib/gcc/avr/4.3.2/../../../../avr/lib/avr5\libc.a(vfprintf_std.o) (fputc)
c:/winavr-20090313/bin/../lib/gcc/avr/4.3.2/../../../../avr/lib/avr5\libc.a(ultoa_invert.o)
                              c:/winavr-20090313/bin/../lib/gcc/avr/4.3.2/../../../../avr/lib/avr5\libc.a(vfprintf_std.o) (__ultoa_invert)
c:/winavr-20090313/bin/../lib/gcc/avr/4.3.2/avr5\libgcc.a(_prologue.o)
                              c:/winavr-20090313/bin/../lib/gcc/avr/4.3.2/../../../../avr/lib/avr5\libc.a(printf_p.o) (__prologue_saves__)
c:/winavr-20090313/bin/../lib/gcc/avr/4.3.2/avr5\libgcc.a(_epilogue.o)
                              c:/winavr-20090313/bin/../lib/gcc/avr/4.3.2/../../../../avr/lib/avr5\libc.a(printf_p.o) (__epilogue_restores__)

Allocating common symbols
Common symbol       size              file

usart_buffer        0x10              serial_available.o
buffer              0x9               serial_available.o
__iob               0x6               c:/winavr-20090313/bin/../lib/gcc/avr/4.3.2/../../../../avr/lib/avr5\libc.a(iob.o)

Memory Configuration

Name             Origin             Length             Attributes
text             0x00000000         0x00020000         xr
data             0x00800060         0x0000ffa0         rw !x
eeprom           0x00810000         0x00010000         rw !x
fuse             0x00820000         0x00000400         rw !x
lock             0x00830000         0x00000400         rw !x
signature        0x00840000         0x00000400         rw !x
*default*        0x00000000         0xffffffff

Linker script and memory map

Address of section .data set to 0x800100
LOAD c:/winavr-20090313/bin/../lib/gcc/avr/4.3.2/../../../../avr/lib/avr5/crtm169.o
LOAD serial_lib_169_maker.o
LOAD serial_available.o
LOAD serial_begin.o
LOAD serial_end.o
LOAD serial_flush.o
LOAD serial_read.o
LOAD serial_read_at_index.o
LOAD serial_write.o
LOAD C:\serial_test\libavrtools.a
LOAD c:/winavr-20090313/bin/../lib/gcc/avr/4.3.2/avr5\libgcc.a
LOAD c:/winavr-20090313/bin/../lib/gcc/avr/4.3.2/../../../../avr/lib/avr5\libc.a
LOAD c:/winavr-20090313/bin/../lib/gcc/avr/4.3.2/avr5\libgcc.a

.hash
 *(.hash)

.dynsym
 *(.dynsym)

.dynstr
 *(.dynstr)

.gnu.version
 *(.gnu.version)

.gnu.version_d
 *(.gnu.version_d)

.gnu.version_r
 *(.gnu.version_r)

.rel.init
 *(.rel.init)

.rela.init
 *(.rela.init)

.rel.text
 *(.rel.text)
 *(.rel.text.*)
 *(.rel.gnu.linkonce.t*)

.rela.text
 *(.rela.text)
 *(.rela.text.*)
 *(.rela.gnu.linkonce.t*)

.rel.fini
 *(.rel.fini)

.rela.fini
 *(.rela.fini)

.rel.rodata
 *(.rel.rodata)
 *(.rel.rodata.*)
 *(.rel.gnu.linkonce.r*)

.rela.rodata
 *(.rela.rodata)
 *(.rela.rodata.*)
 *(.rela.gnu.linkonce.r*)

.rel.data
 *(.rel.data)
 *(.rel.data.*)
 *(.rel.gnu.linkonce.d*)

.rela.data
 *(.rela.data)
 *(.rela.data.*)
 *(.rela.gnu.linkonce.d*)

.rel.ctors
 *(.rel.ctors)

.rela.ctors
 *(.rela.ctors)

.rel.dtors
 *(.rel.dtors)

.rela.dtors
 *(.rela.dtors)

.rel.got
 *(.rel.got)

.rela.got
 *(.rela.got)

.rel.bss
 *(.rel.bss)

.rela.bss
 *(.rela.bss)

.rel.plt
 *(.rel.plt)

.rela.plt
 *(.rela.plt)

.text           0x00000000      0xaa2
 *(.vectors)
 .vectors       0x00000000       0x5c c:/winavr-20090313/bin/../lib/gcc/avr/4.3.2/../../../../avr/lib/avr5/crtm169.o
                0x00000000                __vectors
                0x00000000                __vector_default
 *(.vectors)
 *(.progmem.gcc*)
 *(.progmem*)
 .progmem.data  0x0000005c       0x19 C:\serial_test\libavrtools.a(usart_init.o)
                0x00000076                . = ALIGN (0x2)
 *fill*         0x00000075        0x1 00
                0x00000076                __trampolines_start = .
 *(.trampolines)
 .trampolines   0x00000076        0x0 linker stubs
 *(.trampolines*)
                0x00000076                __trampolines_end = .
 *(.jumptables)
 *(.jumptables*)
 *(.lowtext)
 *(.lowtext*)
                0x00000076                __ctors_start = .
 *(.ctors)
                0x00000076                __ctors_end = .
                0x00000076                __dtors_start = .
 *(.dtors)
                0x00000076                __dtors_end = .
 SORT(*)(.ctors)
 SORT(*)(.dtors)
 *(.init0)
 .init0         0x00000076        0x0 c:/winavr-20090313/bin/../lib/gcc/avr/4.3.2/../../../../avr/lib/avr5/crtm169.o
                0x00000076                __init
 *(.init0)
 *(.init1)
 *(.init1)
 *(.init2)
 .init2         0x00000076        0xc c:/winavr-20090313/bin/../lib/gcc/avr/4.3.2/../../../../avr/lib/avr5/crtm169.o
 *(.init2)
 *(.init3)
 *(.init3)
 *(.init4)
 .init4         0x00000082       0x16 c:/winavr-20090313/bin/../lib/gcc/avr/4.3.2/avr5\libgcc.a(_copy_data.o)
                0x00000082                __do_copy_data
 .init4         0x00000098       0x10 c:/winavr-20090313/bin/../lib/gcc/avr/4.3.2/avr5\libgcc.a(_clear_bss.o)
                0x00000098                __do_clear_bss
 *(.init4)
 *(.init5)
 *(.init5)
 *(.init6)
 *(.init6)
 *(.init7)
 *(.init7)
 *(.init8)
 *(.init8)
 *(.init9)
 .init9         0x000000a8        0x8 c:/winavr-20090313/bin/../lib/gcc/avr/4.3.2/../../../../avr/lib/avr5/crtm169.o
 *(.init9)
 *(.text)
 .text          0x000000b0        0x4 c:/winavr-20090313/bin/../lib/gcc/avr/4.3.2/../../../../avr/lib/avr5/crtm169.o
                0x000000b0                __vector_22
                0x000000b0                __vector_1
                0x000000b0                __vector_12
                0x000000b0                __bad_interrupt
                0x000000b0                __vector_6
                0x000000b0                __vector_3
                0x000000b0                __vector_11
                0x000000b0                __vector_17
                0x000000b0                __vector_19
                0x000000b0                __vector_7
                0x000000b0                __vector_5
                0x000000b0                __vector_4
                0x000000b0                __vector_9
                0x000000b0                __vector_2
                0x000000b0                __vector_21
                0x000000b0                __vector_15
                0x000000b0                __vector_8
                0x000000b0                __vector_14
                0x000000b0                __vector_10
                0x000000b0                __vector_16
                0x000000b0                __vector_18
                0x000000b0                __vector_20
 .text          0x000000b4        0x6 serial_lib_169_maker.o
                0x000000b4                main
 .text          0x000000ba        0x6 serial_available.o
                0x000000ba                serial_available
 .text          0x000000c0       0x48 serial_begin.o
                0x000000c0                serial_begin
 .text          0x00000108        0x2 serial_end.o
                0x00000108                serial_end
 .text          0x0000010a       0x16 serial_flush.o
                0x0000010a                serial_flush
 .text          0x00000120        0xa serial_read.o
                0x00000120                serial_read
 .text          0x0000012a        0xe serial_read_at_index.o
                0x0000012a                serial_read_at_index
 .text          0x00000138       0x3a serial_write.o
                0x00000138                serial_write
 .text          0x00000172      0x114 C:\serial_test\libavrtools.a(usart_init.o)
                0x0000021c                __vector_13
                0x000001c6                usart_init
                0x00000172                usart_set_buffer
 .text          0x00000286       0x22 C:\serial_test\libavrtools.a(usart_put_char.o)
                0x00000286                usart_put_char
 .text          0x000002a8       0x4e C:\serial_test\libavrtools.a(fifo_get_byte.o)
                0x000002a8                fifo_get_byte
 .text          0x000002f6       0x22 C:\serial_test\libavrtools.a(fifo_get_byte_at_index.o)
                0x000002f6                fifo_get_byte_at_index
 .text          0x00000318       0x16 C:\serial_test\libavrtools.a(fifo_init.o)
                0x00000318                fifo_init
 .text          0x0000032e       0x46 C:\serial_test\libavrtools.a(fifo_put_byte.o)
                0x0000032e                fifo_put_byte
 .text          0x00000374       0x12 C:\serial_test\libavrtools.a(usart_send_byte.o)
                0x00000374                usart_send_byte
 .text          0x00000386       0xf8 C:\serial_test\libavrtools.a(butterfly.o)
                0x00000434                butterfly_init
                0x00000386                OSCCAL_calibration
                0x0000047c                Delay
 .text          0x0000047e        0x0 c:/winavr-20090313/bin/../lib/gcc/avr/4.3.2/avr5\libgcc.a(_udivmodhi4.o)
 .text          0x0000047e        0x0 c:/winavr-20090313/bin/../lib/gcc/avr/4.3.2/avr5\libgcc.a(_udivmodsi4.o)
 .text          0x0000047e        0x0 c:/winavr-20090313/bin/../lib/gcc/avr/4.3.2/avr5\libgcc.a(_exit.o)
 .text          0x0000047e        0x0 c:/winavr-20090313/bin/../lib/gcc/avr/4.3.2/avr5\libgcc.a(_copy_data.o)
 .text          0x0000047e        0x0 c:/winavr-20090313/bin/../lib/gcc/avr/4.3.2/avr5\libgcc.a(_clear_bss.o)
 .text          0x0000047e        0x0 c:/winavr-20090313/bin/../lib/gcc/avr/4.3.2/../../../../avr/lib/avr5\libc.a(iob.o)
 .text          0x0000047e       0x4c c:/winavr-20090313/bin/../lib/gcc/avr/4.3.2/../../../../avr/lib/avr5\libc.a(printf_p.o)
                0x0000047e                printf_P
 .text          0x000004ca      0x3ba c:/winavr-20090313/bin/../lib/gcc/avr/4.3.2/../../../../avr/lib/avr5\libc.a(vfprintf_std.o)
                0x000004ca                vfprintf
 .text          0x00000884       0x16 c:/winavr-20090313/bin/../lib/gcc/avr/4.3.2/../../../../avr/lib/avr5\libc.a(strnlen_P.o)
                0x00000884                strnlen_P
 .text          0x0000089a       0x16 c:/winavr-20090313/bin/../lib/gcc/avr/4.3.2/../../../../avr/lib/avr5\libc.a(strnlen.o)
                0x0000089a                strnlen
 .text          0x000008b0       0x58 c:/winavr-20090313/bin/../lib/gcc/avr/4.3.2/../../../../avr/lib/avr5\libc.a(fputc.o)
                0x000008b0                fputc
 .text          0x00000908       0xbc c:/winavr-20090313/bin/../lib/gcc/avr/4.3.2/../../../../avr/lib/avr5\libc.a(ultoa_invert.o)
                0x00000908                __ultoa_invert
 .text          0x000009c4        0x0 c:/winavr-20090313/bin/../lib/gcc/avr/4.3.2/avr5\libgcc.a(_prologue.o)
 .text          0x000009c4        0x0 c:/winavr-20090313/bin/../lib/gcc/avr/4.3.2/avr5\libgcc.a(_epilogue.o)
                0x000009c4                . = ALIGN (0x2)
 *(.text.*)
 .text.libgcc   0x000009c4       0x28 c:/winavr-20090313/bin/../lib/gcc/avr/4.3.2/avr5\libgcc.a(_udivmodhi4.o)
                0x000009c4                __udivmodhi4
 .text.libgcc   0x000009ec       0x44 c:/winavr-20090313/bin/../lib/gcc/avr/4.3.2/avr5\libgcc.a(_udivmodsi4.o)
                0x000009ec                __udivmodsi4
 .text.libgcc   0x00000a30        0x0 c:/winavr-20090313/bin/../lib/gcc/avr/4.3.2/avr5\libgcc.a(_exit.o)
 .text.libgcc   0x00000a30        0x0 c:/winavr-20090313/bin/../lib/gcc/avr/4.3.2/avr5\libgcc.a(_copy_data.o)
 .text.libgcc   0x00000a30        0x0 c:/winavr-20090313/bin/../lib/gcc/avr/4.3.2/avr5\libgcc.a(_clear_bss.o)
 .text.libgcc   0x00000a30       0x38 c:/winavr-20090313/bin/../lib/gcc/avr/4.3.2/avr5\libgcc.a(_prologue.o)
                0x00000a30                __prologue_saves__
 .text.libgcc   0x00000a68       0x36 c:/winavr-20090313/bin/../lib/gcc/avr/4.3.2/avr5\libgcc.a(_epilogue.o)
                0x00000a68                __epilogue_restores__
                0x00000a9e                . = ALIGN (0x2)
 *(.fini9)
 .fini9         0x00000a9e        0x0 c:/winavr-20090313/bin/../lib/gcc/avr/4.3.2/avr5\libgcc.a(_exit.o)
                0x00000a9e                exit
                0x00000a9e                _exit
 *(.fini9)
 *(.fini8)
 *(.fini8)
 *(.fini7)
 *(.fini7)
 *(.fini6)
 *(.fini6)
 *(.fini5)
 *(.fini5)
 *(.fini4)
 *(.fini4)
 *(.fini3)
 *(.fini3)
 *(.fini2)
 *(.fini2)
 *(.fini1)
 *(.fini1)
 *(.fini0)
 .fini0         0x00000a9e        0x4 c:/winavr-20090313/bin/../lib/gcc/avr/4.3.2/avr5\libgcc.a(_exit.o)
 *(.fini0)
                0x00000aa2                _etext = .

.data           0x00800100        0xe load address 0x00000aa2
                0x00800100                PROVIDE (__data_start, .)
 *(.data)
 .data          0x00800100        0x0 c:/winavr-20090313/bin/../lib/gcc/avr/4.3.2/../../../../avr/lib/avr5/crtm169.o
 .data          0x00800100        0x0 serial_lib_169_maker.o
 .data          0x00800100        0x0 serial_available.o
 .data          0x00800100        0x0 serial_begin.o
 .data          0x00800100        0x0 serial_end.o
 .data          0x00800100        0x0 serial_flush.o
 .data          0x00800100        0x0 serial_read.o
 .data          0x00800100        0x0 serial_read_at_index.o
 .data          0x00800100        0x0 serial_write.o
 .data          0x00800100        0xe C:\serial_test\libavrtools.a(usart_init.o)
                0x00800100                mystdout
 .data          0x0080010e        0x0 C:\serial_test\libavrtools.a(usart_put_char.o)
 .data          0x0080010e        0x0 C:\serial_test\libavrtools.a(fifo_get_byte.o)
 .data          0x0080010e        0x0 C:\serial_test\libavrtools.a(fifo_get_byte_at_index.o)
 .data          0x0080010e        0x0 C:\serial_test\libavrtools.a(fifo_init.o)
 .data          0x0080010e        0x0 C:\serial_test\libavrtools.a(fifo_put_byte.o)
 .data          0x0080010e        0x0 C:\serial_test\libavrtools.a(usart_send_byte.o)
 .data          0x0080010e        0x0 C:\serial_test\libavrtools.a(butterfly.o)
 .data          0x0080010e        0x0 c:/winavr-20090313/bin/../lib/gcc/avr/4.3.2/avr5\libgcc.a(_udivmodhi4.o)
 .data          0x0080010e        0x0 c:/winavr-20090313/bin/../lib/gcc/avr/4.3.2/avr5\libgcc.a(_udivmodsi4.o)
 .data          0x0080010e        0x0 c:/winavr-20090313/bin/../lib/gcc/avr/4.3.2/avr5\libgcc.a(_exit.o)
 .data          0x0080010e        0x0 c:/winavr-20090313/bin/../lib/gcc/avr/4.3.2/avr5\libgcc.a(_copy_data.o)
 .data          0x0080010e        0x0 c:/winavr-20090313/bin/../lib/gcc/avr/4.3.2/avr5\libgcc.a(_clear_bss.o)
 .data          0x0080010e        0x0 c:/winavr-20090313/bin/../lib/gcc/avr/4.3.2/../../../../avr/lib/avr5\libc.a(iob.o)
 .data          0x0080010e        0x0 c:/winavr-20090313/bin/../lib/gcc/avr/4.3.2/../../../../avr/lib/avr5\libc.a(printf_p.o)
 .data          0x0080010e        0x0 c:/winavr-20090313/bin/../lib/gcc/avr/4.3.2/../../../../avr/lib/avr5\libc.a(vfprintf_std.o)
 .data          0x0080010e        0x0 c:/winavr-20090313/bin/../lib/gcc/avr/4.3.2/../../../../avr/lib/avr5\libc.a(strnlen_P.o)
 .data          0x0080010e        0x0 c:/winavr-20090313/bin/../lib/gcc/avr/4.3.2/../../../../avr/lib/avr5\libc.a(strnlen.o)
 .data          0x0080010e        0x0 c:/winavr-20090313/bin/../lib/gcc/avr/4.3.2/../../../../avr/lib/avr5\libc.a(fputc.o)
 .data          0x0080010e        0x0 c:/winavr-20090313/bin/../lib/gcc/avr/4.3.2/../../../../avr/lib/avr5\libc.a(ultoa_invert.o)
 .data          0x0080010e        0x0 c:/winavr-20090313/bin/../lib/gcc/avr/4.3.2/avr5\libgcc.a(_prologue.o)
 .data          0x0080010e        0x0 c:/winavr-20090313/bin/../lib/gcc/avr/4.3.2/avr5\libgcc.a(_epilogue.o)
 *(.data*)
 *(.rodata)
 *(.rodata*)
 *(.gnu.linkonce.d*)
                0x0080010e                . = ALIGN (0x2)
                0x0080010e                _edata = .
                0x0080010e                PROVIDE (__data_end, .)

.bss            0x0080010e       0x1f
                0x0080010e                PROVIDE (__bss_start, .)
 *(.bss)
 .bss           0x0080010e        0x0 c:/winavr-20090313/bin/../lib/gcc/avr/4.3.2/../../../../avr/lib/avr5/crtm169.o
 .bss           0x0080010e        0x0 serial_lib_169_maker.o
 .bss           0x0080010e        0x0 serial_available.o
 .bss           0x0080010e        0x0 serial_begin.o
 .bss           0x0080010e        0x0 serial_end.o
 .bss           0x0080010e        0x0 serial_flush.o
 .bss           0x0080010e        0x0 serial_read.o
 .bss           0x0080010e        0x0 serial_read_at_index.o
 .bss           0x0080010e        0x0 serial_write.o
 .bss           0x0080010e        0x0 C:\serial_test\libavrtools.a(usart_init.o)
 .bss           0x0080010e        0x0 C:\serial_test\libavrtools.a(usart_put_char.o)
 .bss           0x0080010e        0x0 C:\serial_test\libavrtools.a(fifo_get_byte.o)
 .bss           0x0080010e        0x0 C:\serial_test\libavrtools.a(fifo_get_byte_at_index.o)
 .bss           0x0080010e        0x0 C:\serial_test\libavrtools.a(fifo_init.o)
 .bss           0x0080010e        0x0 C:\serial_test\libavrtools.a(fifo_put_byte.o)
 .bss           0x0080010e        0x0 C:\serial_test\libavrtools.a(usart_send_byte.o)
 .bss           0x0080010e        0x0 C:\serial_test\libavrtools.a(butterfly.o)
 .bss           0x0080010e        0x0 c:/winavr-20090313/bin/../lib/gcc/avr/4.3.2/avr5\libgcc.a(_udivmodhi4.o)
 .bss           0x0080010e        0x0 c:/winavr-20090313/bin/../lib/gcc/avr/4.3.2/avr5\libgcc.a(_udivmodsi4.o)
 .bss           0x0080010e        0x0 c:/winavr-20090313/bin/../lib/gcc/avr/4.3.2/avr5\libgcc.a(_exit.o)
 .bss           0x0080010e        0x0 c:/winavr-20090313/bin/../lib/gcc/avr/4.3.2/avr5\libgcc.a(_copy_data.o)
 .bss           0x0080010e        0x0 c:/winavr-20090313/bin/../lib/gcc/avr/4.3.2/avr5\libgcc.a(_clear_bss.o)
 .bss           0x0080010e        0x0 c:/winavr-20090313/bin/../lib/gcc/avr/4.3.2/../../../../avr/lib/avr5\libc.a(iob.o)
 .bss           0x0080010e        0x0 c:/winavr-20090313/bin/../lib/gcc/avr/4.3.2/../../../../avr/lib/avr5\libc.a(printf_p.o)
 .bss           0x0080010e        0x0 c:/winavr-20090313/bin/../lib/gcc/avr/4.3.2/../../../../avr/lib/avr5\libc.a(vfprintf_std.o)
 .bss           0x0080010e        0x0 c:/winavr-20090313/bin/../lib/gcc/avr/4.3.2/../../../../avr/lib/avr5\libc.a(strnlen_P.o)
 .bss           0x0080010e        0x0 c:/winavr-20090313/bin/../lib/gcc/avr/4.3.2/../../../../avr/lib/avr5\libc.a(strnlen.o)
 .bss           0x0080010e        0x0 c:/winavr-20090313/bin/../lib/gcc/avr/4.3.2/../../../../avr/lib/avr5\libc.a(fputc.o)
 .bss           0x0080010e        0x0 c:/winavr-20090313/bin/../lib/gcc/avr/4.3.2/../../../../avr/lib/avr5\libc.a(ultoa_invert.o)
 .bss           0x0080010e        0x0 c:/winavr-20090313/bin/../lib/gcc/avr/4.3.2/avr5\libgcc.a(_prologue.o)
 .bss           0x0080010e        0x0 c:/winavr-20090313/bin/../lib/gcc/avr/4.3.2/avr5\libgcc.a(_epilogue.o)
 *(.bss*)
 *(COMMON)
 COMMON         0x0080010e       0x19 serial_available.o
                0x0080010e                usart_buffer
                0x0080011e                buffer
 COMMON         0x00800127        0x6 c:/winavr-20090313/bin/../lib/gcc/avr/4.3.2/../../../../avr/lib/avr5\libc.a(iob.o)
                0x00800127                __iob
                0x0080012d                PROVIDE (__bss_end, .)
                0x00000aa2                __data_load_start = LOADADDR (.data)
                0x00000ab0                __data_load_end = (__data_load_start + SIZEOF (.data))

.noinit         0x0080012d        0x0
                0x0080012d                PROVIDE (__noinit_start, .)
 *(.noinit*)
                0x0080012d                PROVIDE (__noinit_end, .)
                0x0080012d                _end = .
                0x0080012d                PROVIDE (__heap_start, .)

.eeprom         0x00810000        0x0
 *(.eeprom*)
                0x00810000                __eeprom_end = .

.fuse
 *(.fuse)
 *(.lfuse)
 *(.hfuse)
 *(.efuse)

.lock
 *(.lock*)

.signature
 *(.signature*)

.stab
 *(.stab)

.stabstr
 *(.stabstr)

.stab.excl
 *(.stab.excl)

.stab.exclstr
 *(.stab.exclstr)

.stab.index
 *(.stab.index)

.stab.indexstr
 *(.stab.indexstr)

.comment
 *(.comment)

.debug
 *(.debug)

.line
 *(.line)

.debug_srcinfo
 *(.debug_srcinfo)

.debug_sfnames
 *(.debug_sfnames)

.debug_aranges  0x00000000      0x200
 *(.debug_aranges)
 .debug_aranges
                0x00000000       0x20 serial_lib_169_maker.o
 .debug_aranges
                0x00000020       0x20 serial_available.o
 .debug_aranges
                0x00000040       0x20 serial_begin.o
 .debug_aranges
                0x00000060       0x20 serial_end.o
 .debug_aranges
                0x00000080       0x20 serial_flush.o
 .debug_aranges
                0x000000a0       0x20 serial_read.o
 .debug_aranges
                0x000000c0       0x20 serial_read_at_index.o
 .debug_aranges
                0x000000e0       0x20 serial_write.o
 .debug_aranges
                0x00000100       0x20 C:\serial_test\libavrtools.a(usart_init.o)
 .debug_aranges
                0x00000120       0x20 C:\serial_test\libavrtools.a(usart_put_char.o)
 .debug_aranges
                0x00000140       0x20 C:\serial_test\libavrtools.a(fifo_get_byte.o)
 .debug_aranges
                0x00000160       0x20 C:\serial_test\libavrtools.a(fifo_get_byte_at_index.o)
 .debug_aranges
                0x00000180       0x20 C:\serial_test\libavrtools.a(fifo_init.o)
 .debug_aranges
                0x000001a0       0x20 C:\serial_test\libavrtools.a(fifo_put_byte.o)
 .debug_aranges
                0x000001c0       0x20 C:\serial_test\libavrtools.a(usart_send_byte.o)
 .debug_aranges
                0x000001e0       0x20 C:\serial_test\libavrtools.a(butterfly.o)

.debug_pubnames
                0x00000000      0x377
 *(.debug_pubnames)
 .debug_pubnames
                0x00000000       0x1b serial_lib_169_maker.o
 .debug_pubnames
                0x0000001b       0x43 serial_available.o
 .debug_pubnames
                0x0000005e       0x3f serial_begin.o
 .debug_pubnames
                0x0000009d       0x3d serial_end.o
 .debug_pubnames
                0x000000da       0x3f serial_flush.o
 .debug_pubnames
                0x00000119       0x3e serial_read.o
 .debug_pubnames
                0x00000157       0x47 serial_read_at_index.o
 .debug_pubnames
                0x0000019e       0x3f serial_write.o
 .debug_pubnames
                0x000001dd       0x5e C:\serial_test\libavrtools.a(usart_init.o)
 .debug_pubnames
                0x0000023b       0x30 C:\serial_test\libavrtools.a(usart_put_char.o)
 .debug_pubnames
                0x0000026b       0x24 C:\serial_test\libavrtools.a(fifo_get_byte.o)
 .debug_pubnames
                0x0000028f       0x2d C:\serial_test\libavrtools.a(fifo_get_byte_at_index.o)
 .debug_pubnames
                0x000002bc       0x20 C:\serial_test\libavrtools.a(fifo_init.o)
 .debug_pubnames
                0x000002dc       0x24 C:\serial_test\libavrtools.a(fifo_put_byte.o)
 .debug_pubnames
                0x00000300       0x31 C:\serial_test\libavrtools.a(usart_send_byte.o)
 .debug_pubnames
                0x00000331       0x46 C:\serial_test\libavrtools.a(butterfly.o)

.debug_info     0x00000000     0x137d
 *(.debug_info)
 .debug_info    0x00000000       0x44 serial_lib_169_maker.o
 .debug_info    0x00000044      0x126 serial_available.o
 .debug_info    0x0000016a      0x141 serial_begin.o
 .debug_info    0x000002ab      0x122 serial_end.o
 .debug_info    0x000003cd      0x122 serial_flush.o
 .debug_info    0x000004ef      0x126 serial_read.o
 .debug_info    0x00000615      0x13a serial_read_at_index.o
 .debug_info    0x0000074f      0x15c serial_write.o
 .debug_info    0x000008ab      0x282 C:\serial_test\libavrtools.a(usart_init.o)
 .debug_info    0x00000b2d      0x1e3 C:\serial_test\libavrtools.a(usart_put_char.o)
 .debug_info    0x00000d10      0x115 C:\serial_test\libavrtools.a(fifo_get_byte.o)
 .debug_info    0x00000e25      0x115 C:\serial_test\libavrtools.a(fifo_get_byte_at_index.o)
 .debug_info    0x00000f3a      0x124 C:\serial_test\libavrtools.a(fifo_init.o)
 .debug_info    0x0000105e      0x113 C:\serial_test\libavrtools.a(fifo_put_byte.o)
 .debug_info    0x00001171      0x111 C:\serial_test\libavrtools.a(usart_send_byte.o)
 .debug_info    0x00001282       0xfb C:\serial_test\libavrtools.a(butterfly.o)
 *(.gnu.linkonce.wi.*)

.debug_abbrev   0x00000000      0xb70
 *(.debug_abbrev)
 .debug_abbrev  0x00000000       0x34 serial_lib_169_maker.o
 .debug_abbrev  0x00000034       0xb0 serial_available.o
 .debug_abbrev  0x000000e4       0xbf serial_begin.o
 .debug_abbrev  0x000001a3       0xae serial_end.o
 .debug_abbrev  0x00000251       0xae serial_flush.o
 .debug_abbrev  0x000002ff       0xb0 serial_read.o
 .debug_abbrev  0x000003af       0xc1 serial_read_at_index.o
 .debug_abbrev  0x00000470       0xd7 serial_write.o
 .debug_abbrev  0x00000547      0x159 C:\serial_test\libavrtools.a(usart_init.o)
 .debug_abbrev  0x000006a0       0xf5 C:\serial_test\libavrtools.a(usart_put_char.o)
 .debug_abbrev  0x00000795       0xa4 C:\serial_test\libavrtools.a(fifo_get_byte.o)
 .debug_abbrev  0x00000839       0x95 C:\serial_test\libavrtools.a(fifo_get_byte_at_index.o)
 .debug_abbrev  0x000008ce       0x93 C:\serial_test\libavrtools.a(fifo_init.o)
 .debug_abbrev  0x00000961       0xa4 C:\serial_test\libavrtools.a(fifo_put_byte.o)
 .debug_abbrev  0x00000a05       0xad C:\serial_test\libavrtools.a(usart_send_byte.o)
 .debug_abbrev  0x00000ab2       0xbe C:\serial_test\libavrtools.a(butterfly.o)

.debug_line     0x00000000      0xe39
 *(.debug_line)
 .debug_line    0x00000000       0x6e serial_lib_169_maker.o
 .debug_line    0x0000006e       0xc4 serial_available.o
 .debug_line    0x00000132       0xe0 serial_begin.o
 .debug_line    0x00000212       0xbe serial_end.o
 .debug_line    0x000002d0       0xe0 serial_flush.o
 .debug_line    0x000003b0       0xc7 serial_read.o
 .debug_line    0x00000477       0xd0 serial_read_at_index.o
 .debug_line    0x00000547       0xe0 serial_write.o
 .debug_line    0x00000627      0x129 C:\serial_test\libavrtools.a(usart_init.o)
 .debug_line    0x00000750       0xe2 C:\serial_test\libavrtools.a(usart_put_char.o)
 .debug_line    0x00000832       0xe2 C:\serial_test\libavrtools.a(fifo_get_byte.o)
 .debug_line    0x00000914       0xbb C:\serial_test\libavrtools.a(fifo_get_byte_at_index.o)
 .debug_line    0x000009cf       0xce C:\serial_test\libavrtools.a(fifo_init.o)
 .debug_line    0x00000a9d       0xca C:\serial_test\libavrtools.a(fifo_put_byte.o)
 .debug_line    0x00000b67       0xd8 C:\serial_test\libavrtools.a(usart_send_byte.o)
 .debug_line    0x00000c3f      0x1fa C:\serial_test\libavrtools.a(butterfly.o)

.debug_frame    0x00000000      0x240
 *(.debug_frame)
 .debug_frame   0x00000000       0x20 serial_lib_169_maker.o
 .debug_frame   0x00000020       0x20 serial_available.o
 .debug_frame   0x00000040       0x20 serial_begin.o
 .debug_frame   0x00000060       0x20 serial_end.o
 .debug_frame   0x00000080       0x20 serial_flush.o
 .debug_frame   0x000000a0       0x20 serial_read.o
 .debug_frame   0x000000c0       0x20 serial_read_at_index.o
 .debug_frame   0x000000e0       0x20 serial_write.o
 .debug_frame   0x00000100       0x40 C:\serial_test\libavrtools.a(usart_init.o)
 .debug_frame   0x00000140       0x20 C:\serial_test\libavrtools.a(usart_put_char.o)
 .debug_frame   0x00000160       0x20 C:\serial_test\libavrtools.a(fifo_get_byte.o)
 .debug_frame   0x00000180       0x20 C:\serial_test\libavrtools.a(fifo_get_byte_at_index.o)
 .debug_frame   0x000001a0       0x20 C:\serial_test\libavrtools.a(fifo_init.o)
 .debug_frame   0x000001c0       0x20 C:\serial_test\libavrtools.a(fifo_put_byte.o)
 .debug_frame   0x000001e0       0x20 C:\serial_test\libavrtools.a(usart_send_byte.o)
 .debug_frame   0x00000200       0x40 C:\serial_test\libavrtools.a(butterfly.o)

.debug_str      0x00000000      0x3d1
 *(.debug_str)
 .debug_str     0x00000000       0x49 serial_lib_169_maker.o
 .debug_str     0x00000049       0x96 serial_available.o
                                0x106 (size before relaxing)
 .debug_str     0x000000df       0x31 serial_begin.o
                                0x110 (size before relaxing)
 .debug_str     0x00000110       0x1b serial_end.o
                                 0xfa (size before relaxing)
 .debug_str     0x0000012b       0x1f serial_flush.o
                                 0xfe (size before relaxing)
 .debug_str     0x0000014a       0x1d serial_read.o
                                 0xfc (size before relaxing)
 .debug_str     0x00000167       0x2f serial_read_at_index.o
                                0x10e (size before relaxing)
 .debug_str     0x00000196       0x24 serial_write.o
                                0x103 (size before relaxing)
 .debug_str     0x000001ba       0x82 C:\serial_test\libavrtools.a(usart_init.o)
                                0x148 (size before relaxing)
 .debug_str     0x0000023c       0x2a C:\serial_test\libavrtools.a(usart_put_char.o)
                                0x114 (size before relaxing)
 .debug_str     0x00000266       0x5d C:\serial_test\libavrtools.a(fifo_get_byte.o)
                                0x114 (size before relaxing)
 .debug_str     0x000002c3       0x33 C:\serial_test\libavrtools.a(fifo_get_byte_at_index.o)
                                0x121 (size before relaxing)
 .debug_str     0x000002f6       0x1f C:\serial_test\libavrtools.a(fifo_init.o)
                                0x10d (size before relaxing)
 .debug_str     0x00000315       0x21 C:\serial_test\libavrtools.a(fifo_put_byte.o)
                                0x10f (size before relaxing)
 .debug_str     0x00000336       0x25 C:\serial_test\libavrtools.a(usart_send_byte.o)
                                 0xfb (size before relaxing)
 .debug_str     0x0000035b       0x76 C:\serial_test\libavrtools.a(butterfly.o)
                                 0xe9 (size before relaxing)

.debug_loc      0x00000000      0x2c8
 *(.debug_loc)
 .debug_loc     0x00000000       0x1e serial_begin.o
 .debug_loc     0x0000001e       0x1e serial_read_at_index.o
 .debug_loc     0x0000003c       0x89 serial_write.o
 .debug_loc     0x000000c5       0x47 C:\serial_test\libavrtools.a(usart_init.o)
 .debug_loc     0x0000010c       0x46 C:\serial_test\libavrtools.a(usart_put_char.o)
 .debug_loc     0x00000152       0x46 C:\serial_test\libavrtools.a(fifo_get_byte.o)
 .debug_loc     0x00000198       0x50 C:\serial_test\libavrtools.a(fifo_get_byte_at_index.o)
 .debug_loc     0x000001e8       0x46 C:\serial_test\libavrtools.a(fifo_put_byte.o)
 .debug_loc     0x0000022e       0x1e C:\serial_test\libavrtools.a(usart_send_byte.o)
 .debug_loc     0x0000024c       0x7c C:\serial_test\libavrtools.a(butterfly.o)

.debug_macinfo
 *(.debug_macinfo)
OUTPUT(serial_lib_169_maker.elf elf32-avr)
LOAD linker stubs
