Archive member included because of file (symbol)

c:/winavr-20100110/bin/../lib/gcc/avr/4.3.3/avr5\libgcc.a(_exit.o)
                              c:/winavr-20100110/bin/../lib/gcc/avr/4.3.3/../../../../avr/lib/avr5/crtm328.o (exit)
c:/winavr-20100110/bin/../lib/gcc/avr/4.3.3/avr5\libgcc.a(_copy_data.o)
                              spi_c_328.o (__do_copy_data)
c:/winavr-20100110/bin/../lib/gcc/avr/4.3.3/avr5\libgcc.a(_clear_bss.o)
                              spi_c_328.o (__do_clear_bss)
c:/winavr-20100110/bin/../lib/gcc/avr/4.3.3/../../../../avr/lib/avr5\libc.a(puts.o)
                              spi_c_328.o (puts)
c:/winavr-20100110/bin/../lib/gcc/avr/4.3.3/../../../../avr/lib/avr5\libc.a(iob.o)
                              c:/winavr-20100110/bin/../lib/gcc/avr/4.3.3/../../../../avr/lib/avr5\libc.a(puts.o) (__iob)

Allocating common symbols
Common symbol       size              file

usart0_transmit_buffer
                    0x80              spi_c_328.o
usart0_transmit_ring
                    0x8               spi_c_328.o
usart0_receive_ring
                    0x8               spi_c_328.o
usart0_receive_buffer
                    0x40              spi_c_328.o
usart_buffered_tx_flag
                    0x1               spi_c_328.o
usart_tx_ready_flag
                    0x1               spi_c_328.o
__iob               0x6               c:/winavr-20100110/bin/../lib/gcc/avr/4.3.3/../../../../avr/lib/avr5\libc.a(iob.o)

Memory Configuration

Name             Origin             Length             Attributes
text             0x00000000         0x00020000         xr
data             0x00800060         0x0000ffa0         rw !x
eeprom           0x00810000         0x00010000         rw !x
fuse             0x00820000         0x00000400         rw !x
lock             0x00830000         0x00000400         rw !x
signature        0x00840000         0x00000400         rw !x
*default*        0x00000000         0xffffffff

Linker script and memory map

Address of section .data set to 0x800100
LOAD c:/winavr-20100110/bin/../lib/gcc/avr/4.3.3/../../../../avr/lib/avr5/crtm328.o
LOAD spi_c_328.o
LOAD spi0_init_master.o
LOAD spi0_master_rw8.o
LOAD spi0_master_rw16.o
LOAD spi0_ss.o
LOAD C:\avrtoolbox\libavr\librarian\atmega328\libavr_atmega328_002.a
LOAD c:/winavr-20100110/bin/../lib/gcc/avr/4.3.3/avr5\libgcc.a
LOAD c:/winavr-20100110/bin/../lib/gcc/avr/4.3.3/../../../../avr/lib/avr5\libc.a
LOAD c:/winavr-20100110/bin/../lib/gcc/avr/4.3.3/avr5\libgcc.a

.hash
 *(.hash)

.dynsym
 *(.dynsym)

.dynstr
 *(.dynstr)

.gnu.version
 *(.gnu.version)

.gnu.version_d
 *(.gnu.version_d)

.gnu.version_r
 *(.gnu.version_r)

.rel.init
 *(.rel.init)

.rela.init
 *(.rela.init)

.rel.text
 *(.rel.text)
 *(.rel.text.*)
 *(.rel.gnu.linkonce.t*)

.rela.text
 *(.rela.text)
 *(.rela.text.*)
 *(.rela.gnu.linkonce.t*)

.rel.fini
 *(.rel.fini)

.rela.fini
 *(.rela.fini)

.rel.rodata
 *(.rel.rodata)
 *(.rel.rodata.*)
 *(.rel.gnu.linkonce.r*)

.rela.rodata
 *(.rela.rodata)
 *(.rela.rodata.*)
 *(.rela.gnu.linkonce.r*)

.rel.data
 *(.rel.data)
 *(.rel.data.*)
 *(.rel.gnu.linkonce.d*)

.rela.data
 *(.rela.data)
 *(.rela.data.*)
 *(.rela.gnu.linkonce.d*)

.rel.ctors
 *(.rel.ctors)

.rela.ctors
 *(.rela.ctors)

.rel.dtors
 *(.rel.dtors)

.rela.dtors
 *(.rela.dtors)

.rel.got
 *(.rel.got)

.rela.got
 *(.rela.got)

.rel.bss
 *(.rel.bss)

.rela.bss
 *(.rela.bss)

.rel.plt
 *(.rel.plt)

.rela.plt
 *(.rela.plt)

.text           0x00000000      0x178
 *(.vectors)
 .vectors       0x00000000       0x68 c:/winavr-20100110/bin/../lib/gcc/avr/4.3.3/../../../../avr/lib/avr5/crtm328.o
                0x00000000                __vectors
                0x00000000                __vector_default
 *(.vectors)
 *(.progmem.gcc*)
 *(.progmem*)
                0x00000068                . = ALIGN (0x2)
                0x00000068                __trampolines_start = .
 *(.trampolines)
 .trampolines   0x00000068        0x0 linker stubs
 *(.trampolines*)
                0x00000068                __trampolines_end = .
 *(.jumptables)
 *(.jumptables*)
 *(.lowtext)
 *(.lowtext*)
                0x00000068                __ctors_start = .
 *(.ctors)
                0x00000068                __ctors_end = .
                0x00000068                __dtors_start = .
 *(.dtors)
                0x00000068                __dtors_end = .
 SORT(*)(.ctors)
 SORT(*)(.dtors)
 *(.init0)
 .init0         0x00000068        0x0 c:/winavr-20100110/bin/../lib/gcc/avr/4.3.3/../../../../avr/lib/avr5/crtm328.o
                0x00000068                __init
 *(.init0)
 *(.init1)
 *(.init1)
 *(.init2)
 .init2         0x00000068        0xc c:/winavr-20100110/bin/../lib/gcc/avr/4.3.3/../../../../avr/lib/avr5/crtm328.o
 *(.init2)
 *(.init3)
 *(.init3)
 *(.init4)
 .init4         0x00000074       0x16 c:/winavr-20100110/bin/../lib/gcc/avr/4.3.3/avr5\libgcc.a(_copy_data.o)
                0x00000074                __do_copy_data
 .init4         0x0000008a       0x10 c:/winavr-20100110/bin/../lib/gcc/avr/4.3.3/avr5\libgcc.a(_clear_bss.o)
                0x0000008a                __do_clear_bss
 *(.init4)
 *(.init5)
 *(.init5)
 *(.init6)
 *(.init6)
 *(.init7)
 *(.init7)
 *(.init8)
 *(.init8)
 *(.init9)
 .init9         0x0000009a        0x8 c:/winavr-20100110/bin/../lib/gcc/avr/4.3.3/../../../../avr/lib/avr5/crtm328.o
 *(.init9)
 *(.text)
 .text          0x000000a2        0x4 c:/winavr-20100110/bin/../lib/gcc/avr/4.3.3/../../../../avr/lib/avr5/crtm328.o
                0x000000a2                __vector_22
                0x000000a2                __vector_1
                0x000000a2                __vector_24
                0x000000a2                __vector_12
                0x000000a2                __bad_interrupt
                0x000000a2                __vector_6
                0x000000a2                __vector_3
                0x000000a2                __vector_23
                0x000000a2                __vector_25
                0x000000a2                __vector_11
                0x000000a2                __vector_13
                0x000000a2                __vector_17
                0x000000a2                __vector_19
                0x000000a2                __vector_7
                0x000000a2                __vector_5
                0x000000a2                __vector_4
                0x000000a2                __vector_9
                0x000000a2                __vector_2
                0x000000a2                __vector_21
                0x000000a2                __vector_15
                0x000000a2                __vector_8
                0x000000a2                __vector_14
                0x000000a2                __vector_10
                0x000000a2                __vector_16
                0x000000a2                __vector_18
                0x000000a2                __vector_20
 .text          0x000000a6       0x1a spi_c_328.o
                0x000000a6                main
 .text          0x000000c0       0x18 spi0_init_master.o
                0x000000c0                spi0_init_master
 .text          0x000000d8        0xc spi0_master_rw8.o
                0x000000d8                spi0_master_rw8
 .text          0x000000e4       0x20 spi0_master_rw16.o
                0x000000e4                spi0_master_rw16
 .text          0x00000104        0x6 spi0_ss.o
                0x00000104                spi0_SS
 .text          0x0000010a        0x0 c:/winavr-20100110/bin/../lib/gcc/avr/4.3.3/avr5\libgcc.a(_exit.o)
 .text          0x0000010a        0x0 c:/winavr-20100110/bin/../lib/gcc/avr/4.3.3/avr5\libgcc.a(_copy_data.o)
 .text          0x0000010a        0x0 c:/winavr-20100110/bin/../lib/gcc/avr/4.3.3/avr5\libgcc.a(_clear_bss.o)
 .text          0x0000010a        0x0 c:/winavr-20100110/bin/../lib/gcc/avr/4.3.3/../../../../avr/lib/avr5\libc.a(puts.o)
 .text          0x0000010a        0x0 c:/winavr-20100110/bin/../lib/gcc/avr/4.3.3/../../../../avr/lib/avr5\libc.a(iob.o)
                0x0000010a                . = ALIGN (0x2)
 *(.text.*)
 .text.libgcc   0x0000010a        0x0 c:/winavr-20100110/bin/../lib/gcc/avr/4.3.3/avr5\libgcc.a(_exit.o)
 .text.libgcc   0x0000010a        0x0 c:/winavr-20100110/bin/../lib/gcc/avr/4.3.3/avr5\libgcc.a(_copy_data.o)
 .text.libgcc   0x0000010a        0x0 c:/winavr-20100110/bin/../lib/gcc/avr/4.3.3/avr5\libgcc.a(_clear_bss.o)
 .text.avr-libc
                0x0000010a       0x6a c:/winavr-20100110/bin/../lib/gcc/avr/4.3.3/../../../../avr/lib/avr5\libc.a(puts.o)
                0x0000010a                puts
                0x00000174                . = ALIGN (0x2)
 *(.fini9)
 .fini9         0x00000174        0x0 c:/winavr-20100110/bin/../lib/gcc/avr/4.3.3/avr5\libgcc.a(_exit.o)
                0x00000174                exit
                0x00000174                _exit
 *(.fini9)
 *(.fini8)
 *(.fini8)
 *(.fini7)
 *(.fini7)
 *(.fini6)
 *(.fini6)
 *(.fini5)
 *(.fini5)
 *(.fini4)
 *(.fini4)
 *(.fini3)
 *(.fini3)
 *(.fini2)
 *(.fini2)
 *(.fini1)
 *(.fini1)
 *(.fini0)
 .fini0         0x00000174        0x4 c:/winavr-20100110/bin/../lib/gcc/avr/4.3.3/avr5\libgcc.a(_exit.o)
 *(.fini0)
                0x00000178                _etext = .

.data           0x00800100       0x10 load address 0x00000178
                0x00800100                PROVIDE (__data_start, .)
 *(.data)
 .data          0x00800100        0x0 c:/winavr-20100110/bin/../lib/gcc/avr/4.3.3/../../../../avr/lib/avr5/crtm328.o
 .data          0x00800100       0x10 spi_c_328.o
 .data          0x00800110        0x0 spi0_init_master.o
 .data          0x00800110        0x0 spi0_master_rw8.o
 .data          0x00800110        0x0 spi0_master_rw16.o
 .data          0x00800110        0x0 spi0_ss.o
 .data          0x00800110        0x0 c:/winavr-20100110/bin/../lib/gcc/avr/4.3.3/avr5\libgcc.a(_exit.o)
 .data          0x00800110        0x0 c:/winavr-20100110/bin/../lib/gcc/avr/4.3.3/avr5\libgcc.a(_copy_data.o)
 .data          0x00800110        0x0 c:/winavr-20100110/bin/../lib/gcc/avr/4.3.3/avr5\libgcc.a(_clear_bss.o)
 .data          0x00800110        0x0 c:/winavr-20100110/bin/../lib/gcc/avr/4.3.3/../../../../avr/lib/avr5\libc.a(puts.o)
 .data          0x00800110        0x0 c:/winavr-20100110/bin/../lib/gcc/avr/4.3.3/../../../../avr/lib/avr5\libc.a(iob.o)
 *(.data*)
 *(.rodata)
 *(.rodata*)
 *(.gnu.linkonce.d*)
                0x00800110                . = ALIGN (0x2)
                0x00800110                _edata = .
                0x00800110                PROVIDE (__data_end, .)

.bss            0x00800110       0xd8
                0x00800110                PROVIDE (__bss_start, .)
 *(.bss)
 .bss           0x00800110        0x0 c:/winavr-20100110/bin/../lib/gcc/avr/4.3.3/../../../../avr/lib/avr5/crtm328.o
 .bss           0x00800110        0x0 spi_c_328.o
 .bss           0x00800110        0x0 spi0_init_master.o
 .bss           0x00800110        0x0 spi0_master_rw8.o
 .bss           0x00800110        0x0 spi0_master_rw16.o
 .bss           0x00800110        0x0 spi0_ss.o
 .bss           0x00800110        0x0 c:/winavr-20100110/bin/../lib/gcc/avr/4.3.3/avr5\libgcc.a(_exit.o)
 .bss           0x00800110        0x0 c:/winavr-20100110/bin/../lib/gcc/avr/4.3.3/avr5\libgcc.a(_copy_data.o)
 .bss           0x00800110        0x0 c:/winavr-20100110/bin/../lib/gcc/avr/4.3.3/avr5\libgcc.a(_clear_bss.o)
 .bss           0x00800110        0x0 c:/winavr-20100110/bin/../lib/gcc/avr/4.3.3/../../../../avr/lib/avr5\libc.a(puts.o)
 .bss           0x00800110        0x0 c:/winavr-20100110/bin/../lib/gcc/avr/4.3.3/../../../../avr/lib/avr5\libc.a(iob.o)
 *(.bss*)
 *(COMMON)
 COMMON         0x00800110       0xd2 spi_c_328.o
                0x00800110                usart0_transmit_buffer
                0x00800190                usart0_transmit_ring
                0x00800198                usart0_receive_ring
                0x008001a0                usart0_receive_buffer
                0x008001e0                usart_buffered_tx_flag
                0x008001e1                usart_tx_ready_flag
 COMMON         0x008001e2        0x6 c:/winavr-20100110/bin/../lib/gcc/avr/4.3.3/../../../../avr/lib/avr5\libc.a(iob.o)
                0x008001e2                __iob
                0x008001e8                PROVIDE (__bss_end, .)
                0x00000178                __data_load_start = LOADADDR (.data)
                0x00000188                __data_load_end = (__data_load_start + SIZEOF (.data))

.noinit         0x008001e8        0x0
                0x008001e8                PROVIDE (__noinit_start, .)
 *(.noinit*)
                0x008001e8                PROVIDE (__noinit_end, .)
                0x008001e8                _end = .
                0x008001e8                PROVIDE (__heap_start, .)

.eeprom         0x00810000        0x0
 *(.eeprom*)
                0x00810000                __eeprom_end = .

.fuse
 *(.fuse)
 *(.lfuse)
 *(.hfuse)
 *(.efuse)

.lock
 *(.lock*)

.signature
 *(.signature*)

.stab
 *(.stab)

.stabstr
 *(.stabstr)

.stab.excl
 *(.stab.excl)

.stab.exclstr
 *(.stab.exclstr)

.stab.index
 *(.stab.index)

.stab.indexstr
 *(.stab.indexstr)

.comment
 *(.comment)

.debug
 *(.debug)

.line
 *(.line)

.debug_srcinfo
 *(.debug_srcinfo)

.debug_sfnames
 *(.debug_sfnames)

.debug_aranges  0x00000000       0xa0
 *(.debug_aranges)
 .debug_aranges
                0x00000000       0x20 spi_c_328.o
 .debug_aranges
                0x00000020       0x20 spi0_init_master.o
 .debug_aranges
                0x00000040       0x20 spi0_master_rw8.o
 .debug_aranges
                0x00000060       0x20 spi0_master_rw16.o
 .debug_aranges
                0x00000080       0x20 spi0_ss.o

.debug_pubnames
                0x00000000      0x146
 *(.debug_pubnames)
 .debug_pubnames
                0x00000000       0xb4 spi_c_328.o
 .debug_pubnames
                0x000000b4       0x27 spi0_init_master.o
 .debug_pubnames
                0x000000db       0x26 spi0_master_rw8.o
 .debug_pubnames
                0x00000101       0x27 spi0_master_rw16.o
 .debug_pubnames
                0x00000128       0x1e spi0_ss.o

.debug_info     0x00000000      0x408
 *(.debug_info)
 .debug_info    0x00000000      0x1b6 spi_c_328.o
 .debug_info    0x000001b6       0x72 spi0_init_master.o
 .debug_info    0x00000228       0xa0 spi0_master_rw8.o
 .debug_info    0x000002c8       0xce spi0_master_rw16.o
 .debug_info    0x00000396       0x72 spi0_ss.o
 *(.gnu.linkonce.wi.*)

.debug_abbrev   0x00000000      0x218
 *(.debug_abbrev)
 .debug_abbrev  0x00000000       0xa6 spi_c_328.o
 .debug_abbrev  0x000000a6       0x3f spi0_init_master.o
 .debug_abbrev  0x000000e5       0x6c spi0_master_rw8.o
 .debug_abbrev  0x00000151       0x88 spi0_master_rw16.o
 .debug_abbrev  0x000001d9       0x3f spi0_ss.o

.debug_line     0x00000000      0x400
 *(.debug_line)
 .debug_line    0x00000000      0x110 spi_c_328.o
 .debug_line    0x00000110       0xaa spi0_init_master.o
 .debug_line    0x000001ba       0xd2 spi0_master_rw8.o
 .debug_line    0x0000028c       0xeb spi0_master_rw16.o
 .debug_line    0x00000377       0x89 spi0_ss.o

.debug_frame    0x00000000       0xa0
 *(.debug_frame)
 .debug_frame   0x00000000       0x20 spi_c_328.o
 .debug_frame   0x00000020       0x20 spi0_init_master.o
 .debug_frame   0x00000040       0x20 spi0_master_rw8.o
 .debug_frame   0x00000060       0x20 spi0_master_rw16.o
 .debug_frame   0x00000080       0x20 spi0_ss.o

.debug_str      0x00000000      0x2b6
 *(.debug_str)
 .debug_str     0x00000000      0x174 spi_c_328.o
                                0x1b4 (size before relaxing)
 .debug_str     0x00000174       0x42 spi0_init_master.o
                                 0xe8 (size before relaxing)
 .debug_str     0x000001b6       0x54 spi0_master_rw8.o
                                0x102 (size before relaxing)
 .debug_str     0x0000020a       0x7c spi0_master_rw16.o
                                0x13c (size before relaxing)
 .debug_str     0x00000286       0x30 spi0_ss.o
                                 0xd6 (size before relaxing)

.debug_loc      0x00000000       0x71
 *(.debug_loc)
 .debug_loc     0x00000000       0x26 spi0_master_rw8.o
 .debug_loc     0x00000026       0x4b spi0_master_rw16.o

.debug_macinfo
 *(.debug_macinfo)
OUTPUT(spi_c_328.elf elf32-avr)
LOAD linker stubs
