Archive member included because of file (symbol)

C:\avrtoolbox\libavr\librarian\atmega328\libavr_atmega328_002.a(serial_begin.o)
                              digitalio.o (serial_begin)
C:\avrtoolbox\libavr\librarian\atmega328\libavr_atmega328_002.a(serial_out.o)
                              digitalio.o (serial_out)
C:\avrtoolbox\libavr\librarian\atmega328\libavr_atmega328_002.a(usart0.o)
                              C:\avrtoolbox\libavr\librarian\atmega328\libavr_atmega328_002.a(serial_begin.o) (usart0_init)
C:\avrtoolbox\libavr\librarian\atmega328\libavr_atmega328_002.a(usart0_transmit_buffer_insert.o)
                              C:\avrtoolbox\libavr\librarian\atmega328\libavr_atmega328_002.a(usart0.o) (usart0_transmit_buffer_insert)
C:\avrtoolbox\libavr\librarian\atmega328\libavr_atmega328_002.a(usart0_transmit_buffer_inuse_count.o)
                              C:\avrtoolbox\libavr\librarian\atmega328\libavr_atmega328_002.a(usart0.o) (usart0_transmit_buffer_inuse_count)
C:\avrtoolbox\libavr\librarian\atmega328\libavr_atmega328_002.a(ring_add.o)
                              C:\avrtoolbox\libavr\librarian\atmega328\libavr_atmega328_002.a(usart0.o) (ring_add)
C:\avrtoolbox\libavr\librarian\atmega328\libavr_atmega328_002.a(ring_init.o)
                              C:\avrtoolbox\libavr\librarian\atmega328\libavr_atmega328_002.a(usart0.o) (ring_init)
C:\avrtoolbox\libavr\librarian\atmega328\libavr_atmega328_002.a(ring_clear.o)
                              C:\avrtoolbox\libavr\librarian\atmega328\libavr_atmega328_002.a(ring_init.o) (ring_clear)
C:\avrtoolbox\libavr\librarian\atmega328\libavr_atmega328_002.a(ring_remove.o)
                              C:\avrtoolbox\libavr\librarian\atmega328\libavr_atmega328_002.a(usart0.o) (ring_remove)
C:\avrtoolbox\libavr\librarian\atmega328\libavr_atmega328_002.a(usart0_buffer_insert.o)
                              C:\avrtoolbox\libavr\librarian\atmega328\libavr_atmega328_002.a(usart0_transmit_buffer_insert.o) (usart0_buffer_insert)
C:\avrtoolbox\libavr\librarian\atmega328\libavr_atmega328_002.a(usart0_buffer_inuse_count.o)
                              C:\avrtoolbox\libavr\librarian\atmega328\libavr_atmega328_002.a(usart0_transmit_buffer_inuse_count.o) (usart0_buffer_inuse_count)
c:/winavr-20100110/bin/../lib/gcc/avr/4.3.3/avr5\libgcc.a(_udivmodsi4.o)
                              C:\avrtoolbox\libavr\librarian\atmega328\libavr_atmega328_002.a(usart0.o) (__udivmodsi4)
c:/winavr-20100110/bin/../lib/gcc/avr/4.3.3/avr5\libgcc.a(_exit.o)
                              c:/winavr-20100110/bin/../lib/gcc/avr/4.3.3/../../../../avr/lib/avr5/crtm328.o (exit)
c:/winavr-20100110/bin/../lib/gcc/avr/4.3.3/avr5\libgcc.a(_copy_data.o)
                              digitalio.o (__do_copy_data)
c:/winavr-20100110/bin/../lib/gcc/avr/4.3.3/avr5\libgcc.a(_clear_bss.o)
                              digitalio.o (__do_clear_bss)
c:/winavr-20100110/bin/../lib/gcc/avr/4.3.3/../../../../avr/lib/avr5\libc.a(memset.o)
                              C:\avrtoolbox\libavr\librarian\atmega328\libavr_atmega328_002.a(ring_clear.o) (memset)
c:/winavr-20100110/bin/../lib/gcc/avr/4.3.3/../../../../avr/lib/avr5\libc.a(iob.o)
                              C:\avrtoolbox\libavr\librarian\atmega328\libavr_atmega328_002.a(usart0.o) (__iob)
c:/winavr-20100110/bin/../lib/gcc/avr/4.3.3/../../../../avr/lib/avr5\libc.a(vprintf.o)
                              C:\avrtoolbox\libavr\librarian\atmega328\libavr_atmega328_002.a(serial_out.o) (vprintf)
c:/winavr-20100110/bin/../lib/gcc/avr/4.3.3/../../../../avr/lib/avr5\libc.a(vfprintf_std.o)
                              c:/winavr-20100110/bin/../lib/gcc/avr/4.3.3/../../../../avr/lib/avr5\libc.a(vprintf.o) (vfprintf)
c:/winavr-20100110/bin/../lib/gcc/avr/4.3.3/../../../../avr/lib/avr5\libc.a(strnlen_P.o)
                              c:/winavr-20100110/bin/../lib/gcc/avr/4.3.3/../../../../avr/lib/avr5\libc.a(vfprintf_std.o) (strnlen_P)
c:/winavr-20100110/bin/../lib/gcc/avr/4.3.3/../../../../avr/lib/avr5\libc.a(strnlen.o)
                              c:/winavr-20100110/bin/../lib/gcc/avr/4.3.3/../../../../avr/lib/avr5\libc.a(vfprintf_std.o) (strnlen)
c:/winavr-20100110/bin/../lib/gcc/avr/4.3.3/../../../../avr/lib/avr5\libc.a(fputc.o)
                              c:/winavr-20100110/bin/../lib/gcc/avr/4.3.3/../../../../avr/lib/avr5\libc.a(vfprintf_std.o) (fputc)
c:/winavr-20100110/bin/../lib/gcc/avr/4.3.3/../../../../avr/lib/avr5\libc.a(ultoa_invert.o)
                              c:/winavr-20100110/bin/../lib/gcc/avr/4.3.3/../../../../avr/lib/avr5\libc.a(vfprintf_std.o) (__ultoa_invert)
c:/winavr-20100110/bin/../lib/gcc/avr/4.3.3/avr5\libgcc.a(_prologue.o)
                              c:/winavr-20100110/bin/../lib/gcc/avr/4.3.3/../../../../avr/lib/avr5\libc.a(vfprintf_std.o) (__prologue_saves__)
c:/winavr-20100110/bin/../lib/gcc/avr/4.3.3/avr5\libgcc.a(_epilogue.o)
                              c:/winavr-20100110/bin/../lib/gcc/avr/4.3.3/../../../../avr/lib/avr5\libc.a(vfprintf_std.o) (__epilogue_restores__)

Allocating common symbols
Common symbol       size              file

usart0_transmit_buffer
                    0x80              digitalio.o
usart0_transmit_ring
                    0x8               digitalio.o
usart0_receive_ring
                    0x8               digitalio.o
usart0_receive_buffer
                    0x40              digitalio.o
usart_buffered_tx_flag
                    0x1               digitalio.o
usart_tx_ready_flag
                    0x1               digitalio.o
__iob               0x6               c:/winavr-20100110/bin/../lib/gcc/avr/4.3.3/../../../../avr/lib/avr5\libc.a(iob.o)

Memory Configuration

Name             Origin             Length             Attributes
text             0x00000000         0x00020000         xr
data             0x00800060         0x0000ffa0         rw !x
eeprom           0x00810000         0x00010000         rw !x
fuse             0x00820000         0x00000400         rw !x
lock             0x00830000         0x00000400         rw !x
signature        0x00840000         0x00000400         rw !x
*default*        0x00000000         0xffffffff

Linker script and memory map

Address of section .data set to 0x800100
LOAD c:/winavr-20100110/bin/../lib/gcc/avr/4.3.3/../../../../avr/lib/avr5/crtm328.o
LOAD digitalio.o
LOAD pin_mode.o
LOAD digital_read.o
LOAD digital_write.o
LOAD port_pin_mode.o
LOAD port_pin_read.o
LOAD port_pin_set.o
LOAD port_pin_clear.o
LOAD port_pin_activate_pullup.o
LOAD port_pin_deactivate_pullup.o
LOAD port_pin_write.o
LOAD C:\avrtoolbox\libavr\librarian\atmega328\libavr_atmega328_002.a
LOAD c:/winavr-20100110/bin/../lib/gcc/avr/4.3.3/avr5\libgcc.a
LOAD c:/winavr-20100110/bin/../lib/gcc/avr/4.3.3/../../../../avr/lib/avr5\libc.a
LOAD c:/winavr-20100110/bin/../lib/gcc/avr/4.3.3/avr5\libgcc.a

.hash
 *(.hash)

.dynsym
 *(.dynsym)

.dynstr
 *(.dynstr)

.gnu.version
 *(.gnu.version)

.gnu.version_d
 *(.gnu.version_d)

.gnu.version_r
 *(.gnu.version_r)

.rel.init
 *(.rel.init)

.rela.init
 *(.rela.init)

.rel.text
 *(.rel.text)
 *(.rel.text.*)
 *(.rel.gnu.linkonce.t*)

.rela.text
 *(.rela.text)
 *(.rela.text.*)
 *(.rela.gnu.linkonce.t*)

.rel.fini
 *(.rel.fini)

.rela.fini
 *(.rela.fini)

.rel.rodata
 *(.rel.rodata)
 *(.rel.rodata.*)
 *(.rel.gnu.linkonce.r*)

.rela.rodata
 *(.rela.rodata)
 *(.rela.rodata.*)
 *(.rela.gnu.linkonce.r*)

.rel.data
 *(.rel.data)
 *(.rel.data.*)
 *(.rel.gnu.linkonce.d*)

.rela.data
 *(.rela.data)
 *(.rela.data.*)
 *(.rela.gnu.linkonce.d*)

.rel.ctors
 *(.rel.ctors)

.rela.ctors
 *(.rela.ctors)

.rel.dtors
 *(.rel.dtors)

.rela.dtors
 *(.rela.dtors)

.rel.got
 *(.rel.got)

.rela.got
 *(.rela.got)

.rel.bss
 *(.rel.bss)

.rela.bss
 *(.rela.bss)

.rel.plt
 *(.rel.plt)

.rela.plt
 *(.rela.plt)

.text           0x00000000     0x1304
 *(.vectors)
 .vectors       0x00000000       0x68 c:/winavr-20100110/bin/../lib/gcc/avr/4.3.3/../../../../avr/lib/avr5/crtm328.o
                0x00000000                __vectors
                0x00000000                __vector_default
 *(.vectors)
 *(.progmem.gcc*)
 *(.progmem*)
                0x00000068                . = ALIGN (0x2)
                0x00000068                __trampolines_start = .
 *(.trampolines)
 .trampolines   0x00000068        0x0 linker stubs
 *(.trampolines*)
                0x00000068                __trampolines_end = .
 *(.jumptables)
 *(.jumptables*)
 *(.lowtext)
 *(.lowtext*)
                0x00000068                __ctors_start = .
 *(.ctors)
                0x00000068                __ctors_end = .
                0x00000068                __dtors_start = .
 *(.dtors)
                0x00000068                __dtors_end = .
 SORT(*)(.ctors)
 SORT(*)(.dtors)
 *(.init0)
 .init0         0x00000068        0x0 c:/winavr-20100110/bin/../lib/gcc/avr/4.3.3/../../../../avr/lib/avr5/crtm328.o
                0x00000068                __init
 *(.init0)
 *(.init1)
 *(.init1)
 *(.init2)
 .init2         0x00000068        0xc c:/winavr-20100110/bin/../lib/gcc/avr/4.3.3/../../../../avr/lib/avr5/crtm328.o
 *(.init2)
 *(.init3)
 *(.init3)
 *(.init4)
 .init4         0x00000074       0x16 c:/winavr-20100110/bin/../lib/gcc/avr/4.3.3/avr5\libgcc.a(_copy_data.o)
                0x00000074                __do_copy_data
 .init4         0x0000008a       0x10 c:/winavr-20100110/bin/../lib/gcc/avr/4.3.3/avr5\libgcc.a(_clear_bss.o)
                0x0000008a                __do_clear_bss
 *(.init4)
 *(.init5)
 *(.init5)
 *(.init6)
 *(.init6)
 *(.init7)
 *(.init7)
 *(.init8)
 *(.init8)
 *(.init9)
 .init9         0x0000009a        0x8 c:/winavr-20100110/bin/../lib/gcc/avr/4.3.3/../../../../avr/lib/avr5/crtm328.o
 *(.init9)
 *(.text)
 .text          0x000000a2        0x4 c:/winavr-20100110/bin/../lib/gcc/avr/4.3.3/../../../../avr/lib/avr5/crtm328.o
                0x000000a2                __vector_22
                0x000000a2                __vector_1
                0x000000a2                __vector_24
                0x000000a2                __vector_12
                0x000000a2                __bad_interrupt
                0x000000a2                __vector_6
                0x000000a2                __vector_3
                0x000000a2                __vector_23
                0x000000a2                __vector_25
                0x000000a2                __vector_11
                0x000000a2                __vector_13
                0x000000a2                __vector_17
                0x000000a2                __vector_19
                0x000000a2                __vector_7
                0x000000a2                __vector_5
                0x000000a2                __vector_4
                0x000000a2                __vector_9
                0x000000a2                __vector_2
                0x000000a2                __vector_21
                0x000000a2                __vector_15
                0x000000a2                __vector_8
                0x000000a2                __vector_14
                0x000000a2                __vector_10
                0x000000a2                __vector_16
 .text          0x000000a6      0x2cc digitalio.o
                0x000000a6                main
 .text          0x00000372       0xb0 pin_mode.o
                0x00000372                pin_mode
 .text          0x00000422       0x40 digital_read.o
                0x00000422                digital_read
 .text          0x00000462       0xb8 digital_write.o
                0x00000462                digital_write
 .text          0x0000051a       0xb2 port_pin_mode.o
                0x0000051a                port_pin_mode
 .text          0x000005cc       0x40 port_pin_read.o
                0x000005cc                port_pin_read
 .text          0x0000060c       0x5e port_pin_set.o
                0x0000060c                port_pin_set
 .text          0x0000066a       0x64 port_pin_clear.o
                0x0000066a                port_pin_clear
 .text          0x000006ce       0x7c port_pin_activate_pullup.o
                0x000006ce                port_pin_activate_pullup
 .text          0x0000074a       0x76 port_pin_deactivate_pullup.o
                0x0000074a                port_pin_deactivate_pullup
 .text          0x000007c0       0xba port_pin_write.o
                0x000007c0                port_pin_write
 .text          0x0000087a       0x34 C:\avrtoolbox\libavr\librarian\atmega328\libavr_atmega328_002.a(serial_begin.o)
                0x0000087a                serial_begin
 .text          0x000008ae       0x1c C:\avrtoolbox\libavr\librarian\atmega328\libavr_atmega328_002.a(serial_out.o)
                0x000008ae                serial_out
 .text          0x000008ca      0x32c C:\avrtoolbox\libavr\librarian\atmega328\libavr_atmega328_002.a(usart0.o)
                0x00000bd6                usart0_put_char_stream
                0x00000a40                usart0_init
                0x000008ca                usart0_uninit
                0x000008dc                usart0_baud_set
                0x00000918                usart0_parity_set
                0x00000a20                usart0_send
                0x00000954                __vector_18
                0x000009b4                __vector_20
 .text          0x00000bf6        0xc C:\avrtoolbox\libavr\librarian\atmega328\libavr_atmega328_002.a(usart0_transmit_buffer_insert.o)
                0x00000bf6                usart0_transmit_buffer_insert
 .text          0x00000c02        0xa C:\avrtoolbox\libavr\librarian\atmega328\libavr_atmega328_002.a(usart0_transmit_buffer_inuse_count.o)
                0x00000c02                usart0_transmit_buffer_inuse_count
 .text          0x00000c0c       0x5c C:\avrtoolbox\libavr\librarian\atmega328\libavr_atmega328_002.a(ring_add.o)
                0x00000c0c                ring_add
 .text          0x00000c68       0x20 C:\avrtoolbox\libavr\librarian\atmega328\libavr_atmega328_002.a(ring_init.o)
                0x00000c68                ring_init
 .text          0x00000c88       0x28 C:\avrtoolbox\libavr\librarian\atmega328\libavr_atmega328_002.a(ring_clear.o)
                0x00000c88                ring_clear
 .text          0x00000cb0       0x5a C:\avrtoolbox\libavr\librarian\atmega328\libavr_atmega328_002.a(ring_remove.o)
                0x00000cb0                ring_remove
 .text          0x00000d0a       0x1c C:\avrtoolbox\libavr\librarian\atmega328\libavr_atmega328_002.a(usart0_buffer_insert.o)
                0x00000d0a                usart0_buffer_insert
 .text          0x00000d26        0xc C:\avrtoolbox\libavr\librarian\atmega328\libavr_atmega328_002.a(usart0_buffer_inuse_count.o)
                0x00000d26                usart0_buffer_inuse_count
 .text          0x00000d32        0x0 c:/winavr-20100110/bin/../lib/gcc/avr/4.3.3/avr5\libgcc.a(_udivmodsi4.o)
 .text          0x00000d32        0x0 c:/winavr-20100110/bin/../lib/gcc/avr/4.3.3/avr5\libgcc.a(_exit.o)
 .text          0x00000d32        0x0 c:/winavr-20100110/bin/../lib/gcc/avr/4.3.3/avr5\libgcc.a(_copy_data.o)
 .text          0x00000d32        0x0 c:/winavr-20100110/bin/../lib/gcc/avr/4.3.3/avr5\libgcc.a(_clear_bss.o)
 .text          0x00000d32        0x0 c:/winavr-20100110/bin/../lib/gcc/avr/4.3.3/../../../../avr/lib/avr5\libc.a(memset.o)
 .text          0x00000d32        0x0 c:/winavr-20100110/bin/../lib/gcc/avr/4.3.3/../../../../avr/lib/avr5\libc.a(iob.o)
 .text          0x00000d32        0x0 c:/winavr-20100110/bin/../lib/gcc/avr/4.3.3/../../../../avr/lib/avr5\libc.a(vprintf.o)
 .text          0x00000d32        0x0 c:/winavr-20100110/bin/../lib/gcc/avr/4.3.3/../../../../avr/lib/avr5\libc.a(vfprintf_std.o)
 .text          0x00000d32        0x0 c:/winavr-20100110/bin/../lib/gcc/avr/4.3.3/../../../../avr/lib/avr5\libc.a(strnlen_P.o)
 .text          0x00000d32        0x0 c:/winavr-20100110/bin/../lib/gcc/avr/4.3.3/../../../../avr/lib/avr5\libc.a(strnlen.o)
 .text          0x00000d32        0x0 c:/winavr-20100110/bin/../lib/gcc/avr/4.3.3/../../../../avr/lib/avr5\libc.a(fputc.o)
 .text          0x00000d32        0x0 c:/winavr-20100110/bin/../lib/gcc/avr/4.3.3/../../../../avr/lib/avr5\libc.a(ultoa_invert.o)
 .text          0x00000d32        0x0 c:/winavr-20100110/bin/../lib/gcc/avr/4.3.3/avr5\libgcc.a(_prologue.o)
 .text          0x00000d32        0x0 c:/winavr-20100110/bin/../lib/gcc/avr/4.3.3/avr5\libgcc.a(_epilogue.o)
                0x00000d32                . = ALIGN (0x2)
 *(.text.*)
 .text.libgcc   0x00000d32       0x44 c:/winavr-20100110/bin/../lib/gcc/avr/4.3.3/avr5\libgcc.a(_udivmodsi4.o)
                0x00000d32                __udivmodsi4
 .text.libgcc   0x00000d76        0x0 c:/winavr-20100110/bin/../lib/gcc/avr/4.3.3/avr5\libgcc.a(_exit.o)
 .text.libgcc   0x00000d76        0x0 c:/winavr-20100110/bin/../lib/gcc/avr/4.3.3/avr5\libgcc.a(_copy_data.o)
 .text.libgcc   0x00000d76        0x0 c:/winavr-20100110/bin/../lib/gcc/avr/4.3.3/avr5\libgcc.a(_clear_bss.o)
 .text.avr-libc
                0x00000d76        0xe c:/winavr-20100110/bin/../lib/gcc/avr/4.3.3/../../../../avr/lib/avr5\libc.a(memset.o)
                0x00000d76                memset
 .text.avr-libc
                0x00000d84       0x14 c:/winavr-20100110/bin/../lib/gcc/avr/4.3.3/../../../../avr/lib/avr5\libc.a(vprintf.o)
                0x00000d84                vprintf
 .text.avr-libc
                0x00000d98      0x3ba c:/winavr-20100110/bin/../lib/gcc/avr/4.3.3/../../../../avr/lib/avr5\libc.a(vfprintf_std.o)
                0x00000d98                vfprintf
 .text.avr-libc
                0x00001152       0x16 c:/winavr-20100110/bin/../lib/gcc/avr/4.3.3/../../../../avr/lib/avr5\libc.a(strnlen_P.o)
                0x00001152                strnlen_P
 .text.avr-libc
                0x00001168       0x16 c:/winavr-20100110/bin/../lib/gcc/avr/4.3.3/../../../../avr/lib/avr5\libc.a(strnlen.o)
                0x00001168                strnlen
 .text.avr-libc
                0x0000117e       0x58 c:/winavr-20100110/bin/../lib/gcc/avr/4.3.3/../../../../avr/lib/avr5\libc.a(fputc.o)
                0x0000117e                fputc
 .text.avr-libc
                0x000011d6       0xbc c:/winavr-20100110/bin/../lib/gcc/avr/4.3.3/../../../../avr/lib/avr5\libc.a(ultoa_invert.o)
                0x000011d6                __ultoa_invert
 .text.libgcc   0x00001292       0x38 c:/winavr-20100110/bin/../lib/gcc/avr/4.3.3/avr5\libgcc.a(_prologue.o)
                0x00001292                __prologue_saves__
 .text.libgcc   0x000012ca       0x36 c:/winavr-20100110/bin/../lib/gcc/avr/4.3.3/avr5\libgcc.a(_epilogue.o)
                0x000012ca                __epilogue_restores__
                0x00001300                . = ALIGN (0x2)
 *(.fini9)
 .fini9         0x00001300        0x0 c:/winavr-20100110/bin/../lib/gcc/avr/4.3.3/avr5\libgcc.a(_exit.o)
                0x00001300                exit
                0x00001300                _exit
 *(.fini9)
 *(.fini8)
 *(.fini8)
 *(.fini7)
 *(.fini7)
 *(.fini6)
 *(.fini6)
 *(.fini5)
 *(.fini5)
 *(.fini4)
 *(.fini4)
 *(.fini3)
 *(.fini3)
 *(.fini2)
 *(.fini2)
 *(.fini1)
 *(.fini1)
 *(.fini0)
 .fini0         0x00001300        0x4 c:/winavr-20100110/bin/../lib/gcc/avr/4.3.3/avr5\libgcc.a(_exit.o)
 *(.fini0)
                0x00001304                _etext = .

.data           0x00800100       0x34 load address 0x00001304
                0x00800100                PROVIDE (__data_start, .)
 *(.data)
 .data          0x00800100        0x0 c:/winavr-20100110/bin/../lib/gcc/avr/4.3.3/../../../../avr/lib/avr5/crtm328.o
 .data          0x00800100       0x26 digitalio.o
 .data          0x00800126        0x0 pin_mode.o
 .data          0x00800126        0x0 digital_read.o
 .data          0x00800126        0x0 digital_write.o
 .data          0x00800126        0x0 port_pin_mode.o
 .data          0x00800126        0x0 port_pin_read.o
 .data          0x00800126        0x0 port_pin_set.o
 .data          0x00800126        0x0 port_pin_clear.o
 .data          0x00800126        0x0 port_pin_activate_pullup.o
 .data          0x00800126        0x0 port_pin_deactivate_pullup.o
 .data          0x00800126        0x0 port_pin_write.o
 .data          0x00800126        0x0 C:\avrtoolbox\libavr\librarian\atmega328\libavr_atmega328_002.a(serial_begin.o)
 .data          0x00800126        0x0 C:\avrtoolbox\libavr\librarian\atmega328\libavr_atmega328_002.a(serial_out.o)
 .data          0x00800126        0xe C:\avrtoolbox\libavr\librarian\atmega328\libavr_atmega328_002.a(usart0.o)
                0x00800126                mystdout
 .data          0x00800134        0x0 C:\avrtoolbox\libavr\librarian\atmega328\libavr_atmega328_002.a(usart0_transmit_buffer_insert.o)
 .data          0x00800134        0x0 C:\avrtoolbox\libavr\librarian\atmega328\libavr_atmega328_002.a(usart0_transmit_buffer_inuse_count.o)
 .data          0x00800134        0x0 C:\avrtoolbox\libavr\librarian\atmega328\libavr_atmega328_002.a(ring_add.o)
 .data          0x00800134        0x0 C:\avrtoolbox\libavr\librarian\atmega328\libavr_atmega328_002.a(ring_init.o)
 .data          0x00800134        0x0 C:\avrtoolbox\libavr\librarian\atmega328\libavr_atmega328_002.a(ring_clear.o)
 .data          0x00800134        0x0 C:\avrtoolbox\libavr\librarian\atmega328\libavr_atmega328_002.a(ring_remove.o)
 .data          0x00800134        0x0 C:\avrtoolbox\libavr\librarian\atmega328\libavr_atmega328_002.a(usart0_buffer_insert.o)
 .data          0x00800134        0x0 C:\avrtoolbox\libavr\librarian\atmega328\libavr_atmega328_002.a(usart0_buffer_inuse_count.o)
 .data          0x00800134        0x0 c:/winavr-20100110/bin/../lib/gcc/avr/4.3.3/avr5\libgcc.a(_udivmodsi4.o)
 .data          0x00800134        0x0 c:/winavr-20100110/bin/../lib/gcc/avr/4.3.3/avr5\libgcc.a(_exit.o)
 .data          0x00800134        0x0 c:/winavr-20100110/bin/../lib/gcc/avr/4.3.3/avr5\libgcc.a(_copy_data.o)
 .data          0x00800134        0x0 c:/winavr-20100110/bin/../lib/gcc/avr/4.3.3/avr5\libgcc.a(_clear_bss.o)
 .data          0x00800134        0x0 c:/winavr-20100110/bin/../lib/gcc/avr/4.3.3/../../../../avr/lib/avr5\libc.a(memset.o)
 .data          0x00800134        0x0 c:/winavr-20100110/bin/../lib/gcc/avr/4.3.3/../../../../avr/lib/avr5\libc.a(iob.o)
 .data          0x00800134        0x0 c:/winavr-20100110/bin/../lib/gcc/avr/4.3.3/../../../../avr/lib/avr5\libc.a(vprintf.o)
 .data          0x00800134        0x0 c:/winavr-20100110/bin/../lib/gcc/avr/4.3.3/../../../../avr/lib/avr5\libc.a(vfprintf_std.o)
 .data          0x00800134        0x0 c:/winavr-20100110/bin/../lib/gcc/avr/4.3.3/../../../../avr/lib/avr5\libc.a(strnlen_P.o)
 .data          0x00800134        0x0 c:/winavr-20100110/bin/../lib/gcc/avr/4.3.3/../../../../avr/lib/avr5\libc.a(strnlen.o)
 .data          0x00800134        0x0 c:/winavr-20100110/bin/../lib/gcc/avr/4.3.3/../../../../avr/lib/avr5\libc.a(fputc.o)
 .data          0x00800134        0x0 c:/winavr-20100110/bin/../lib/gcc/avr/4.3.3/../../../../avr/lib/avr5\libc.a(ultoa_invert.o)
 .data          0x00800134        0x0 c:/winavr-20100110/bin/../lib/gcc/avr/4.3.3/avr5\libgcc.a(_prologue.o)
 .data          0x00800134        0x0 c:/winavr-20100110/bin/../lib/gcc/avr/4.3.3/avr5\libgcc.a(_epilogue.o)
 *(.data*)
 *(.rodata)
 *(.rodata*)
 *(.gnu.linkonce.d*)
                0x00800134                . = ALIGN (0x2)
                0x00800134                _edata = .
                0x00800134                PROVIDE (__data_end, .)

.bss            0x00800134       0xd8
                0x00800134                PROVIDE (__bss_start, .)
 *(.bss)
 .bss           0x00800134        0x0 c:/winavr-20100110/bin/../lib/gcc/avr/4.3.3/../../../../avr/lib/avr5/crtm328.o
 .bss           0x00800134        0x0 digitalio.o
 .bss           0x00800134        0x0 pin_mode.o
 .bss           0x00800134        0x0 digital_read.o
 .bss           0x00800134        0x0 digital_write.o
 .bss           0x00800134        0x0 port_pin_mode.o
 .bss           0x00800134        0x0 port_pin_read.o
 .bss           0x00800134        0x0 port_pin_set.o
 .bss           0x00800134        0x0 port_pin_clear.o
 .bss           0x00800134        0x0 port_pin_activate_pullup.o
 .bss           0x00800134        0x0 port_pin_deactivate_pullup.o
 .bss           0x00800134        0x0 port_pin_write.o
 .bss           0x00800134        0x0 C:\avrtoolbox\libavr\librarian\atmega328\libavr_atmega328_002.a(serial_begin.o)
 .bss           0x00800134        0x0 C:\avrtoolbox\libavr\librarian\atmega328\libavr_atmega328_002.a(serial_out.o)
 .bss           0x00800134        0x0 C:\avrtoolbox\libavr\librarian\atmega328\libavr_atmega328_002.a(usart0.o)
 .bss           0x00800134        0x0 C:\avrtoolbox\libavr\librarian\atmega328\libavr_atmega328_002.a(usart0_transmit_buffer_insert.o)
 .bss           0x00800134        0x0 C:\avrtoolbox\libavr\librarian\atmega328\libavr_atmega328_002.a(usart0_transmit_buffer_inuse_count.o)
 .bss           0x00800134        0x0 C:\avrtoolbox\libavr\librarian\atmega328\libavr_atmega328_002.a(ring_add.o)
 .bss           0x00800134        0x0 C:\avrtoolbox\libavr\librarian\atmega328\libavr_atmega328_002.a(ring_init.o)
 .bss           0x00800134        0x0 C:\avrtoolbox\libavr\librarian\atmega328\libavr_atmega328_002.a(ring_clear.o)
 .bss           0x00800134        0x0 C:\avrtoolbox\libavr\librarian\atmega328\libavr_atmega328_002.a(ring_remove.o)
 .bss           0x00800134        0x0 C:\avrtoolbox\libavr\librarian\atmega328\libavr_atmega328_002.a(usart0_buffer_insert.o)
 .bss           0x00800134        0x0 C:\avrtoolbox\libavr\librarian\atmega328\libavr_atmega328_002.a(usart0_buffer_inuse_count.o)
 .bss           0x00800134        0x0 c:/winavr-20100110/bin/../lib/gcc/avr/4.3.3/avr5\libgcc.a(_udivmodsi4.o)
 .bss           0x00800134        0x0 c:/winavr-20100110/bin/../lib/gcc/avr/4.3.3/avr5\libgcc.a(_exit.o)
 .bss           0x00800134        0x0 c:/winavr-20100110/bin/../lib/gcc/avr/4.3.3/avr5\libgcc.a(_copy_data.o)
 .bss           0x00800134        0x0 c:/winavr-20100110/bin/../lib/gcc/avr/4.3.3/avr5\libgcc.a(_clear_bss.o)
 .bss           0x00800134        0x0 c:/winavr-20100110/bin/../lib/gcc/avr/4.3.3/../../../../avr/lib/avr5\libc.a(memset.o)
 .bss           0x00800134        0x0 c:/winavr-20100110/bin/../lib/gcc/avr/4.3.3/../../../../avr/lib/avr5\libc.a(iob.o)
 .bss           0x00800134        0x0 c:/winavr-20100110/bin/../lib/gcc/avr/4.3.3/../../../../avr/lib/avr5\libc.a(vprintf.o)
 .bss           0x00800134        0x0 c:/winavr-20100110/bin/../lib/gcc/avr/4.3.3/../../../../avr/lib/avr5\libc.a(vfprintf_std.o)
 .bss           0x00800134        0x0 c:/winavr-20100110/bin/../lib/gcc/avr/4.3.3/../../../../avr/lib/avr5\libc.a(strnlen_P.o)
 .bss           0x00800134        0x0 c:/winavr-20100110/bin/../lib/gcc/avr/4.3.3/../../../../avr/lib/avr5\libc.a(strnlen.o)
 .bss           0x00800134        0x0 c:/winavr-20100110/bin/../lib/gcc/avr/4.3.3/../../../../avr/lib/avr5\libc.a(fputc.o)
 .bss           0x00800134        0x0 c:/winavr-20100110/bin/../lib/gcc/avr/4.3.3/../../../../avr/lib/avr5\libc.a(ultoa_invert.o)
 .bss           0x00800134        0x0 c:/winavr-20100110/bin/../lib/gcc/avr/4.3.3/avr5\libgcc.a(_prologue.o)
 .bss           0x00800134        0x0 c:/winavr-20100110/bin/../lib/gcc/avr/4.3.3/avr5\libgcc.a(_epilogue.o)
 *(.bss*)
 *(COMMON)
 COMMON         0x00800134       0xd2 digitalio.o
                0x00800134                usart0_transmit_buffer
                0x008001b4                usart0_transmit_ring
                0x008001bc                usart0_receive_ring
                0x008001c4                usart0_receive_buffer
                0x00800204                usart_buffered_tx_flag
                0x00800205                usart_tx_ready_flag
 COMMON         0x00800206        0x6 c:/winavr-20100110/bin/../lib/gcc/avr/4.3.3/../../../../avr/lib/avr5\libc.a(iob.o)
                0x00800206                __iob
                0x0080020c                PROVIDE (__bss_end, .)
                0x00001304                __data_load_start = LOADADDR (.data)
                0x00001338                __data_load_end = (__data_load_start + SIZEOF (.data))

.noinit         0x0080020c        0x0
                0x0080020c                PROVIDE (__noinit_start, .)
 *(.noinit*)
                0x0080020c                PROVIDE (__noinit_end, .)
                0x0080020c                _end = .
                0x0080020c                PROVIDE (__heap_start, .)

.eeprom         0x00810000        0x0
 *(.eeprom*)
                0x00810000                __eeprom_end = .

.fuse
 *(.fuse)
 *(.lfuse)
 *(.hfuse)
 *(.efuse)

.lock
 *(.lock*)

.signature
 *(.signature*)

.stab
 *(.stab)

.stabstr
 *(.stabstr)

.stab.excl
 *(.stab.excl)

.stab.exclstr
 *(.stab.exclstr)

.stab.index
 *(.stab.index)

.stab.indexstr
 *(.stab.indexstr)

.comment
 *(.comment)

.debug
 *(.debug)

.line
 *(.line)

.debug_srcinfo
 *(.debug_srcinfo)

.debug_sfnames
 *(.debug_sfnames)

.debug_aranges  0x00000000      0x2c0
 *(.debug_aranges)
 .debug_aranges
                0x00000000       0x20 digitalio.o
 .debug_aranges
                0x00000020       0x20 pin_mode.o
 .debug_aranges
                0x00000040       0x20 digital_read.o
 .debug_aranges
                0x00000060       0x20 digital_write.o
 .debug_aranges
                0x00000080       0x20 port_pin_mode.o
 .debug_aranges
                0x000000a0       0x20 port_pin_read.o
 .debug_aranges
                0x000000c0       0x20 port_pin_set.o
 .debug_aranges
                0x000000e0       0x20 port_pin_clear.o
 .debug_aranges
                0x00000100       0x20 port_pin_activate_pullup.o
 .debug_aranges
                0x00000120       0x20 port_pin_deactivate_pullup.o
 .debug_aranges
                0x00000140       0x20 port_pin_write.o
 .debug_aranges
                0x00000160       0x20 C:\avrtoolbox\libavr\librarian\atmega328\libavr_atmega328_002.a(serial_begin.o)
 .debug_aranges
                0x00000180       0x20 C:\avrtoolbox\libavr\librarian\atmega328\libavr_atmega328_002.a(serial_out.o)
 .debug_aranges
                0x000001a0       0x20 C:\avrtoolbox\libavr\librarian\atmega328\libavr_atmega328_002.a(usart0.o)
 .debug_aranges
                0x000001c0       0x20 C:\avrtoolbox\libavr\librarian\atmega328\libavr_atmega328_002.a(usart0_transmit_buffer_insert.o)
 .debug_aranges
                0x000001e0       0x20 C:\avrtoolbox\libavr\librarian\atmega328\libavr_atmega328_002.a(usart0_transmit_buffer_inuse_count.o)
 .debug_aranges
                0x00000200       0x20 C:\avrtoolbox\libavr\librarian\atmega328\libavr_atmega328_002.a(ring_add.o)
 .debug_aranges
                0x00000220       0x20 C:\avrtoolbox\libavr\librarian\atmega328\libavr_atmega328_002.a(ring_init.o)
 .debug_aranges
                0x00000240       0x20 C:\avrtoolbox\libavr\librarian\atmega328\libavr_atmega328_002.a(ring_clear.o)
 .debug_aranges
                0x00000260       0x20 C:\avrtoolbox\libavr\librarian\atmega328\libavr_atmega328_002.a(ring_remove.o)
 .debug_aranges
                0x00000280       0x20 C:\avrtoolbox\libavr\librarian\atmega328\libavr_atmega328_002.a(usart0_buffer_insert.o)
 .debug_aranges
                0x000002a0       0x20 C:\avrtoolbox\libavr\librarian\atmega328\libavr_atmega328_002.a(usart0_buffer_inuse_count.o)

.debug_pubnames
                0x00000000      0xe9c
 *(.debug_pubnames)
 .debug_pubnames
                0x00000000       0xb4 digitalio.o
 .debug_pubnames
                0x000000b4       0xb8 pin_mode.o
 .debug_pubnames
                0x0000016c       0xbc digital_read.o
 .debug_pubnames
                0x00000228       0xbd digital_write.o
 .debug_pubnames
                0x000002e5       0xbd port_pin_mode.o
 .debug_pubnames
                0x000003a2       0xbd port_pin_read.o
 .debug_pubnames
                0x0000045f       0xbc port_pin_set.o
 .debug_pubnames
                0x0000051b       0xbe port_pin_clear.o
 .debug_pubnames
                0x000005d9       0xc8 port_pin_activate_pullup.o
 .debug_pubnames
                0x000006a1       0xca port_pin_deactivate_pullup.o
 .debug_pubnames
                0x0000076b       0xbe port_pin_write.o
 .debug_pubnames
                0x00000829       0xbc C:\avrtoolbox\libavr\librarian\atmega328\libavr_atmega328_002.a(serial_begin.o)
 .debug_pubnames
                0x000008e5       0xba C:\avrtoolbox\libavr\librarian\atmega328\libavr_atmega328_002.a(serial_out.o)
 .debug_pubnames
                0x0000099f      0x14f C:\avrtoolbox\libavr\librarian\atmega328\libavr_atmega328_002.a(usart0.o)
 .debug_pubnames
                0x00000aee       0xcd C:\avrtoolbox\libavr\librarian\atmega328\libavr_atmega328_002.a(usart0_transmit_buffer_insert.o)
 .debug_pubnames
                0x00000bbb       0xd2 C:\avrtoolbox\libavr\librarian\atmega328\libavr_atmega328_002.a(usart0_transmit_buffer_inuse_count.o)
 .debug_pubnames
                0x00000c8d       0x1f C:\avrtoolbox\libavr\librarian\atmega328\libavr_atmega328_002.a(ring_add.o)
 .debug_pubnames
                0x00000cac       0x20 C:\avrtoolbox\libavr\librarian\atmega328\libavr_atmega328_002.a(ring_init.o)
 .debug_pubnames
                0x00000ccc       0x21 C:\avrtoolbox\libavr\librarian\atmega328\libavr_atmega328_002.a(ring_clear.o)
 .debug_pubnames
                0x00000ced       0x22 C:\avrtoolbox\libavr\librarian\atmega328\libavr_atmega328_002.a(ring_remove.o)
 .debug_pubnames
                0x00000d0f       0xc4 C:\avrtoolbox\libavr\librarian\atmega328\libavr_atmega328_002.a(usart0_buffer_insert.o)
 .debug_pubnames
                0x00000dd3       0xc9 C:\avrtoolbox\libavr\librarian\atmega328\libavr_atmega328_002.a(usart0_buffer_inuse_count.o)

.debug_info     0x00000000     0x2b15
 *(.debug_info)
 .debug_info    0x00000000      0x1de digitalio.o
 .debug_info    0x000001de      0x1e2 pin_mode.o
 .debug_info    0x000003c0      0x1d5 digital_read.o
 .debug_info    0x00000595      0x1e2 digital_write.o
 .debug_info    0x00000777      0x1ef port_pin_mode.o
 .debug_info    0x00000966      0x1e2 port_pin_read.o
 .debug_info    0x00000b48      0x1e2 port_pin_set.o
 .debug_info    0x00000d2a      0x1e2 port_pin_clear.o
 .debug_info    0x00000f0c      0x1e2 port_pin_activate_pullup.o
 .debug_info    0x000010ee      0x1e2 port_pin_deactivate_pullup.o
 .debug_info    0x000012d0      0x1ef port_pin_write.o
 .debug_info    0x000014bf      0x274 C:\avrtoolbox\libavr\librarian\atmega328\libavr_atmega328_002.a(serial_begin.o)
 .debug_info    0x00001733      0x1f8 C:\avrtoolbox\libavr\librarian\atmega328\libavr_atmega328_002.a(serial_out.o)
 .debug_info    0x0000192b      0x512 C:\avrtoolbox\libavr\librarian\atmega328\libavr_atmega328_002.a(usart0.o)
 .debug_info    0x00001e3d      0x1da C:\avrtoolbox\libavr\librarian\atmega328\libavr_atmega328_002.a(usart0_transmit_buffer_insert.o)
 .debug_info    0x00002017      0x1b6 C:\avrtoolbox\libavr\librarian\atmega328\libavr_atmega328_002.a(usart0_transmit_buffer_inuse_count.o)
 .debug_info    0x000021cd      0x153 C:\avrtoolbox\libavr\librarian\atmega328\libavr_atmega328_002.a(ring_add.o)
 .debug_info    0x00002320      0x16f C:\avrtoolbox\libavr\librarian\atmega328\libavr_atmega328_002.a(ring_init.o)
 .debug_info    0x0000248f      0x146 C:\avrtoolbox\libavr\librarian\atmega328\libavr_atmega328_002.a(ring_clear.o)
 .debug_info    0x000025d5      0x158 C:\avrtoolbox\libavr\librarian\atmega328\libavr_atmega328_002.a(ring_remove.o)
 .debug_info    0x0000272d      0x1fe C:\avrtoolbox\libavr\librarian\atmega328\libavr_atmega328_002.a(usart0_buffer_insert.o)
 .debug_info    0x0000292b      0x1ea C:\avrtoolbox\libavr\librarian\atmega328\libavr_atmega328_002.a(usart0_buffer_inuse_count.o)
 *(.gnu.linkonce.wi.*)

.debug_abbrev   0x00000000     0x117d
 *(.debug_abbrev)
 .debug_abbrev  0x00000000       0xb5 digitalio.o
 .debug_abbrev  0x000000b5       0xc6 pin_mode.o
 .debug_abbrev  0x0000017b       0xb7 digital_read.o
 .debug_abbrev  0x00000232       0xc6 digital_write.o
 .debug_abbrev  0x000002f8       0xd5 port_pin_mode.o
 .debug_abbrev  0x000003cd       0xc6 port_pin_read.o
 .debug_abbrev  0x00000493       0xc6 port_pin_set.o
 .debug_abbrev  0x00000559       0xc6 port_pin_clear.o
 .debug_abbrev  0x0000061f       0xc6 port_pin_activate_pullup.o
 .debug_abbrev  0x000006e5       0xc6 port_pin_deactivate_pullup.o
 .debug_abbrev  0x000007ab       0xd5 port_pin_write.o
 .debug_abbrev  0x00000880       0xd8 C:\avrtoolbox\libavr\librarian\atmega328\libavr_atmega328_002.a(serial_begin.o)
 .debug_abbrev  0x00000958       0xd7 C:\avrtoolbox\libavr\librarian\atmega328\libavr_atmega328_002.a(serial_out.o)
 .debug_abbrev  0x00000a2f      0x1af C:\avrtoolbox\libavr\librarian\atmega328\libavr_atmega328_002.a(usart0.o)
 .debug_abbrev  0x00000bde       0xc4 C:\avrtoolbox\libavr\librarian\atmega328\libavr_atmega328_002.a(usart0_transmit_buffer_insert.o)
 .debug_abbrev  0x00000ca2       0xa6 C:\avrtoolbox\libavr\librarian\atmega328\libavr_atmega328_002.a(usart0_transmit_buffer_inuse_count.o)
 .debug_abbrev  0x00000d48       0xa2 C:\avrtoolbox\libavr\librarian\atmega328\libavr_atmega328_002.a(ring_add.o)
 .debug_abbrev  0x00000dea       0xaf C:\avrtoolbox\libavr\librarian\atmega328\libavr_atmega328_002.a(ring_init.o)
 .debug_abbrev  0x00000e99       0x93 C:\avrtoolbox\libavr\librarian\atmega328\libavr_atmega328_002.a(ring_clear.o)
 .debug_abbrev  0x00000f2c       0x9c C:\avrtoolbox\libavr\librarian\atmega328\libavr_atmega328_002.a(ring_remove.o)
 .debug_abbrev  0x00000fc8       0xe2 C:\avrtoolbox\libavr\librarian\atmega328\libavr_atmega328_002.a(usart0_buffer_insert.o)
 .debug_abbrev  0x000010aa       0xd3 C:\avrtoolbox\libavr\librarian\atmega328\libavr_atmega328_002.a(usart0_buffer_inuse_count.o)

.debug_line     0x00000000     0x1c9f
 *(.debug_line)
 .debug_line    0x00000000      0x220 digitalio.o
 .debug_line    0x00000220      0x16f pin_mode.o
 .debug_line    0x0000038f      0x133 digital_read.o
 .debug_line    0x000004c2      0x144 digital_write.o
 .debug_line    0x00000606      0x164 port_pin_mode.o
 .debug_line    0x0000076a      0x134 port_pin_read.o
 .debug_line    0x0000089e      0x133 port_pin_set.o
 .debug_line    0x000009d1      0x135 port_pin_clear.o
 .debug_line    0x00000b06      0x157 port_pin_activate_pullup.o
 .debug_line    0x00000c5d      0x159 port_pin_deactivate_pullup.o
 .debug_line    0x00000db6      0x135 port_pin_write.o
 .debug_line    0x00000eeb      0x13d C:\avrtoolbox\libavr\librarian\atmega328\libavr_atmega328_002.a(serial_begin.o)
 .debug_line    0x00001028      0x16b C:\avrtoolbox\libavr\librarian\atmega328\libavr_atmega328_002.a(serial_out.o)
 .debug_line    0x00001193      0x2f2 C:\avrtoolbox\libavr\librarian\atmega328\libavr_atmega328_002.a(usart0.o)
 .debug_line    0x00001485      0x110 C:\avrtoolbox\libavr\librarian\atmega328\libavr_atmega328_002.a(usart0_transmit_buffer_insert.o)
 .debug_line    0x00001595      0x115 C:\avrtoolbox\libavr\librarian\atmega328\libavr_atmega328_002.a(usart0_transmit_buffer_inuse_count.o)
 .debug_line    0x000016aa       0xf7 C:\avrtoolbox\libavr\librarian\atmega328\libavr_atmega328_002.a(ring_add.o)
 .debug_line    0x000017a1       0xe0 C:\avrtoolbox\libavr\librarian\atmega328\libavr_atmega328_002.a(ring_init.o)
 .debug_line    0x00001881       0xe9 C:\avrtoolbox\libavr\librarian\atmega328\libavr_atmega328_002.a(ring_clear.o)
 .debug_line    0x0000196a       0xf2 C:\avrtoolbox\libavr\librarian\atmega328\libavr_atmega328_002.a(ring_remove.o)
 .debug_line    0x00001a5c      0x127 C:\avrtoolbox\libavr\librarian\atmega328\libavr_atmega328_002.a(usart0_buffer_insert.o)
 .debug_line    0x00001b83      0x11c C:\avrtoolbox\libavr\librarian\atmega328\libavr_atmega328_002.a(usart0_buffer_inuse_count.o)

.debug_frame    0x00000000      0x330
 *(.debug_frame)
 .debug_frame   0x00000000       0x20 digitalio.o
 .debug_frame   0x00000020       0x20 pin_mode.o
 .debug_frame   0x00000040       0x20 digital_read.o
 .debug_frame   0x00000060       0x20 digital_write.o
 .debug_frame   0x00000080       0x20 port_pin_mode.o
 .debug_frame   0x000000a0       0x20 port_pin_read.o
 .debug_frame   0x000000c0       0x20 port_pin_set.o
 .debug_frame   0x000000e0       0x20 port_pin_clear.o
 .debug_frame   0x00000100       0x20 port_pin_activate_pullup.o
 .debug_frame   0x00000120       0x20 port_pin_deactivate_pullup.o
 .debug_frame   0x00000140       0x20 port_pin_write.o
 .debug_frame   0x00000160       0x20 C:\avrtoolbox\libavr\librarian\atmega328\libavr_atmega328_002.a(serial_begin.o)
 .debug_frame   0x00000180       0x20 C:\avrtoolbox\libavr\librarian\atmega328\libavr_atmega328_002.a(serial_out.o)
 .debug_frame   0x000001a0       0x90 C:\avrtoolbox\libavr\librarian\atmega328\libavr_atmega328_002.a(usart0.o)
 .debug_frame   0x00000230       0x20 C:\avrtoolbox\libavr\librarian\atmega328\libavr_atmega328_002.a(usart0_transmit_buffer_insert.o)
 .debug_frame   0x00000250       0x20 C:\avrtoolbox\libavr\librarian\atmega328\libavr_atmega328_002.a(usart0_transmit_buffer_inuse_count.o)
 .debug_frame   0x00000270       0x20 C:\avrtoolbox\libavr\librarian\atmega328\libavr_atmega328_002.a(ring_add.o)
 .debug_frame   0x00000290       0x20 C:\avrtoolbox\libavr\librarian\atmega328\libavr_atmega328_002.a(ring_init.o)
 .debug_frame   0x000002b0       0x20 C:\avrtoolbox\libavr\librarian\atmega328\libavr_atmega328_002.a(ring_clear.o)
 .debug_frame   0x000002d0       0x20 C:\avrtoolbox\libavr\librarian\atmega328\libavr_atmega328_002.a(ring_remove.o)
 .debug_frame   0x000002f0       0x20 C:\avrtoolbox\libavr\librarian\atmega328\libavr_atmega328_002.a(usart0_buffer_insert.o)
 .debug_frame   0x00000310       0x20 C:\avrtoolbox\libavr\librarian\atmega328\libavr_atmega328_002.a(usart0_buffer_inuse_count.o)

.debug_str      0x00000000      0x869
 *(.debug_str)
 .debug_str     0x00000000      0x186 digitalio.o
                                0x1cc (size before relaxing)
 .debug_str     0x00000186        0xe pin_mode.o
                                0x1c9 (size before relaxing)
 .debug_str     0x00000194       0x1f digital_read.o
                                0x1cc (size before relaxing)
 .debug_str     0x000001b3       0x21 digital_write.o
                                0x1d4 (size before relaxing)
 .debug_str     0x000001d4       0x27 port_pin_mode.o
                                0x1d9 (size before relaxing)
 .debug_str     0x000001fb       0x21 port_pin_read.o
                                0x1d4 (size before relaxing)
 .debug_str     0x0000021c       0x1f port_pin_set.o
                                0x1d2 (size before relaxing)
 .debug_str     0x0000023b       0x23 port_pin_clear.o
                                0x1d6 (size before relaxing)
 .debug_str     0x0000025e       0x37 port_pin_activate_pullup.o
                                0x1ea (size before relaxing)
 .debug_str     0x00000295       0x3b port_pin_deactivate_pullup.o
                                0x1ee (size before relaxing)
 .debug_str     0x000002d0       0x29 port_pin_write.o
                                0x1dc (size before relaxing)
 .debug_str     0x000002f9      0x158 C:\avrtoolbox\libavr\librarian\atmega328\libavr_atmega328_002.a(serial_begin.o)
                                0x2ca (size before relaxing)
 .debug_str     0x00000451       0x5e C:\avrtoolbox\libavr\librarian\atmega328\libavr_atmega328_002.a(serial_out.o)
                                0x219 (size before relaxing)
 .debug_str     0x000004af      0x148 C:\avrtoolbox\libavr\librarian\atmega328\libavr_atmega328_002.a(usart0.o)
                                0x3dd (size before relaxing)
 .debug_str     0x000005f7       0x6b C:\avrtoolbox\libavr\librarian\atmega328\libavr_atmega328_002.a(usart0_transmit_buffer_insert.o)
                                0x21e (size before relaxing)
 .debug_str     0x00000662       0x68 C:\avrtoolbox\libavr\librarian\atmega328\libavr_atmega328_002.a(usart0_transmit_buffer_inuse_count.o)
                                0x21b (size before relaxing)
 .debug_str     0x000006ca       0x3e C:\avrtoolbox\libavr\librarian\atmega328\libavr_atmega328_002.a(ring_add.o)
                                0x176 (size before relaxing)
 .debug_str     0x00000708       0x3e C:\avrtoolbox\libavr\librarian\atmega328\libavr_atmega328_002.a(ring_init.o)
                                0x177 (size before relaxing)
 .debug_str     0x00000746       0x38 C:\avrtoolbox\libavr\librarian\atmega328\libavr_atmega328_002.a(ring_clear.o)
                                0x173 (size before relaxing)
 .debug_str     0x0000077e       0x44 C:\avrtoolbox\libavr\librarian\atmega328\libavr_atmega328_002.a(ring_remove.o)
                                0x176 (size before relaxing)
 .debug_str     0x000007c2       0x51 C:\avrtoolbox\libavr\librarian\atmega328\libavr_atmega328_002.a(usart0_buffer_insert.o)
                                0x216 (size before relaxing)
 .debug_str     0x00000813       0x56 C:\avrtoolbox\libavr\librarian\atmega328\libavr_atmega328_002.a(usart0_buffer_inuse_count.o)
                                0x21a (size before relaxing)

.debug_loc      0x00000000      0x690
 *(.debug_loc)
 .debug_loc     0x00000000       0x76 pin_mode.o
 .debug_loc     0x00000076       0x60 digital_read.o
 .debug_loc     0x000000d6       0x76 digital_write.o
 .debug_loc     0x0000014c       0x1e port_pin_mode.o
 .debug_loc     0x0000016a       0x29 port_pin_read.o
 .debug_loc     0x00000193       0x1e port_pin_set.o
 .debug_loc     0x000001b1       0x1e port_pin_clear.o
 .debug_loc     0x000001cf       0x1e port_pin_activate_pullup.o
 .debug_loc     0x000001ed       0x1e port_pin_deactivate_pullup.o
 .debug_loc     0x0000020b       0x1e port_pin_write.o
 .debug_loc     0x00000229       0x1e C:\avrtoolbox\libavr\librarian\atmega328\libavr_atmega328_002.a(serial_begin.o)
 .debug_loc     0x00000247      0x1dd C:\avrtoolbox\libavr\librarian\atmega328\libavr_atmega328_002.a(usart0.o)
 .debug_loc     0x00000424       0x1e C:\avrtoolbox\libavr\librarian\atmega328\libavr_atmega328_002.a(usart0_transmit_buffer_insert.o)
 .debug_loc     0x00000442       0x50 C:\avrtoolbox\libavr\librarian\atmega328\libavr_atmega328_002.a(ring_add.o)
 .debug_loc     0x00000492       0xa1 C:\avrtoolbox\libavr\librarian\atmega328\libavr_atmega328_002.a(ring_init.o)
 .debug_loc     0x00000533       0x66 C:\avrtoolbox\libavr\librarian\atmega328\libavr_atmega328_002.a(ring_clear.o)
 .debug_loc     0x00000599       0x6e C:\avrtoolbox\libavr\librarian\atmega328\libavr_atmega328_002.a(ring_remove.o)
 .debug_loc     0x00000607       0x4e C:\avrtoolbox\libavr\librarian\atmega328\libavr_atmega328_002.a(usart0_buffer_insert.o)
 .debug_loc     0x00000655       0x3b C:\avrtoolbox\libavr\librarian\atmega328\libavr_atmega328_002.a(usart0_buffer_inuse_count.o)

.debug_macinfo
 *(.debug_macinfo)
OUTPUT(digitalio.elf elf32-avr)
LOAD linker stubs
