Archive member included because of file (symbol)

c:/winavr-20100110/bin/../lib/gcc/avr/4.3.3/avr5\libgcc.a(_udivmodsi4.o)
                              usart0.o (__udivmodsi4)
c:/winavr-20100110/bin/../lib/gcc/avr/4.3.3/avr5\libgcc.a(_exit.o)
                              c:/winavr-20100110/bin/../lib/gcc/avr/4.3.3/../../../../avr/lib/avr5/crtm328p.o (exit)
c:/winavr-20100110/bin/../lib/gcc/avr/4.3.3/avr5\libgcc.a(_copy_data.o)
                              usart0.o (__do_copy_data)
c:/winavr-20100110/bin/../lib/gcc/avr/4.3.3/avr5\libgcc.a(_clear_bss.o)
                              usart0.o (__do_clear_bss)
c:/winavr-20100110/bin/../lib/gcc/avr/4.3.3/../../../../avr/lib/avr5\libc.a(rand.o)
                              spi_tester.o (rand)
c:/winavr-20100110/bin/../lib/gcc/avr/4.3.3/../../../../avr/lib/avr5\libc.a(memset.o)
                              ring_clear.o (memset)
c:/winavr-20100110/bin/../lib/gcc/avr/4.3.3/../../../../avr/lib/avr5\libc.a(iob.o)
                              usart0.o (__iob)
c:/winavr-20100110/bin/../lib/gcc/avr/4.3.3/../../../../avr/lib/avr5\libc.a(printf_p.o)
                              spi_tester.o (printf_P)
c:/winavr-20100110/bin/../lib/gcc/avr/4.3.3/../../../../avr/lib/avr5\libc.a(puts.o)
                              spi_tester.o (puts)
c:/winavr-20100110/bin/../lib/gcc/avr/4.3.3/../../../../avr/lib/avr5\libc.a(vfprintf_std.o)
                              c:/winavr-20100110/bin/../lib/gcc/avr/4.3.3/../../../../avr/lib/avr5\libc.a(printf_p.o) (vfprintf)
c:/winavr-20100110/bin/../lib/gcc/avr/4.3.3/../../../../avr/lib/avr5\libc.a(strnlen_P.o)
                              c:/winavr-20100110/bin/../lib/gcc/avr/4.3.3/../../../../avr/lib/avr5\libc.a(vfprintf_std.o) (strnlen_P)
c:/winavr-20100110/bin/../lib/gcc/avr/4.3.3/../../../../avr/lib/avr5\libc.a(strnlen.o)
                              c:/winavr-20100110/bin/../lib/gcc/avr/4.3.3/../../../../avr/lib/avr5\libc.a(vfprintf_std.o) (strnlen)
c:/winavr-20100110/bin/../lib/gcc/avr/4.3.3/../../../../avr/lib/avr5\libc.a(fputc.o)
                              c:/winavr-20100110/bin/../lib/gcc/avr/4.3.3/../../../../avr/lib/avr5\libc.a(vfprintf_std.o) (fputc)
c:/winavr-20100110/bin/../lib/gcc/avr/4.3.3/../../../../avr/lib/avr5\libc.a(ultoa_invert.o)
                              c:/winavr-20100110/bin/../lib/gcc/avr/4.3.3/../../../../avr/lib/avr5\libc.a(vfprintf_std.o) (__ultoa_invert)
c:/winavr-20100110/bin/../lib/gcc/avr/4.3.3/avr5\libgcc.a(_mulsi3.o)
                              c:/winavr-20100110/bin/../lib/gcc/avr/4.3.3/../../../../avr/lib/avr5\libc.a(rand.o) (__mulsi3)
c:/winavr-20100110/bin/../lib/gcc/avr/4.3.3/avr5\libgcc.a(_divmodsi4.o)
                              c:/winavr-20100110/bin/../lib/gcc/avr/4.3.3/../../../../avr/lib/avr5\libc.a(rand.o) (__divmodsi4)
c:/winavr-20100110/bin/../lib/gcc/avr/4.3.3/avr5\libgcc.a(_prologue.o)
                              c:/winavr-20100110/bin/../lib/gcc/avr/4.3.3/../../../../avr/lib/avr5\libc.a(rand.o) (__prologue_saves__)
c:/winavr-20100110/bin/../lib/gcc/avr/4.3.3/avr5\libgcc.a(_epilogue.o)
                              c:/winavr-20100110/bin/../lib/gcc/avr/4.3.3/../../../../avr/lib/avr5\libc.a(rand.o) (__epilogue_restores__)

Allocating common symbols
Common symbol       size              file

usart0_transmit_buffer
                    0x80              usart0.o
usart0_transmit_ring
                    0x8               usart0.o
usart0_receive_ring
                    0x8               usart0.o
usart0_receive_buffer
                    0x40              usart0.o
usart_buffered_tx_flag
                    0x1               usart0.o
usart_tx_ready_flag
                    0x1               usart0.o
__iob               0x6               c:/winavr-20100110/bin/../lib/gcc/avr/4.3.3/../../../../avr/lib/avr5\libc.a(iob.o)

Memory Configuration

Name             Origin             Length             Attributes
text             0x00000000         0x00020000         xr
data             0x00800060         0x0000ffa0         rw !x
eeprom           0x00810000         0x00010000         rw !x
fuse             0x00820000         0x00000400         rw !x
lock             0x00830000         0x00000400         rw !x
signature        0x00840000         0x00000400         rw !x
*default*        0x00000000         0xffffffff

Linker script and memory map

Address of section .data set to 0x800100
LOAD c:/winavr-20100110/bin/../lib/gcc/avr/4.3.3/../../../../avr/lib/avr5/crtm328p.o
LOAD ring_above_highmark.o
LOAD ring_add.o
LOAD ring_below_lowmark.o
LOAD ring_init.o
LOAD ring_peek.o
LOAD ring_remove.o
LOAD usart0.o
LOAD usart0_buffer_clear.o
LOAD usart0_buffer_free_count.o
LOAD usart0_buffer_insert.o
LOAD usart0_buffer_inuse_count.o
LOAD usart0_buffer_peek.o
LOAD usart0_buffer_remove.o
LOAD usart0_receive_buffer_clear.o
LOAD usart0_receive_buffer_free_count.o
LOAD usart0_receive_buffer_inuse_count.o
LOAD usart0_receive_buffer_peek.o
LOAD usart0_receive_buffer_remove.o
LOAD usart0_transmit_buffer_clear.o
LOAD usart0_transmit_buffer_free_count.o
LOAD usart0_transmit_buffer_inuse_count.o
LOAD usart0_transmit_buffer_peek.o
LOAD usart0_transmit_buffer_remove.o
LOAD usart0_uninit.o
LOAD delay.o
LOAD ring_clear.o
LOAD usart0_init_baud.o
LOAD usart0_get_char.o
LOAD usart0_put_char.o
LOAD usart0_available.o
LOAD usart0_get_byte.o
LOAD usart0_put_byte.o
LOAD usart0_put_string.o
LOAD usart0_put_pgm_string.o
LOAD usart0_transmit_buffer_insert.o
LOAD spi_tester.o
LOAD spi0_init_master.o
LOAD spi0_master_rw8.o
LOAD spi0_master_rw16.o
LOAD spi0_ss.o
LOAD c:/winavr-20100110/bin/../lib/gcc/avr/4.3.3/avr5\libgcc.a
LOAD c:/winavr-20100110/bin/../lib/gcc/avr/4.3.3/../../../../avr/lib/avr5\libc.a
LOAD c:/winavr-20100110/bin/../lib/gcc/avr/4.3.3/avr5\libgcc.a

.hash
 *(.hash)

.dynsym
 *(.dynsym)

.dynstr
 *(.dynstr)

.gnu.version
 *(.gnu.version)

.gnu.version_d
 *(.gnu.version_d)

.gnu.version_r
 *(.gnu.version_r)

.rel.init
 *(.rel.init)

.rela.init
 *(.rela.init)

.rel.text
 *(.rel.text)
 *(.rel.text.*)
 *(.rel.gnu.linkonce.t*)

.rela.text
 *(.rela.text)
 *(.rela.text.*)
 *(.rela.gnu.linkonce.t*)

.rel.fini
 *(.rel.fini)

.rela.fini
 *(.rela.fini)

.rel.rodata
 *(.rel.rodata)
 *(.rel.rodata.*)
 *(.rel.gnu.linkonce.r*)

.rela.rodata
 *(.rela.rodata)
 *(.rela.rodata.*)
 *(.rela.gnu.linkonce.r*)

.rel.data
 *(.rel.data)
 *(.rel.data.*)
 *(.rel.gnu.linkonce.d*)

.rela.data
 *(.rela.data)
 *(.rela.data.*)
 *(.rela.gnu.linkonce.d*)

.rel.ctors
 *(.rel.ctors)

.rela.ctors
 *(.rela.ctors)

.rel.dtors
 *(.rel.dtors)

.rela.dtors
 *(.rela.dtors)

.rel.got
 *(.rel.got)

.rela.got
 *(.rela.got)

.rel.bss
 *(.rel.bss)

.rela.bss
 *(.rela.bss)

.rel.plt
 *(.rel.plt)

.rela.plt
 *(.rela.plt)

.text           0x00000000     0x178c
 *(.vectors)
 .vectors       0x00000000       0x68 c:/winavr-20100110/bin/../lib/gcc/avr/4.3.3/../../../../avr/lib/avr5/crtm328p.o
                0x00000000                __vectors
                0x00000000                __vector_default
 *(.vectors)
 *(.progmem.gcc*)
 *(.progmem*)
 .progmem.data  0x00000068      0x102 spi_tester.o
                0x00000078                VERSION
                0x0000007f                DEVICE_NAME
                0x00000068                PROGRAM
                0x0000016a                . = ALIGN (0x2)
                0x0000016a                __trampolines_start = .
 *(.trampolines)
 .trampolines   0x0000016a        0x0 linker stubs
 *(.trampolines*)
                0x0000016a                __trampolines_end = .
 *(.jumptables)
 *(.jumptables*)
 *(.lowtext)
 *(.lowtext*)
                0x0000016a                __ctors_start = .
 *(.ctors)
                0x0000016a                __ctors_end = .
                0x0000016a                __dtors_start = .
 *(.dtors)
                0x0000016a                __dtors_end = .
 SORT(*)(.ctors)
 SORT(*)(.dtors)
 *(.init0)
 .init0         0x0000016a        0x0 c:/winavr-20100110/bin/../lib/gcc/avr/4.3.3/../../../../avr/lib/avr5/crtm328p.o
                0x0000016a                __init
 *(.init0)
 *(.init1)
 *(.init1)
 *(.init2)
 .init2         0x0000016a        0xc c:/winavr-20100110/bin/../lib/gcc/avr/4.3.3/../../../../avr/lib/avr5/crtm328p.o
 *(.init2)
 *(.init3)
 *(.init3)
 *(.init4)
 .init4         0x00000176       0x16 c:/winavr-20100110/bin/../lib/gcc/avr/4.3.3/avr5\libgcc.a(_copy_data.o)
                0x00000176                __do_copy_data
 .init4         0x0000018c       0x10 c:/winavr-20100110/bin/../lib/gcc/avr/4.3.3/avr5\libgcc.a(_clear_bss.o)
                0x0000018c                __do_clear_bss
 *(.init4)
 *(.init5)
 *(.init5)
 *(.init6)
 *(.init6)
 *(.init7)
 *(.init7)
 *(.init8)
 *(.init8)
 *(.init9)
 .init9         0x0000019c        0x8 c:/winavr-20100110/bin/../lib/gcc/avr/4.3.3/../../../../avr/lib/avr5/crtm328p.o
 *(.init9)
 *(.text)
 .text          0x000001a4        0x4 c:/winavr-20100110/bin/../lib/gcc/avr/4.3.3/../../../../avr/lib/avr5/crtm328p.o
                0x000001a4                __vector_22
                0x000001a4                __vector_1
                0x000001a4                __vector_24
                0x000001a4                __vector_12
                0x000001a4                __bad_interrupt
                0x000001a4                __vector_6
                0x000001a4                __vector_3
                0x000001a4                __vector_23
                0x000001a4                __vector_25
                0x000001a4                __vector_11
                0x000001a4                __vector_13
                0x000001a4                __vector_17
                0x000001a4                __vector_19
                0x000001a4                __vector_7
                0x000001a4                __vector_5
                0x000001a4                __vector_4
                0x000001a4                __vector_9
                0x000001a4                __vector_2
                0x000001a4                __vector_21
                0x000001a4                __vector_15
                0x000001a4                __vector_8
                0x000001a4                __vector_14
                0x000001a4                __vector_10
                0x000001a4                __vector_16
 .text          0x000001a8       0x22 ring_above_highmark.o
                0x000001a8                ring_above_highmark
 .text          0x000001ca       0x5c ring_add.o
                0x000001ca                ring_add
 .text          0x00000226       0x16 ring_below_lowmark.o
                0x00000226                ring_below_lowmark
 .text          0x0000023c       0x20 ring_init.o
                0x0000023c                ring_init
 .text          0x0000025c       0x58 ring_peek.o
                0x0000025c                ring_peek
 .text          0x000002b4       0x5a ring_remove.o
                0x000002b4                ring_remove
 .text          0x0000030e      0x316 usart0.o
                0x00000604                usart0_put_char_stream
                0x00000484                usart0_init
                0x0000030e                usart0_uninit
                0x00000320                usart0_baud_set
                0x0000035c                usart0_parity_set
                0x00000464                usart0_send
                0x00000398                __vector_18
                0x000003f8                __vector_20
 .text          0x00000624       0x10 usart0_buffer_clear.o
                0x00000624                usart0_buffer_clear
 .text          0x00000634       0x10 usart0_buffer_free_count.o
                0x00000634                usart0_buffer_free_count
 .text          0x00000644       0x1c usart0_buffer_insert.o
                0x00000644                usart0_buffer_insert
 .text          0x00000660        0xc usart0_buffer_inuse_count.o
                0x00000660                usart0_buffer_inuse_count
 .text          0x0000066c       0x10 usart0_buffer_peek.o
                0x0000066c                usart0_buffer_peek
 .text          0x0000067c       0x10 usart0_buffer_remove.o
                0x0000067c                usart0_buffer_remove
 .text          0x0000068c        0xa usart0_receive_buffer_clear.o
                0x0000068c                usart0_receive_buffer_clear
 .text          0x00000696        0xa usart0_receive_buffer_free_count.o
                0x00000696                usart0_receive_buffer_free_count
 .text          0x000006a0        0xa usart0_receive_buffer_inuse_count.o
                0x000006a0                usart0_receive_buffer_inuse_count
 .text          0x000006aa       0x10 usart0_receive_buffer_peek.o
                0x000006aa                usart0_receive_buffer_peek
 .text          0x000006ba        0xa usart0_receive_buffer_remove.o
                0x000006ba                usart0_receive_buffer_remove
 .text          0x000006c4        0xa usart0_transmit_buffer_clear.o
                0x000006c4                usart0_transmit_buffer_clear
 .text          0x000006ce        0xa usart0_transmit_buffer_free_count.o
                0x000006ce                usart0_transmit_buffer_free_count
 .text          0x000006d8        0xa usart0_transmit_buffer_inuse_count.o
                0x000006d8                usart0_transmit_buffer_inuse_count
 .text          0x000006e2       0x10 usart0_transmit_buffer_peek.o
                0x000006e2                usart0_transmit_buffer_peek
 .text          0x000006f2        0xa usart0_transmit_buffer_remove.o
                0x000006f2                usart0_transmit_buffer_remove
 .text          0x000006fc        0x0 usart0_uninit.o
 .text          0x000006fc       0x1c delay.o
                0x000006fc                delay
 .text          0x00000718       0x28 ring_clear.o
                0x00000718                ring_clear
 .text          0x00000740       0x34 usart0_init_baud.o
                0x00000740                usart0_init_baud
 .text          0x00000774       0x20 usart0_get_char.o
                0x00000774                usart0_get_char
 .text          0x00000794        0x6 usart0_put_char.o
                0x00000794                usart0_put_char
 .text          0x0000079a        0xa usart0_available.o
                0x0000079a                usart0_available
 .text          0x000007a4       0x20 usart0_get_byte.o
                0x000007a4                usart0_get_byte
 .text          0x000007c4        0x6 usart0_put_byte.o
                0x000007c4                usart0_put_byte
 .text          0x000007ca       0x3a usart0_put_string.o
                0x000007ca                usart0_put_string
 .text          0x00000804       0x32 usart0_put_pgm_string.o
                0x00000804                usart0_put_pgm_string
 .text          0x00000836        0xc usart0_transmit_buffer_insert.o
                0x00000836                usart0_transmit_buffer_insert
 .text          0x00000842      0x756 spi_tester.o
                0x00000b28                vibro_eyes1
                0x00000ccc                cylon_eyes5
                0x00000bc4                saw_eyes1
                0x00000a4e                random_eyes
                0x000008e6                ant_eyes1
                0x00000a08                error_eyes
                0x00000e84                full_monty
                0x00000e2c                cylon_eyes1
                0x00000c1c                wall_eyes2
                0x00000842                parse_dip_switch
                0x00000d7c                cylon_eyes3
                0x00000a98                blinkin_eyes
                0x00000d24                cylon_eyes4
                0x00000ebe                main
                0x00000998                ant_eyes2
                0x000009ea                sweep
                0x00000c74                wall_eyes1
                0x00000dd4                cylon_eyes2
                0x00000ade                vibro_eyes2
                0x00000938                sweep_right
                0x00000b72                saw_eyes2
                0x00000886                sweep_left
 .text          0x00000f98       0x18 spi0_init_master.o
                0x00000f98                spi0_init_master
 .text          0x00000fb0        0xc spi0_master_rw8.o
                0x00000fb0                spi0_master_rw8
 .text          0x00000fbc       0x20 spi0_master_rw16.o
                0x00000fbc                spi0_master_rw16
 .text          0x00000fdc        0x6 spi0_ss.o
                0x00000fdc                spi0_SS
 .text          0x00000fe2        0x0 c:/winavr-20100110/bin/../lib/gcc/avr/4.3.3/avr5\libgcc.a(_udivmodsi4.o)
 .text          0x00000fe2        0x0 c:/winavr-20100110/bin/../lib/gcc/avr/4.3.3/avr5\libgcc.a(_exit.o)
 .text          0x00000fe2        0x0 c:/winavr-20100110/bin/../lib/gcc/avr/4.3.3/avr5\libgcc.a(_copy_data.o)
 .text          0x00000fe2        0x0 c:/winavr-20100110/bin/../lib/gcc/avr/4.3.3/avr5\libgcc.a(_clear_bss.o)
 .text          0x00000fe2        0x0 c:/winavr-20100110/bin/../lib/gcc/avr/4.3.3/../../../../avr/lib/avr5\libc.a(rand.o)
 .text          0x00000fe2        0x0 c:/winavr-20100110/bin/../lib/gcc/avr/4.3.3/../../../../avr/lib/avr5\libc.a(memset.o)
 .text          0x00000fe2        0x0 c:/winavr-20100110/bin/../lib/gcc/avr/4.3.3/../../../../avr/lib/avr5\libc.a(iob.o)
 .text          0x00000fe2        0x0 c:/winavr-20100110/bin/../lib/gcc/avr/4.3.3/../../../../avr/lib/avr5\libc.a(printf_p.o)
 .text          0x00000fe2        0x0 c:/winavr-20100110/bin/../lib/gcc/avr/4.3.3/../../../../avr/lib/avr5\libc.a(puts.o)
 .text          0x00000fe2        0x0 c:/winavr-20100110/bin/../lib/gcc/avr/4.3.3/../../../../avr/lib/avr5\libc.a(vfprintf_std.o)
 .text          0x00000fe2        0x0 c:/winavr-20100110/bin/../lib/gcc/avr/4.3.3/../../../../avr/lib/avr5\libc.a(strnlen_P.o)
 .text          0x00000fe2        0x0 c:/winavr-20100110/bin/../lib/gcc/avr/4.3.3/../../../../avr/lib/avr5\libc.a(strnlen.o)
 .text          0x00000fe2        0x0 c:/winavr-20100110/bin/../lib/gcc/avr/4.3.3/../../../../avr/lib/avr5\libc.a(fputc.o)
 .text          0x00000fe2        0x0 c:/winavr-20100110/bin/../lib/gcc/avr/4.3.3/../../../../avr/lib/avr5\libc.a(ultoa_invert.o)
 .text          0x00000fe2        0x0 c:/winavr-20100110/bin/../lib/gcc/avr/4.3.3/avr5\libgcc.a(_mulsi3.o)
 .text          0x00000fe2        0x0 c:/winavr-20100110/bin/../lib/gcc/avr/4.3.3/avr5\libgcc.a(_divmodsi4.o)
 .text          0x00000fe2        0x0 c:/winavr-20100110/bin/../lib/gcc/avr/4.3.3/avr5\libgcc.a(_prologue.o)
 .text          0x00000fe2        0x0 c:/winavr-20100110/bin/../lib/gcc/avr/4.3.3/avr5\libgcc.a(_epilogue.o)
                0x00000fe2                . = ALIGN (0x2)
 *(.text.*)
 .text.libgcc   0x00000fe2       0x44 c:/winavr-20100110/bin/../lib/gcc/avr/4.3.3/avr5\libgcc.a(_udivmodsi4.o)
                0x00000fe2                __udivmodsi4
 .text.libgcc   0x00001026        0x0 c:/winavr-20100110/bin/../lib/gcc/avr/4.3.3/avr5\libgcc.a(_exit.o)
 .text.libgcc   0x00001026        0x0 c:/winavr-20100110/bin/../lib/gcc/avr/4.3.3/avr5\libgcc.a(_copy_data.o)
 .text.libgcc   0x00001026        0x0 c:/winavr-20100110/bin/../lib/gcc/avr/4.3.3/avr5\libgcc.a(_clear_bss.o)
 .text.avr-libc
                0x00001026       0xc2 c:/winavr-20100110/bin/../lib/gcc/avr/4.3.3/../../../../avr/lib/avr5\libc.a(rand.o)
                0x000010c2                rand_r
                0x000010c8                rand
                0x000010d2                srand
 .text.avr-libc
                0x000010e8        0xe c:/winavr-20100110/bin/../lib/gcc/avr/4.3.3/../../../../avr/lib/avr5\libc.a(memset.o)
                0x000010e8                memset
 .text.avr-libc
                0x000010f6       0x4c c:/winavr-20100110/bin/../lib/gcc/avr/4.3.3/../../../../avr/lib/avr5\libc.a(printf_p.o)
                0x000010f6                printf_P
 .text.avr-libc
                0x00001142       0x6a c:/winavr-20100110/bin/../lib/gcc/avr/4.3.3/../../../../avr/lib/avr5\libc.a(puts.o)
                0x00001142                puts
 .text.avr-libc
                0x000011ac      0x3ba c:/winavr-20100110/bin/../lib/gcc/avr/4.3.3/../../../../avr/lib/avr5\libc.a(vfprintf_std.o)
                0x000011ac                vfprintf
 .text.avr-libc
                0x00001566       0x16 c:/winavr-20100110/bin/../lib/gcc/avr/4.3.3/../../../../avr/lib/avr5\libc.a(strnlen_P.o)
                0x00001566                strnlen_P
 .text.avr-libc
                0x0000157c       0x16 c:/winavr-20100110/bin/../lib/gcc/avr/4.3.3/../../../../avr/lib/avr5\libc.a(strnlen.o)
                0x0000157c                strnlen
 .text.avr-libc
                0x00001592       0x58 c:/winavr-20100110/bin/../lib/gcc/avr/4.3.3/../../../../avr/lib/avr5\libc.a(fputc.o)
                0x00001592                fputc
 .text.avr-libc
                0x000015ea       0xbc c:/winavr-20100110/bin/../lib/gcc/avr/4.3.3/../../../../avr/lib/avr5\libc.a(ultoa_invert.o)
                0x000015ea                __ultoa_invert
 .text.libgcc   0x000016a6       0x3e c:/winavr-20100110/bin/../lib/gcc/avr/4.3.3/avr5\libgcc.a(_mulsi3.o)
                0x000016a6                __mulsi3
 .text.libgcc   0x000016e4       0x36 c:/winavr-20100110/bin/../lib/gcc/avr/4.3.3/avr5\libgcc.a(_divmodsi4.o)
                0x000016e4                __divmodsi4
 .text.libgcc   0x0000171a       0x38 c:/winavr-20100110/bin/../lib/gcc/avr/4.3.3/avr5\libgcc.a(_prologue.o)
                0x0000171a                __prologue_saves__
 .text.libgcc   0x00001752       0x36 c:/winavr-20100110/bin/../lib/gcc/avr/4.3.3/avr5\libgcc.a(_epilogue.o)
                0x00001752                __epilogue_restores__
                0x00001788                . = ALIGN (0x2)
 *(.fini9)
 .fini9         0x00001788        0x0 c:/winavr-20100110/bin/../lib/gcc/avr/4.3.3/avr5\libgcc.a(_exit.o)
                0x00001788                exit
                0x00001788                _exit
 *(.fini9)
 *(.fini8)
 *(.fini8)
 *(.fini7)
 *(.fini7)
 *(.fini6)
 *(.fini6)
 *(.fini5)
 *(.fini5)
 *(.fini4)
 *(.fini4)
 *(.fini3)
 *(.fini3)
 *(.fini2)
 *(.fini2)
 *(.fini1)
 *(.fini1)
 *(.fini0)
 .fini0         0x00001788        0x4 c:/winavr-20100110/bin/../lib/gcc/avr/4.3.3/avr5\libgcc.a(_exit.o)
 *(.fini0)
                0x0000178c                _etext = .

.data           0x00800100       0xf0 load address 0x0000178c
                0x00800100                PROVIDE (__data_start, .)
 *(.data)
 .data          0x00800100        0x0 c:/winavr-20100110/bin/../lib/gcc/avr/4.3.3/../../../../avr/lib/avr5/crtm328p.o
 .data          0x00800100        0x0 ring_above_highmark.o
 .data          0x00800100        0x0 ring_add.o
 .data          0x00800100        0x0 ring_below_lowmark.o
 .data          0x00800100        0x0 ring_init.o
 .data          0x00800100        0x0 ring_peek.o
 .data          0x00800100        0x0 ring_remove.o
 .data          0x00800100        0xe usart0.o
                0x00800100                mystdout
 .data          0x0080010e        0x0 usart0_buffer_clear.o
 .data          0x0080010e        0x0 usart0_buffer_free_count.o
 .data          0x0080010e        0x0 usart0_buffer_insert.o
 .data          0x0080010e        0x0 usart0_buffer_inuse_count.o
 .data          0x0080010e        0x0 usart0_buffer_peek.o
 .data          0x0080010e        0x0 usart0_buffer_remove.o
 .data          0x0080010e        0x0 usart0_receive_buffer_clear.o
 .data          0x0080010e        0x0 usart0_receive_buffer_free_count.o
 .data          0x0080010e        0x0 usart0_receive_buffer_inuse_count.o
 .data          0x0080010e        0x0 usart0_receive_buffer_peek.o
 .data          0x0080010e        0x0 usart0_receive_buffer_remove.o
 .data          0x0080010e        0x0 usart0_transmit_buffer_clear.o
 .data          0x0080010e        0x0 usart0_transmit_buffer_free_count.o
 .data          0x0080010e        0x0 usart0_transmit_buffer_inuse_count.o
 .data          0x0080010e        0x0 usart0_transmit_buffer_peek.o
 .data          0x0080010e        0x0 usart0_transmit_buffer_remove.o
 .data          0x0080010e        0x0 usart0_uninit.o
 .data          0x0080010e        0x0 delay.o
 .data          0x0080010e        0x0 ring_clear.o
 .data          0x0080010e        0x0 usart0_init_baud.o
 .data          0x0080010e        0x0 usart0_get_char.o
 .data          0x0080010e        0x0 usart0_put_char.o
 .data          0x0080010e        0x0 usart0_available.o
 .data          0x0080010e        0x0 usart0_get_byte.o
 .data          0x0080010e        0x0 usart0_put_byte.o
 .data          0x0080010e        0x0 usart0_put_string.o
 .data          0x0080010e        0x0 usart0_put_pgm_string.o
 .data          0x0080010e        0x0 usart0_transmit_buffer_insert.o
 .data          0x0080010e       0xdd spi_tester.o
                0x0080011e                polarity
 .data          0x008001eb        0x0 spi0_init_master.o
 .data          0x008001eb        0x0 spi0_master_rw8.o
 .data          0x008001eb        0x0 spi0_master_rw16.o
 .data          0x008001eb        0x0 spi0_ss.o
 .data          0x008001eb        0x0 c:/winavr-20100110/bin/../lib/gcc/avr/4.3.3/avr5\libgcc.a(_udivmodsi4.o)
 .data          0x008001eb        0x0 c:/winavr-20100110/bin/../lib/gcc/avr/4.3.3/avr5\libgcc.a(_exit.o)
 .data          0x008001eb        0x0 c:/winavr-20100110/bin/../lib/gcc/avr/4.3.3/avr5\libgcc.a(_copy_data.o)
 .data          0x008001eb        0x0 c:/winavr-20100110/bin/../lib/gcc/avr/4.3.3/avr5\libgcc.a(_clear_bss.o)
 .data          0x008001eb        0x4 c:/winavr-20100110/bin/../lib/gcc/avr/4.3.3/../../../../avr/lib/avr5\libc.a(rand.o)
 .data          0x008001ef        0x0 c:/winavr-20100110/bin/../lib/gcc/avr/4.3.3/../../../../avr/lib/avr5\libc.a(memset.o)
 .data          0x008001ef        0x0 c:/winavr-20100110/bin/../lib/gcc/avr/4.3.3/../../../../avr/lib/avr5\libc.a(iob.o)
 .data          0x008001ef        0x0 c:/winavr-20100110/bin/../lib/gcc/avr/4.3.3/../../../../avr/lib/avr5\libc.a(printf_p.o)
 .data          0x008001ef        0x0 c:/winavr-20100110/bin/../lib/gcc/avr/4.3.3/../../../../avr/lib/avr5\libc.a(puts.o)
 .data          0x008001ef        0x0 c:/winavr-20100110/bin/../lib/gcc/avr/4.3.3/../../../../avr/lib/avr5\libc.a(vfprintf_std.o)
 .data          0x008001ef        0x0 c:/winavr-20100110/bin/../lib/gcc/avr/4.3.3/../../../../avr/lib/avr5\libc.a(strnlen_P.o)
 .data          0x008001ef        0x0 c:/winavr-20100110/bin/../lib/gcc/avr/4.3.3/../../../../avr/lib/avr5\libc.a(strnlen.o)
 .data          0x008001ef        0x0 c:/winavr-20100110/bin/../lib/gcc/avr/4.3.3/../../../../avr/lib/avr5\libc.a(fputc.o)
 .data          0x008001ef        0x0 c:/winavr-20100110/bin/../lib/gcc/avr/4.3.3/../../../../avr/lib/avr5\libc.a(ultoa_invert.o)
 .data          0x008001ef        0x0 c:/winavr-20100110/bin/../lib/gcc/avr/4.3.3/avr5\libgcc.a(_mulsi3.o)
 .data          0x008001ef        0x0 c:/winavr-20100110/bin/../lib/gcc/avr/4.3.3/avr5\libgcc.a(_divmodsi4.o)
 .data          0x008001ef        0x0 c:/winavr-20100110/bin/../lib/gcc/avr/4.3.3/avr5\libgcc.a(_prologue.o)
 .data          0x008001ef        0x0 c:/winavr-20100110/bin/../lib/gcc/avr/4.3.3/avr5\libgcc.a(_epilogue.o)
 *(.data*)
 *(.rodata)
 *(.rodata*)
 *(.gnu.linkonce.d*)
                0x008001f0                . = ALIGN (0x2)
 *fill*         0x008001ef        0x1 00
                0x008001f0                _edata = .
                0x008001f0                PROVIDE (__data_end, .)

.bss            0x008001f0       0xdc
                0x008001f0                PROVIDE (__bss_start, .)
 *(.bss)
 .bss           0x008001f0        0x0 c:/winavr-20100110/bin/../lib/gcc/avr/4.3.3/../../../../avr/lib/avr5/crtm328p.o
 .bss           0x008001f0        0x0 ring_above_highmark.o
 .bss           0x008001f0        0x0 ring_add.o
 .bss           0x008001f0        0x0 ring_below_lowmark.o
 .bss           0x008001f0        0x0 ring_init.o
 .bss           0x008001f0        0x0 ring_peek.o
 .bss           0x008001f0        0x0 ring_remove.o
 .bss           0x008001f0        0x0 usart0.o
 .bss           0x008001f0        0x0 usart0_buffer_clear.o
 .bss           0x008001f0        0x0 usart0_buffer_free_count.o
 .bss           0x008001f0        0x0 usart0_buffer_insert.o
 .bss           0x008001f0        0x0 usart0_buffer_inuse_count.o
 .bss           0x008001f0        0x0 usart0_buffer_peek.o
 .bss           0x008001f0        0x0 usart0_buffer_remove.o
 .bss           0x008001f0        0x0 usart0_receive_buffer_clear.o
 .bss           0x008001f0        0x0 usart0_receive_buffer_free_count.o
 .bss           0x008001f0        0x0 usart0_receive_buffer_inuse_count.o
 .bss           0x008001f0        0x0 usart0_receive_buffer_peek.o
 .bss           0x008001f0        0x0 usart0_receive_buffer_remove.o
 .bss           0x008001f0        0x0 usart0_transmit_buffer_clear.o
 .bss           0x008001f0        0x0 usart0_transmit_buffer_free_count.o
 .bss           0x008001f0        0x0 usart0_transmit_buffer_inuse_count.o
 .bss           0x008001f0        0x0 usart0_transmit_buffer_peek.o
 .bss           0x008001f0        0x0 usart0_transmit_buffer_remove.o
 .bss           0x008001f0        0x0 usart0_uninit.o
 .bss           0x008001f0        0x0 delay.o
 .bss           0x008001f0        0x0 ring_clear.o
 .bss           0x008001f0        0x0 usart0_init_baud.o
 .bss           0x008001f0        0x0 usart0_get_char.o
 .bss           0x008001f0        0x0 usart0_put_char.o
 .bss           0x008001f0        0x0 usart0_available.o
 .bss           0x008001f0        0x0 usart0_get_byte.o
 .bss           0x008001f0        0x0 usart0_put_byte.o
 .bss           0x008001f0        0x0 usart0_put_string.o
 .bss           0x008001f0        0x0 usart0_put_pgm_string.o
 .bss           0x008001f0        0x0 usart0_transmit_buffer_insert.o
 .bss           0x008001f0        0x4 spi_tester.o
                0x008001f1                sweep_pattern
                0x008001f2                dip_switch
                0x008001f0                sweep_speed
 .bss           0x008001f4        0x0 spi0_init_master.o
 .bss           0x008001f4        0x0 spi0_master_rw8.o
 .bss           0x008001f4        0x0 spi0_master_rw16.o
 .bss           0x008001f4        0x0 spi0_ss.o
 .bss           0x008001f4        0x0 c:/winavr-20100110/bin/../lib/gcc/avr/4.3.3/avr5\libgcc.a(_udivmodsi4.o)
 .bss           0x008001f4        0x0 c:/winavr-20100110/bin/../lib/gcc/avr/4.3.3/avr5\libgcc.a(_exit.o)
 .bss           0x008001f4        0x0 c:/winavr-20100110/bin/../lib/gcc/avr/4.3.3/avr5\libgcc.a(_copy_data.o)
 .bss           0x008001f4        0x0 c:/winavr-20100110/bin/../lib/gcc/avr/4.3.3/avr5\libgcc.a(_clear_bss.o)
 .bss           0x008001f4        0x0 c:/winavr-20100110/bin/../lib/gcc/avr/4.3.3/../../../../avr/lib/avr5\libc.a(rand.o)
 .bss           0x008001f4        0x0 c:/winavr-20100110/bin/../lib/gcc/avr/4.3.3/../../../../avr/lib/avr5\libc.a(memset.o)
 .bss           0x008001f4        0x0 c:/winavr-20100110/bin/../lib/gcc/avr/4.3.3/../../../../avr/lib/avr5\libc.a(iob.o)
 .bss           0x008001f4        0x0 c:/winavr-20100110/bin/../lib/gcc/avr/4.3.3/../../../../avr/lib/avr5\libc.a(printf_p.o)
 .bss           0x008001f4        0x0 c:/winavr-20100110/bin/../lib/gcc/avr/4.3.3/../../../../avr/lib/avr5\libc.a(puts.o)
 .bss           0x008001f4        0x0 c:/winavr-20100110/bin/../lib/gcc/avr/4.3.3/../../../../avr/lib/avr5\libc.a(vfprintf_std.o)
 .bss           0x008001f4        0x0 c:/winavr-20100110/bin/../lib/gcc/avr/4.3.3/../../../../avr/lib/avr5\libc.a(strnlen_P.o)
 .bss           0x008001f4        0x0 c:/winavr-20100110/bin/../lib/gcc/avr/4.3.3/../../../../avr/lib/avr5\libc.a(strnlen.o)
 .bss           0x008001f4        0x0 c:/winavr-20100110/bin/../lib/gcc/avr/4.3.3/../../../../avr/lib/avr5\libc.a(fputc.o)
 .bss           0x008001f4        0x0 c:/winavr-20100110/bin/../lib/gcc/avr/4.3.3/../../../../avr/lib/avr5\libc.a(ultoa_invert.o)
 .bss           0x008001f4        0x0 c:/winavr-20100110/bin/../lib/gcc/avr/4.3.3/avr5\libgcc.a(_mulsi3.o)
 .bss           0x008001f4        0x0 c:/winavr-20100110/bin/../lib/gcc/avr/4.3.3/avr5\libgcc.a(_divmodsi4.o)
 .bss           0x008001f4        0x0 c:/winavr-20100110/bin/../lib/gcc/avr/4.3.3/avr5\libgcc.a(_prologue.o)
 .bss           0x008001f4        0x0 c:/winavr-20100110/bin/../lib/gcc/avr/4.3.3/avr5\libgcc.a(_epilogue.o)
 *(.bss*)
 *(COMMON)
 COMMON         0x008001f4       0xd2 usart0.o
                0x008001f4                usart0_transmit_buffer
                0x00800274                usart0_transmit_ring
                0x0080027c                usart0_receive_ring
                0x00800284                usart0_receive_buffer
                0x008002c4                usart_buffered_tx_flag
                0x008002c5                usart_tx_ready_flag
 COMMON         0x008002c6        0x6 c:/winavr-20100110/bin/../lib/gcc/avr/4.3.3/../../../../avr/lib/avr5\libc.a(iob.o)
                0x008002c6                __iob
                0x008002cc                PROVIDE (__bss_end, .)
                0x0000178c                __data_load_start = LOADADDR (.data)
                0x0000187c                __data_load_end = (__data_load_start + SIZEOF (.data))

.noinit         0x008002cc        0x0
                0x008002cc                PROVIDE (__noinit_start, .)
 *(.noinit*)
                0x008002cc                PROVIDE (__noinit_end, .)
                0x008002cc                _end = .
                0x008002cc                PROVIDE (__heap_start, .)

.eeprom         0x00810000        0x0
 *(.eeprom*)
                0x00810000                __eeprom_end = .

.fuse
 *(.fuse)
 *(.lfuse)
 *(.hfuse)
 *(.efuse)

.lock
 *(.lock*)

.signature
 *(.signature*)

.stab
 *(.stab)

.stabstr
 *(.stabstr)

.stab.excl
 *(.stab.excl)

.stab.exclstr
 *(.stab.exclstr)

.stab.index
 *(.stab.index)

.stab.indexstr
 *(.stab.indexstr)

.comment
 *(.comment)

.debug
 *(.debug)

.line
 *(.line)

.debug_srcinfo
 *(.debug_srcinfo)

.debug_sfnames
 *(.debug_sfnames)

.debug_aranges  0x00000000      0x4e0
 *(.debug_aranges)
 .debug_aranges
                0x00000000       0x20 ring_above_highmark.o
 .debug_aranges
                0x00000020       0x20 ring_add.o
 .debug_aranges
                0x00000040       0x20 ring_below_lowmark.o
 .debug_aranges
                0x00000060       0x20 ring_init.o
 .debug_aranges
                0x00000080       0x20 ring_peek.o
 .debug_aranges
                0x000000a0       0x20 ring_remove.o
 .debug_aranges
                0x000000c0       0x20 usart0.o
 .debug_aranges
                0x000000e0       0x20 usart0_buffer_clear.o
 .debug_aranges
                0x00000100       0x20 usart0_buffer_free_count.o
 .debug_aranges
                0x00000120       0x20 usart0_buffer_insert.o
 .debug_aranges
                0x00000140       0x20 usart0_buffer_inuse_count.o
 .debug_aranges
                0x00000160       0x20 usart0_buffer_peek.o
 .debug_aranges
                0x00000180       0x20 usart0_buffer_remove.o
 .debug_aranges
                0x000001a0       0x20 usart0_receive_buffer_clear.o
 .debug_aranges
                0x000001c0       0x20 usart0_receive_buffer_free_count.o
 .debug_aranges
                0x000001e0       0x20 usart0_receive_buffer_inuse_count.o
 .debug_aranges
                0x00000200       0x20 usart0_receive_buffer_peek.o
 .debug_aranges
                0x00000220       0x20 usart0_receive_buffer_remove.o
 .debug_aranges
                0x00000240       0x20 usart0_transmit_buffer_clear.o
 .debug_aranges
                0x00000260       0x20 usart0_transmit_buffer_free_count.o
 .debug_aranges
                0x00000280       0x20 usart0_transmit_buffer_inuse_count.o
 .debug_aranges
                0x000002a0       0x20 usart0_transmit_buffer_peek.o
 .debug_aranges
                0x000002c0       0x20 usart0_transmit_buffer_remove.o
 .debug_aranges
                0x000002e0       0x20 delay.o
 .debug_aranges
                0x00000300       0x20 ring_clear.o
 .debug_aranges
                0x00000320       0x20 usart0_init_baud.o
 .debug_aranges
                0x00000340       0x20 usart0_get_char.o
 .debug_aranges
                0x00000360       0x20 usart0_put_char.o
 .debug_aranges
                0x00000380       0x20 usart0_available.o
 .debug_aranges
                0x000003a0       0x20 usart0_get_byte.o
 .debug_aranges
                0x000003c0       0x20 usart0_put_byte.o
 .debug_aranges
                0x000003e0       0x20 usart0_put_string.o
 .debug_aranges
                0x00000400       0x20 usart0_put_pgm_string.o
 .debug_aranges
                0x00000420       0x20 usart0_transmit_buffer_insert.o
 .debug_aranges
                0x00000440       0x20 spi_tester.o
 .debug_aranges
                0x00000460       0x20 spi0_init_master.o
 .debug_aranges
                0x00000480       0x20 spi0_master_rw8.o
 .debug_aranges
                0x000004a0       0x20 spi0_master_rw16.o
 .debug_aranges
                0x000004c0       0x20 spi0_ss.o

.debug_pubnames
                0x00000000     0x1970
 *(.debug_pubnames)
 .debug_pubnames
                0x00000000       0x2a ring_above_highmark.o
 .debug_pubnames
                0x0000002a       0x1f ring_add.o
 .debug_pubnames
                0x00000049       0x29 ring_below_lowmark.o
 .debug_pubnames
                0x00000072       0x20 ring_init.o
 .debug_pubnames
                0x00000092       0x20 ring_peek.o
 .debug_pubnames
                0x000000b2       0x22 ring_remove.o
 .debug_pubnames
                0x000000d4      0x14f usart0.o
 .debug_pubnames
                0x00000223       0xc3 usart0_buffer_clear.o
 .debug_pubnames
                0x000002e6       0xc8 usart0_buffer_free_count.o
 .debug_pubnames
                0x000003ae       0xc4 usart0_buffer_insert.o
 .debug_pubnames
                0x00000472       0xc9 usart0_buffer_inuse_count.o
 .debug_pubnames
                0x0000053b       0xc2 usart0_buffer_peek.o
 .debug_pubnames
                0x000005fd       0xc4 usart0_buffer_remove.o
 .debug_pubnames
                0x000006c1       0xcb usart0_receive_buffer_clear.o
 .debug_pubnames
                0x0000078c       0xd0 usart0_receive_buffer_free_count.o
 .debug_pubnames
                0x0000085c       0xd1 usart0_receive_buffer_inuse_count.o
 .debug_pubnames
                0x0000092d       0xca usart0_receive_buffer_peek.o
 .debug_pubnames
                0x000009f7       0xcc usart0_receive_buffer_remove.o
 .debug_pubnames
                0x00000ac3       0xcc usart0_transmit_buffer_clear.o
 .debug_pubnames
                0x00000b8f       0xd1 usart0_transmit_buffer_free_count.o
 .debug_pubnames
                0x00000c60       0xd2 usart0_transmit_buffer_inuse_count.o
 .debug_pubnames
                0x00000d32       0xcb usart0_transmit_buffer_peek.o
 .debug_pubnames
                0x00000dfd       0xcd usart0_transmit_buffer_remove.o
 .debug_pubnames
                0x00000eca       0xab usart0_uninit.o
 .debug_pubnames
                0x00000f75       0x1c delay.o
 .debug_pubnames
                0x00000f91       0x21 ring_clear.o
 .debug_pubnames
                0x00000fb2       0xc0 usart0_init_baud.o
 .debug_pubnames
                0x00001072       0xbf usart0_get_char.o
 .debug_pubnames
                0x00001131       0xbf usart0_put_char.o
 .debug_pubnames
                0x000011f0       0xc0 usart0_available.o
 .debug_pubnames
                0x000012b0       0xbf usart0_get_byte.o
 .debug_pubnames
                0x0000136f       0xbf usart0_put_byte.o
 .debug_pubnames
                0x0000142e       0xc1 usart0_put_string.o
 .debug_pubnames
                0x000014ef       0xc5 usart0_put_pgm_string.o
 .debug_pubnames
                0x000015b4       0xcd usart0_transmit_buffer_insert.o
 .debug_pubnames
                0x00001681      0x25d spi_tester.o
 .debug_pubnames
                0x000018de       0x27 spi0_init_master.o
 .debug_pubnames
                0x00001905       0x26 spi0_master_rw8.o
 .debug_pubnames
                0x0000192b       0x27 spi0_master_rw16.o
 .debug_pubnames
                0x00001952       0x1e spi0_ss.o

.debug_info     0x00000000     0x4a46
 *(.debug_info)
 .debug_info    0x00000000      0x137 ring_above_highmark.o
 .debug_info    0x00000137      0x153 ring_add.o
 .debug_info    0x0000028a      0x137 ring_below_lowmark.o
 .debug_info    0x000003c1      0x16f ring_init.o
 .debug_info    0x00000530      0x16a ring_peek.o
 .debug_info    0x0000069a      0x158 ring_remove.o
 .debug_info    0x000007f2      0x512 usart0.o
 .debug_info    0x00000d04      0x1db usart0_buffer_clear.o
 .debug_info    0x00000edf      0x1ea usart0_buffer_free_count.o
 .debug_info    0x000010c9      0x1fe usart0_buffer_insert.o
 .debug_info    0x000012c7      0x1ea usart0_buffer_inuse_count.o
 .debug_info    0x000014b1      0x208 usart0_buffer_peek.o
 .debug_info    0x000016b9      0x1ea usart0_buffer_remove.o
 .debug_info    0x000018a3      0x1b2 usart0_receive_buffer_clear.o
 .debug_info    0x00001a55      0x1b6 usart0_receive_buffer_free_count.o
 .debug_info    0x00001c0b      0x1b6 usart0_receive_buffer_inuse_count.o
 .debug_info    0x00001dc1      0x1d9 usart0_receive_buffer_peek.o
 .debug_info    0x00001f9a      0x1c6 usart0_receive_buffer_remove.o
 .debug_info    0x00002160      0x1b2 usart0_transmit_buffer_clear.o
 .debug_info    0x00002312      0x1b6 usart0_transmit_buffer_free_count.o
 .debug_info    0x000024c8      0x1b6 usart0_transmit_buffer_inuse_count.o
 .debug_info    0x0000267e      0x1d9 usart0_transmit_buffer_peek.o
 .debug_info    0x00002857      0x1c6 usart0_transmit_buffer_remove.o
 .debug_info    0x00002a1d      0x19e usart0_uninit.o
 .debug_info    0x00002bbb      0x130 delay.o
 .debug_info    0x00002ceb      0x146 ring_clear.o
 .debug_info    0x00002e31      0x274 usart0_init_baud.o
 .debug_info    0x000030a5      0x1d5 usart0_get_char.o
 .debug_info    0x0000327a      0x1c4 usart0_put_char.o
 .debug_info    0x0000343e      0x1bd usart0_available.o
 .debug_info    0x000035fb      0x1cf usart0_get_byte.o
 .debug_info    0x000037ca      0x1c4 usart0_put_byte.o
 .debug_info    0x0000398e      0x1d9 usart0_put_string.o
 .debug_info    0x00003b67      0x22a usart0_put_pgm_string.o
 .debug_info    0x00003d91      0x1da usart0_transmit_buffer_insert.o
 .debug_info    0x00003f6b      0x889 spi_tester.o
 .debug_info    0x000047f4       0x72 spi0_init_master.o
 .debug_info    0x00004866       0xa0 spi0_master_rw8.o
 .debug_info    0x00004906       0xce spi0_master_rw16.o
 .debug_info    0x000049d4       0x72 spi0_ss.o
 *(.gnu.linkonce.wi.*)

.debug_abbrev   0x00000000     0x1c87
 *(.debug_abbrev)
 .debug_abbrev  0x00000000       0x84 ring_above_highmark.o
 .debug_abbrev  0x00000084       0xa2 ring_add.o
 .debug_abbrev  0x00000126       0x84 ring_below_lowmark.o
 .debug_abbrev  0x000001aa       0xaf ring_init.o
 .debug_abbrev  0x00000259       0xa2 ring_peek.o
 .debug_abbrev  0x000002fb       0x9c ring_remove.o
 .debug_abbrev  0x00000397      0x1af usart0.o
 .debug_abbrev  0x00000546       0xc4 usart0_buffer_clear.o
 .debug_abbrev  0x0000060a       0xd3 usart0_buffer_free_count.o
 .debug_abbrev  0x000006dd       0xe2 usart0_buffer_insert.o
 .debug_abbrev  0x000007bf       0xd3 usart0_buffer_inuse_count.o
 .debug_abbrev  0x00000892       0xe2 usart0_buffer_peek.o
 .debug_abbrev  0x00000974       0xd3 usart0_buffer_remove.o
 .debug_abbrev  0x00000a47       0xa4 usart0_receive_buffer_clear.o
 .debug_abbrev  0x00000aeb       0xa6 usart0_receive_buffer_free_count.o
 .debug_abbrev  0x00000b91       0xa6 usart0_receive_buffer_inuse_count.o
 .debug_abbrev  0x00000c37       0xc6 usart0_receive_buffer_peek.o
 .debug_abbrev  0x00000cfd       0xb5 usart0_receive_buffer_remove.o
 .debug_abbrev  0x00000db2       0xa4 usart0_transmit_buffer_clear.o
 .debug_abbrev  0x00000e56       0xa6 usart0_transmit_buffer_free_count.o
 .debug_abbrev  0x00000efc       0xa6 usart0_transmit_buffer_inuse_count.o
 .debug_abbrev  0x00000fa2       0xc6 usart0_transmit_buffer_peek.o
 .debug_abbrev  0x00001068       0xb5 usart0_transmit_buffer_remove.o
 .debug_abbrev  0x0000111d       0x8f usart0_uninit.o
 .debug_abbrev  0x000011ac       0xbb delay.o
 .debug_abbrev  0x00001267       0x93 ring_clear.o
 .debug_abbrev  0x000012fa       0xd8 usart0_init_baud.o
 .debug_abbrev  0x000013d2       0xb7 usart0_get_char.o
 .debug_abbrev  0x00001489       0xb5 usart0_put_char.o
 .debug_abbrev  0x0000153e       0xa6 usart0_available.o
 .debug_abbrev  0x000015e4       0xb7 usart0_get_byte.o
 .debug_abbrev  0x0000169b       0xb5 usart0_put_byte.o
 .debug_abbrev  0x00001750       0xc4 usart0_put_string.o
 .debug_abbrev  0x00001814       0xfb usart0_put_pgm_string.o
 .debug_abbrev  0x0000190f       0xc4 usart0_transmit_buffer_insert.o
 .debug_abbrev  0x000019d3      0x142 spi_tester.o
 .debug_abbrev  0x00001b15       0x3f spi0_init_master.o
 .debug_abbrev  0x00001b54       0x6c spi0_master_rw8.o
 .debug_abbrev  0x00001bc0       0x88 spi0_master_rw16.o
 .debug_abbrev  0x00001c48       0x3f spi0_ss.o

.debug_line     0x00000000     0x2eea
 *(.debug_line)
 .debug_line    0x00000000       0xd2 ring_above_highmark.o
 .debug_line    0x000000d2       0xf7 ring_add.o
 .debug_line    0x000001c9       0xd1 ring_below_lowmark.o
 .debug_line    0x0000029a       0xe0 ring_init.o
 .debug_line    0x0000037a       0xf8 ring_peek.o
 .debug_line    0x00000472       0xf2 ring_remove.o
 .debug_line    0x00000564      0x2ea usart0.o
 .debug_line    0x0000084e      0x11e usart0_buffer_clear.o
 .debug_line    0x0000096c      0x11b usart0_buffer_free_count.o
 .debug_line    0x00000a87      0x127 usart0_buffer_insert.o
 .debug_line    0x00000bae      0x11c usart0_buffer_inuse_count.o
 .debug_line    0x00000cca      0x11d usart0_buffer_peek.o
 .debug_line    0x00000de7      0x11f usart0_buffer_remove.o
 .debug_line    0x00000f06      0x10e usart0_receive_buffer_clear.o
 .debug_line    0x00001014      0x113 usart0_receive_buffer_free_count.o
 .debug_line    0x00001127      0x114 usart0_receive_buffer_inuse_count.o
 .debug_line    0x0000123b      0x10d usart0_receive_buffer_peek.o
 .debug_line    0x00001348      0x10f usart0_receive_buffer_remove.o
 .debug_line    0x00001457      0x10f usart0_transmit_buffer_clear.o
 .debug_line    0x00001566      0x114 usart0_transmit_buffer_free_count.o
 .debug_line    0x0000167a      0x115 usart0_transmit_buffer_inuse_count.o
 .debug_line    0x0000178f      0x10e usart0_transmit_buffer_peek.o
 .debug_line    0x0000189d      0x110 usart0_transmit_buffer_remove.o
 .debug_line    0x000019ad       0xd5 usart0_uninit.o
 .debug_line    0x00001a82      0x15a delay.o
 .debug_line    0x00001bdc       0xe9 ring_clear.o
 .debug_line    0x00001cc5      0x113 usart0_init_baud.o
 .debug_line    0x00001dd8      0x10a usart0_get_char.o
 .debug_line    0x00001ee2      0x102 usart0_put_char.o
 .debug_line    0x00001fe4      0x103 usart0_available.o
 .debug_line    0x000020e7      0x10a usart0_get_byte.o
 .debug_line    0x000021f1      0x102 usart0_put_byte.o
 .debug_line    0x000022f3      0x12c usart0_put_string.o
 .debug_line    0x0000241f      0x118 usart0_put_pgm_string.o
 .debug_line    0x00002537      0x110 usart0_transmit_buffer_insert.o
 .debug_line    0x00002647      0x5b3 spi_tester.o
 .debug_line    0x00002bfa       0xaa spi0_init_master.o
 .debug_line    0x00002ca4       0xd2 spi0_master_rw8.o
 .debug_line    0x00002d76       0xeb spi0_master_rw16.o
 .debug_line    0x00002e61       0x89 spi0_ss.o

.debug_frame    0x00000000      0x6a0
 *(.debug_frame)
 .debug_frame   0x00000000       0x20 ring_above_highmark.o
 .debug_frame   0x00000020       0x20 ring_add.o
 .debug_frame   0x00000040       0x20 ring_below_lowmark.o
 .debug_frame   0x00000060       0x20 ring_init.o
 .debug_frame   0x00000080       0x20 ring_peek.o
 .debug_frame   0x000000a0       0x20 ring_remove.o
 .debug_frame   0x000000c0       0x90 usart0.o
 .debug_frame   0x00000150       0x20 usart0_buffer_clear.o
 .debug_frame   0x00000170       0x20 usart0_buffer_free_count.o
 .debug_frame   0x00000190       0x20 usart0_buffer_insert.o
 .debug_frame   0x000001b0       0x20 usart0_buffer_inuse_count.o
 .debug_frame   0x000001d0       0x20 usart0_buffer_peek.o
 .debug_frame   0x000001f0       0x20 usart0_buffer_remove.o
 .debug_frame   0x00000210       0x20 usart0_receive_buffer_clear.o
 .debug_frame   0x00000230       0x20 usart0_receive_buffer_free_count.o
 .debug_frame   0x00000250       0x20 usart0_receive_buffer_inuse_count.o
 .debug_frame   0x00000270       0x20 usart0_receive_buffer_peek.o
 .debug_frame   0x00000290       0x20 usart0_receive_buffer_remove.o
 .debug_frame   0x000002b0       0x20 usart0_transmit_buffer_clear.o
 .debug_frame   0x000002d0       0x20 usart0_transmit_buffer_free_count.o
 .debug_frame   0x000002f0       0x20 usart0_transmit_buffer_inuse_count.o
 .debug_frame   0x00000310       0x20 usart0_transmit_buffer_peek.o
 .debug_frame   0x00000330       0x20 usart0_transmit_buffer_remove.o
 .debug_frame   0x00000350       0x20 delay.o
 .debug_frame   0x00000370       0x20 ring_clear.o
 .debug_frame   0x00000390       0x20 usart0_init_baud.o
 .debug_frame   0x000003b0       0x20 usart0_get_char.o
 .debug_frame   0x000003d0       0x20 usart0_put_char.o
 .debug_frame   0x000003f0       0x20 usart0_available.o
 .debug_frame   0x00000410       0x20 usart0_get_byte.o
 .debug_frame   0x00000430       0x20 usart0_put_byte.o
 .debug_frame   0x00000450       0x20 usart0_put_string.o
 .debug_frame   0x00000470       0x20 usart0_put_pgm_string.o
 .debug_frame   0x00000490       0x20 usart0_transmit_buffer_insert.o
 .debug_frame   0x000004b0      0x170 spi_tester.o
 .debug_frame   0x00000620       0x20 spi0_init_master.o
 .debug_frame   0x00000640       0x20 spi0_master_rw8.o
 .debug_frame   0x00000660       0x20 spi0_master_rw16.o
 .debug_frame   0x00000680       0x20 spi0_ss.o

.debug_str      0x00000000     0x10a1
 *(.debug_str)
 .debug_str     0x00000000      0x129 ring_above_highmark.o
                                0x16a (size before relaxing)
 .debug_str     0x00000129       0x3e ring_add.o
                                0x163 (size before relaxing)
 .debug_str     0x00000167       0x48 ring_below_lowmark.o
                                0x168 (size before relaxing)
 .debug_str     0x000001af       0x3e ring_init.o
                                0x164 (size before relaxing)
 .debug_str     0x000001ed       0x3c ring_peek.o
                                0x15c (size before relaxing)
 .debug_str     0x00000229       0x44 ring_remove.o
                                0x163 (size before relaxing)
 .debug_str     0x0000026d      0x29a usart0.o
                                0x3ca (size before relaxing)
 .debug_str     0x00000507       0x4f usart0_buffer_clear.o
                                0x1f4 (size before relaxing)
 .debug_str     0x00000556       0x54 usart0_buffer_free_count.o
                                0x205 (size before relaxing)
 .debug_str     0x000005aa       0x4c usart0_buffer_insert.o
                                0x203 (size before relaxing)
 .debug_str     0x000005f6       0x56 usart0_buffer_inuse_count.o
                                0x207 (size before relaxing)
 .debug_str     0x0000064c       0x48 usart0_buffer_peek.o
                                0x1f9 (size before relaxing)
 .debug_str     0x00000694       0x4c usart0_buffer_remove.o
                                0x1fd (size before relaxing)
 .debug_str     0x000006e0       0x5a usart0_receive_buffer_clear.o
                                0x1fa (size before relaxing)
 .debug_str     0x0000073a       0x64 usart0_receive_buffer_free_count.o
                                0x204 (size before relaxing)
 .debug_str     0x0000079e       0x66 usart0_receive_buffer_inuse_count.o
                                0x206 (size before relaxing)
 .debug_str     0x00000804       0x58 usart0_receive_buffer_peek.o
                                0x1f8 (size before relaxing)
 .debug_str     0x0000085c       0x5c usart0_receive_buffer_remove.o
                                0x201 (size before relaxing)
 .debug_str     0x000008b8       0x5c usart0_transmit_buffer_clear.o
                                0x1fc (size before relaxing)
 .debug_str     0x00000914       0x66 usart0_transmit_buffer_free_count.o
                                0x206 (size before relaxing)
 .debug_str     0x0000097a       0x68 usart0_transmit_buffer_inuse_count.o
                                0x208 (size before relaxing)
 .debug_str     0x000009e2       0x5a usart0_transmit_buffer_peek.o
                                0x1fa (size before relaxing)
 .debug_str     0x00000a3c       0x5e usart0_transmit_buffer_remove.o
                                0x205 (size before relaxing)
 .debug_str     0x00000a9a       0x30 usart0_uninit.o
                                0x1d0 (size before relaxing)
 .debug_str     0x00000aca       0x68 delay.o
                                0x117 (size before relaxing)
 .debug_str     0x00000b32       0x38 ring_clear.o
                                0x160 (size before relaxing)
 .debug_str     0x00000b6a       0x44 usart0_init_baud.o
                                0x2ba (size before relaxing)
 .debug_str     0x00000bae       0x42 usart0_get_char.o
                                0x1e8 (size before relaxing)
 .debug_str     0x00000bf0       0x42 usart0_put_char.o
                                0x1e2 (size before relaxing)
 .debug_str     0x00000c32       0x44 usart0_available.o
                                0x1ea (size before relaxing)
 .debug_str     0x00000c76       0x42 usart0_get_byte.o
                                0x1e8 (size before relaxing)
 .debug_str     0x00000cb8       0x42 usart0_put_byte.o
                                0x1e2 (size before relaxing)
 .debug_str     0x00000cfa       0x46 usart0_put_string.o
                                0x1e6 (size before relaxing)
 .debug_str     0x00000d40       0x6c usart0_put_pgm_string.o
                                0x20c (size before relaxing)
 .debug_str     0x00000dac       0x5e usart0_transmit_buffer_insert.o
                                0x20b (size before relaxing)
 .debug_str     0x00000e0a      0x155 spi_tester.o
                                0x300 (size before relaxing)
 .debug_str     0x00000f5f       0x42 spi0_init_master.o
                                 0xe8 (size before relaxing)
 .debug_str     0x00000fa1       0x54 spi0_master_rw8.o
                                0x102 (size before relaxing)
 .debug_str     0x00000ff5       0x7c spi0_master_rw16.o
                                0x13c (size before relaxing)
 .debug_str     0x00001071       0x30 spi0_ss.o
                                 0xd6 (size before relaxing)

.debug_loc      0x00000000      0x9cd
 *(.debug_loc)
 .debug_loc     0x00000000       0x28 ring_above_highmark.o
 .debug_loc     0x00000028       0x50 ring_add.o
 .debug_loc     0x00000078       0x28 ring_below_lowmark.o
 .debug_loc     0x000000a0       0xa1 ring_init.o
 .debug_loc     0x00000141       0xc6 ring_peek.o
 .debug_loc     0x00000207       0x6e ring_remove.o
 .debug_loc     0x00000275      0x1dd usart0.o
 .debug_loc     0x00000452       0x2b usart0_buffer_clear.o
 .debug_loc     0x0000047d       0x3b usart0_buffer_free_count.o
 .debug_loc     0x000004b8       0x4e usart0_buffer_insert.o
 .debug_loc     0x00000506       0x3b usart0_buffer_inuse_count.o
 .debug_loc     0x00000541       0x56 usart0_buffer_peek.o
 .debug_loc     0x00000597       0x2b usart0_buffer_remove.o
 .debug_loc     0x000005c2       0x46 usart0_receive_buffer_peek.o
 .debug_loc     0x00000608       0x46 usart0_transmit_buffer_peek.o
 .debug_loc     0x0000064e       0x66 ring_clear.o
 .debug_loc     0x000006b4       0x1e usart0_init_baud.o
 .debug_loc     0x000006d2       0x28 usart0_get_char.o
 .debug_loc     0x000006fa       0x13 usart0_put_char.o
 .debug_loc     0x0000070d       0x28 usart0_get_byte.o
 .debug_loc     0x00000735       0x13 usart0_put_byte.o
 .debug_loc     0x00000748       0x40 usart0_put_string.o
 .debug_loc     0x00000788       0x86 usart0_put_pgm_string.o
 .debug_loc     0x0000080e       0x1e usart0_transmit_buffer_insert.o
 .debug_loc     0x0000082c      0x130 spi_tester.o
 .debug_loc     0x0000095c       0x26 spi0_master_rw8.o
 .debug_loc     0x00000982       0x4b spi0_master_rw16.o

.debug_macinfo
 *(.debug_macinfo)
OUTPUT(spi_tester.elf elf32-avr)
LOAD linker stubs
