Archive member included because of file (symbol)

c:/winavr-20090313/bin/../lib/gcc/avr/4.3.2/avr5\libgcc.a(_udivmodhi4.o)
                              fifo_get_byte.o (__udivmodhi4)
c:/winavr-20090313/bin/../lib/gcc/avr/4.3.2/avr5\libgcc.a(_exit.o)
                              c:/winavr-20090313/bin/../lib/gcc/avr/4.3.2/../../../../avr/lib/avr5/crtm169.o (exit)

Memory Configuration

Name             Origin             Length             Attributes
text             0x00000000         0x00020000         xr
data             0x00800060         0x0000ffa0         rw !x
eeprom           0x00810000         0x00010000         rw !x
fuse             0x00820000         0x00000400         rw !x
lock             0x00830000         0x00000400         rw !x
signature        0x00840000         0x00000400         rw !x
*default*        0x00000000         0xffffffff

Linker script and memory map

Address of section .data set to 0x800100
LOAD c:/winavr-20090313/bin/../lib/gcc/avr/4.3.2/../../../../avr/lib/avr5/crtm169.o
LOAD fifo_get_byte.o
LOAD fifo_init.o
LOAD fifo_put_byte.o
LOAD fifo_get_byte_at_index.o
LOAD fifo_not_full.o
LOAD fifoReleaseAll.o
LOAD fifoReleaseFromOldest.o
LOAD fifo_is_empty.o
LOAD c:/winavr-20090313/bin/../lib/gcc/avr/4.3.2/avr5\libgcc.a
LOAD c:/winavr-20090313/bin/../lib/gcc/avr/4.3.2/../../../../avr/lib/avr5\libc.a
LOAD c:/winavr-20090313/bin/../lib/gcc/avr/4.3.2/avr5\libgcc.a

.hash
 *(.hash)

.dynsym
 *(.dynsym)

.dynstr
 *(.dynstr)

.gnu.version
 *(.gnu.version)

.gnu.version_d
 *(.gnu.version_d)

.gnu.version_r
 *(.gnu.version_r)

.rel.init
 *(.rel.init)

.rela.init
 *(.rela.init)

.rel.text
 *(.rel.text)
 *(.rel.text.*)
 *(.rel.gnu.linkonce.t*)

.rela.text
 *(.rela.text)
 *(.rela.text.*)
 *(.rela.gnu.linkonce.t*)

.rel.fini
 *(.rel.fini)

.rela.fini
 *(.rela.fini)

.rel.rodata
 *(.rel.rodata)
 *(.rel.rodata.*)
 *(.rel.gnu.linkonce.r*)

.rela.rodata
 *(.rela.rodata)
 *(.rela.rodata.*)
 *(.rela.gnu.linkonce.r*)

.rel.data
 *(.rel.data)
 *(.rel.data.*)
 *(.rel.gnu.linkonce.d*)

.rela.data
 *(.rela.data)
 *(.rela.data.*)
 *(.rela.gnu.linkonce.d*)

.rel.ctors
 *(.rel.ctors)

.rela.ctors
 *(.rela.ctors)

.rel.dtors
 *(.rel.dtors)

.rela.dtors
 *(.rela.dtors)

.rel.got
 *(.rel.got)

.rela.got
 *(.rela.got)

.rel.bss
 *(.rel.bss)

.rela.bss
 *(.rela.bss)

.rel.plt
 *(.rel.plt)

.rela.plt
 *(.rela.plt)

.text           0x00000000      0x1e0
 *(.vectors)
 .vectors       0x00000000       0x5c c:/winavr-20090313/bin/../lib/gcc/avr/4.3.2/../../../../avr/lib/avr5/crtm169.o
                0x00000000                __vectors
                0x00000000                __vector_default
 *(.vectors)
 *(.progmem.gcc*)
 *(.progmem*)
                0x0000005c                . = ALIGN (0x2)
                0x0000005c                __trampolines_start = .
 *(.trampolines)
 .trampolines   0x0000005c        0x0 linker stubs
 *(.trampolines*)
                0x0000005c                __trampolines_end = .
 *(.jumptables)
 *(.jumptables*)
 *(.lowtext)
 *(.lowtext*)
                0x0000005c                __ctors_start = .
 *(.ctors)
                0x0000005c                __ctors_end = .
                0x0000005c                __dtors_start = .
 *(.dtors)
                0x0000005c                __dtors_end = .
 SORT(*)(.ctors)
 SORT(*)(.dtors)
 *(.init0)
 .init0         0x0000005c        0x0 c:/winavr-20090313/bin/../lib/gcc/avr/4.3.2/../../../../avr/lib/avr5/crtm169.o
                0x0000005c                __init
 *(.init0)
 *(.init1)
 *(.init1)
 *(.init2)
 .init2         0x0000005c        0xc c:/winavr-20090313/bin/../lib/gcc/avr/4.3.2/../../../../avr/lib/avr5/crtm169.o
 *(.init2)
 *(.init3)
 *(.init3)
 *(.init4)
 *(.init4)
 *(.init5)
 *(.init5)
 *(.init6)
 *(.init6)
 *(.init7)
 *(.init7)
 *(.init8)
 *(.init8)
 *(.init9)
 .init9         0x00000068        0x8 c:/winavr-20090313/bin/../lib/gcc/avr/4.3.2/../../../../avr/lib/avr5/crtm169.o
 *(.init9)
 *(.text)
 .text          0x00000070        0x4 c:/winavr-20090313/bin/../lib/gcc/avr/4.3.2/../../../../avr/lib/avr5/crtm169.o
                0x00000070                __vector_22
                0x00000070                __vector_1
                0x00000070                __vector_12
                0x00000070                __bad_interrupt
                0x00000070                __vector_6
                0x00000070                __vector_3
                0x00000070                __vector_11
                0x00000070                __vector_13
                0x00000070                __vector_17
                0x00000070                __vector_19
                0x00000070                __vector_7
                0x00000070                __vector_5
                0x00000070                __vector_4
                0x00000070                __vector_9
                0x00000070                __vector_2
                0x00000070                __vector_21
                0x00000070                __vector_15
                0x00000070                __vector_8
                0x00000070                __vector_14
                0x00000070                __vector_10
                0x00000070                __vector_16
                0x00000070                __vector_18
                0x00000070                __vector_20
 .text          0x00000074       0x4e fifo_get_byte.o
                0x00000074                fifo_get_byte
 .text          0x000000c2       0x16 fifo_init.o
                0x000000c2                fifo_init
 .text          0x000000d8       0x46 fifo_put_byte.o
                0x000000d8                fifo_put_byte
 .text          0x0000011e       0x22 fifo_get_byte_at_index.o
                0x0000011e                fifo_get_byte_at_index
 .text          0x00000140       0x18 fifo_not_full.o
                0x00000140                fifo_not_full
 .text          0x00000158        0x8 fifoReleaseAll.o
                0x00000158                fifo_release_all
 .text          0x00000160       0x42 fifoReleaseFromOldest.o
                0x00000160                fifo_release_from_oldest
 .text          0x000001a2       0x12 fifo_is_empty.o
                0x000001a2                fifo_is_empty
 .text          0x000001b4        0x0 c:/winavr-20090313/bin/../lib/gcc/avr/4.3.2/avr5\libgcc.a(_udivmodhi4.o)
 .text          0x000001b4        0x0 c:/winavr-20090313/bin/../lib/gcc/avr/4.3.2/avr5\libgcc.a(_exit.o)
                0x000001b4                . = ALIGN (0x2)
 *(.text.*)
 .text.libgcc   0x000001b4       0x28 c:/winavr-20090313/bin/../lib/gcc/avr/4.3.2/avr5\libgcc.a(_udivmodhi4.o)
                0x000001b4                __udivmodhi4
 .text.libgcc   0x000001dc        0x0 c:/winavr-20090313/bin/../lib/gcc/avr/4.3.2/avr5\libgcc.a(_exit.o)
                0x000001dc                . = ALIGN (0x2)
 *(.fini9)
 .fini9         0x000001dc        0x0 c:/winavr-20090313/bin/../lib/gcc/avr/4.3.2/avr5\libgcc.a(_exit.o)
                0x000001dc                exit
                0x000001dc                _exit
 *(.fini9)
 *(.fini8)
 *(.fini8)
 *(.fini7)
 *(.fini7)
 *(.fini6)
 *(.fini6)
 *(.fini5)
 *(.fini5)
 *(.fini4)
 *(.fini4)
 *(.fini3)
 *(.fini3)
 *(.fini2)
 *(.fini2)
 *(.fini1)
 *(.fini1)
 *(.fini0)
 .fini0         0x000001dc        0x4 c:/winavr-20090313/bin/../lib/gcc/avr/4.3.2/avr5\libgcc.a(_exit.o)
 *(.fini0)
                0x000001e0                _etext = .

.data           0x00800100        0x0 load address 0x000001e0
                0x00800100                PROVIDE (__data_start, .)
 *(.data)
 .data          0x00800100        0x0 c:/winavr-20090313/bin/../lib/gcc/avr/4.3.2/../../../../avr/lib/avr5/crtm169.o
 .data          0x00800100        0x0 fifo_get_byte.o
 .data          0x00800100        0x0 fifo_init.o
 .data          0x00800100        0x0 fifo_put_byte.o
 .data          0x00800100        0x0 fifo_get_byte_at_index.o
 .data          0x00800100        0x0 fifo_not_full.o
 .data          0x00800100        0x0 fifoReleaseAll.o
 .data          0x00800100        0x0 fifoReleaseFromOldest.o
 .data          0x00800100        0x0 fifo_is_empty.o
 .data          0x00800100        0x0 c:/winavr-20090313/bin/../lib/gcc/avr/4.3.2/avr5\libgcc.a(_udivmodhi4.o)
 .data          0x00800100        0x0 c:/winavr-20090313/bin/../lib/gcc/avr/4.3.2/avr5\libgcc.a(_exit.o)
 *(.data*)
 *(.rodata)
 *(.rodata*)
 *(.gnu.linkonce.d*)
                0x00800100                . = ALIGN (0x2)
                0x00800100                _edata = .
                0x00800100                PROVIDE (__data_end, .)

.bss            0x00800100        0x0
                0x00800100                PROVIDE (__bss_start, .)
 *(.bss)
 .bss           0x00800100        0x0 c:/winavr-20090313/bin/../lib/gcc/avr/4.3.2/../../../../avr/lib/avr5/crtm169.o
 .bss           0x00800100        0x0 fifo_get_byte.o
 .bss           0x00800100        0x0 fifo_init.o
 .bss           0x00800100        0x0 fifo_put_byte.o
 .bss           0x00800100        0x0 fifo_get_byte_at_index.o
 .bss           0x00800100        0x0 fifo_not_full.o
 .bss           0x00800100        0x0 fifoReleaseAll.o
 .bss           0x00800100        0x0 fifoReleaseFromOldest.o
 .bss           0x00800100        0x0 fifo_is_empty.o
 .bss           0x00800100        0x0 c:/winavr-20090313/bin/../lib/gcc/avr/4.3.2/avr5\libgcc.a(_udivmodhi4.o)
 .bss           0x00800100        0x0 c:/winavr-20090313/bin/../lib/gcc/avr/4.3.2/avr5\libgcc.a(_exit.o)
 *(.bss*)
 *(COMMON)
                0x00800100                PROVIDE (__bss_end, .)
                0x000001e0                __data_load_start = LOADADDR (.data)
                0x000001e0                __data_load_end = (__data_load_start + SIZEOF (.data))

.noinit         0x00800100        0x0
                0x00800100                PROVIDE (__noinit_start, .)
 *(.noinit*)
                0x00800100                PROVIDE (__noinit_end, .)
                0x00800100                _end = .
                0x00800100                PROVIDE (__heap_start, .)

.eeprom         0x00810000        0x0
 *(.eeprom*)
                0x00810000                __eeprom_end = .

.fuse
 *(.fuse)
 *(.lfuse)
 *(.hfuse)
 *(.efuse)

.lock
 *(.lock*)

.signature
 *(.signature*)

.stab
 *(.stab)

.stabstr
 *(.stabstr)

.stab.excl
 *(.stab.excl)

.stab.exclstr
 *(.stab.exclstr)

.stab.index
 *(.stab.index)

.stab.indexstr
 *(.stab.indexstr)

.comment
 *(.comment)

.debug
 *(.debug)

.line
 *(.line)

.debug_srcinfo
 *(.debug_srcinfo)

.debug_sfnames
 *(.debug_sfnames)

.debug_aranges  0x00000000      0x100
 *(.debug_aranges)
 .debug_aranges
                0x00000000       0x20 fifo_get_byte.o
 .debug_aranges
                0x00000020       0x20 fifo_init.o
 .debug_aranges
                0x00000040       0x20 fifo_put_byte.o
 .debug_aranges
                0x00000060       0x20 fifo_get_byte_at_index.o
 .debug_aranges
                0x00000080       0x20 fifo_not_full.o
 .debug_aranges
                0x000000a0       0x20 fifoReleaseAll.o
 .debug_aranges
                0x000000c0       0x20 fifoReleaseFromOldest.o
 .debug_aranges
                0x000000e0       0x20 fifo_is_empty.o

.debug_pubnames
                0x00000000      0x133
 *(.debug_pubnames)
 .debug_pubnames
                0x00000000       0x24 fifo_get_byte.o
 .debug_pubnames
                0x00000024       0x20 fifo_init.o
 .debug_pubnames
                0x00000044       0x24 fifo_put_byte.o
 .debug_pubnames
                0x00000068       0x2d fifo_get_byte_at_index.o
 .debug_pubnames
                0x00000095       0x24 fifo_not_full.o
 .debug_pubnames
                0x000000b9       0x27 fifoReleaseAll.o
 .debug_pubnames
                0x000000e0       0x2f fifoReleaseFromOldest.o
 .debug_pubnames
                0x0000010f       0x24 fifo_is_empty.o

.debug_info     0x00000000      0x883
 *(.debug_info)
 .debug_info    0x00000000      0x115 fifo_get_byte.o
 .debug_info    0x00000115      0x124 fifo_init.o
 .debug_info    0x00000239      0x113 fifo_put_byte.o
 .debug_info    0x0000034c      0x115 fifo_get_byte_at_index.o
 .debug_info    0x00000461      0x106 fifo_not_full.o
 .debug_info    0x00000567      0x105 fifoReleaseAll.o
 .debug_info    0x0000066c      0x111 fifoReleaseFromOldest.o
 .debug_info    0x0000077d      0x106 fifo_is_empty.o
 *(.gnu.linkonce.wi.*)

.debug_abbrev   0x00000000      0x4c0
 *(.debug_abbrev)
 .debug_abbrev  0x00000000       0xa4 fifo_get_byte.o
 .debug_abbrev  0x000000a4       0x93 fifo_init.o
 .debug_abbrev  0x00000137       0xa4 fifo_put_byte.o
 .debug_abbrev  0x000001db       0x95 fifo_get_byte_at_index.o
 .debug_abbrev  0x00000270       0x95 fifo_not_full.o
 .debug_abbrev  0x00000305       0x93 fifoReleaseAll.o
 .debug_abbrev  0x00000398       0x93 fifoReleaseFromOldest.o
 .debug_abbrev  0x0000042b       0x95 fifo_is_empty.o

.debug_line     0x00000000      0x626
 *(.debug_line)
 .debug_line    0x00000000       0xe2 fifo_get_byte.o
 .debug_line    0x000000e2       0xce fifo_init.o
 .debug_line    0x000001b0       0xca fifo_put_byte.o
 .debug_line    0x0000027a       0xbb fifo_get_byte_at_index.o
 .debug_line    0x00000335       0xb2 fifo_not_full.o
 .debug_line    0x000003e7       0xb3 fifoReleaseAll.o
 .debug_line    0x0000049a       0xda fifoReleaseFromOldest.o
 .debug_line    0x00000574       0xb2 fifo_is_empty.o

.debug_frame    0x00000000      0x100
 *(.debug_frame)
 .debug_frame   0x00000000       0x20 fifo_get_byte.o
 .debug_frame   0x00000020       0x20 fifo_init.o
 .debug_frame   0x00000040       0x20 fifo_put_byte.o
 .debug_frame   0x00000060       0x20 fifo_get_byte_at_index.o
 .debug_frame   0x00000080       0x20 fifo_not_full.o
 .debug_frame   0x000000a0       0x20 fifoReleaseAll.o
 .debug_frame   0x000000c0       0x20 fifoReleaseFromOldest.o
 .debug_frame   0x000000e0       0x20 fifo_is_empty.o

.debug_str      0x00000000      0x1f0
 *(.debug_str)
 .debug_str     0x00000000       0xd5 fifo_get_byte.o
                                0x114 (size before relaxing)
 .debug_str     0x000000d5       0x1f fifo_init.o
                                0x10d (size before relaxing)
 .debug_str     0x000000f4       0x21 fifo_put_byte.o
                                0x10f (size before relaxing)
 .debug_str     0x00000115       0x33 fifo_get_byte_at_index.o
                                0x121 (size before relaxing)
 .debug_str     0x00000148       0x21 fifo_not_full.o
                                0x10f (size before relaxing)
 .debug_str     0x00000169       0x25 fifoReleaseAll.o
                                0x113 (size before relaxing)
 .debug_str     0x0000018e       0x41 fifoReleaseFromOldest.o
                                0x12f (size before relaxing)
 .debug_str     0x000001cf       0x21 fifo_is_empty.o
                                0x10f (size before relaxing)

.debug_loc      0x00000000      0x162
 *(.debug_loc)
 .debug_loc     0x00000000       0x46 fifo_get_byte.o
 .debug_loc     0x00000046       0x46 fifo_put_byte.o
 .debug_loc     0x0000008c       0x50 fifo_get_byte_at_index.o
 .debug_loc     0x000000dc       0x28 fifo_not_full.o
 .debug_loc     0x00000104       0x46 fifoReleaseFromOldest.o
 .debug_loc     0x0000014a       0x18 fifo_is_empty.o

.debug_macinfo
 *(.debug_macinfo)
OUTPUT(fifo_lib_169_maker.elf elf32-avr)
LOAD linker stubs
