Archive member included because of file (symbol)

C:\avrtoolbox\libavr\librarian\atmega328\libavr_atmega328_002.a(usart0_receive_buffer_clear.o)
                              command_line_demo.o (usart0_receive_buffer_clear)
C:\avrtoolbox\libavr\librarian\atmega328\libavr_atmega328_002.a(usart0_init_baud.o)
                              command_line_demo.o (usart0_init_baud)
C:\avrtoolbox\libavr\librarian\atmega328\libavr_atmega328_002.a(usart0_available.o)
                              command_line_demo.o (usart0_available)
C:\avrtoolbox\libavr\librarian\atmega328\libavr_atmega328_002.a(usart0.o)
                              C:\avrtoolbox\libavr\librarian\atmega328\libavr_atmega328_002.a(usart0_init_baud.o) (usart0_init)
C:\avrtoolbox\libavr\librarian\atmega328\libavr_atmega328_002.a(usart0_buffer_clear.o)
                              C:\avrtoolbox\libavr\librarian\atmega328\libavr_atmega328_002.a(usart0_receive_buffer_clear.o) (usart0_buffer_clear)
C:\avrtoolbox\libavr\librarian\atmega328\libavr_atmega328_002.a(usart0_receive_buffer_inuse_count.o)
                              C:\avrtoolbox\libavr\librarian\atmega328\libavr_atmega328_002.a(usart0_available.o) (usart0_receive_buffer_inuse_count)
C:\avrtoolbox\libavr\librarian\atmega328\libavr_atmega328_002.a(usart0_transmit_buffer_insert.o)
                              C:\avrtoolbox\libavr\librarian\atmega328\libavr_atmega328_002.a(usart0.o) (usart0_transmit_buffer_insert)
C:\avrtoolbox\libavr\librarian\atmega328\libavr_atmega328_002.a(usart0_transmit_buffer_inuse_count.o)
                              C:\avrtoolbox\libavr\librarian\atmega328\libavr_atmega328_002.a(usart0.o) (usart0_transmit_buffer_inuse_count)
C:\avrtoolbox\libavr\librarian\atmega328\libavr_atmega328_002.a(ring_add.o)
                              C:\avrtoolbox\libavr\librarian\atmega328\libavr_atmega328_002.a(usart0.o) (ring_add)
C:\avrtoolbox\libavr\librarian\atmega328\libavr_atmega328_002.a(ring_init.o)
                              C:\avrtoolbox\libavr\librarian\atmega328\libavr_atmega328_002.a(usart0.o) (ring_init)
C:\avrtoolbox\libavr\librarian\atmega328\libavr_atmega328_002.a(ring_clear.o)
                              C:\avrtoolbox\libavr\librarian\atmega328\libavr_atmega328_002.a(usart0_buffer_clear.o) (ring_clear)
C:\avrtoolbox\libavr\librarian\atmega328\libavr_atmega328_002.a(ring_remove.o)
                              C:\avrtoolbox\libavr\librarian\atmega328\libavr_atmega328_002.a(usart0.o) (ring_remove)
C:\avrtoolbox\libavr\librarian\atmega328\libavr_atmega328_002.a(usart0_buffer_insert.o)
                              C:\avrtoolbox\libavr\librarian\atmega328\libavr_atmega328_002.a(usart0_transmit_buffer_insert.o) (usart0_buffer_insert)
C:\avrtoolbox\libavr\librarian\atmega328\libavr_atmega328_002.a(usart0_buffer_inuse_count.o)
                              C:\avrtoolbox\libavr\librarian\atmega328\libavr_atmega328_002.a(usart0_receive_buffer_inuse_count.o) (usart0_buffer_inuse_count)
c:/winavr-20100110/bin/../lib/gcc/avr/4.3.3/avr5\libgcc.a(_udivmodsi4.o)
                              C:\avrtoolbox\libavr\librarian\atmega328\libavr_atmega328_002.a(usart0.o) (__udivmodsi4)
c:/winavr-20100110/bin/../lib/gcc/avr/4.3.3/avr5\libgcc.a(_exit.o)
                              c:/winavr-20100110/bin/../lib/gcc/avr/4.3.3/../../../../avr/lib/avr5/crtm328p.o (exit)
c:/winavr-20100110/bin/../lib/gcc/avr/4.3.3/avr5\libgcc.a(_copy_data.o)
                              command_line_demo.o (__do_copy_data)
c:/winavr-20100110/bin/../lib/gcc/avr/4.3.3/avr5\libgcc.a(_clear_bss.o)
                              command_line_demo.o (__do_clear_bss)
c:/winavr-20100110/bin/../lib/gcc/avr/4.3.3/../../../../avr/lib/avr5\libc.a(atoi.o)
                              command_line_demo.o (atoi)
c:/winavr-20100110/bin/../lib/gcc/avr/4.3.3/../../../../avr/lib/avr5\libc.a(isalnum.o)
                              command_line_demo.o (isalnum)
c:/winavr-20100110/bin/../lib/gcc/avr/4.3.3/../../../../avr/lib/avr5\libc.a(cty_isfalse.o)
                              c:/winavr-20100110/bin/../lib/gcc/avr/4.3.3/../../../../avr/lib/avr5\libc.a(isalnum.o) (__ctype_isfalse)
c:/winavr-20100110/bin/../lib/gcc/avr/4.3.3/../../../../avr/lib/avr5\libc.a(isalpha.o)
                              c:/winavr-20100110/bin/../lib/gcc/avr/4.3.3/../../../../avr/lib/avr5\libc.a(isalnum.o) (isalpha)
c:/winavr-20100110/bin/../lib/gcc/avr/4.3.3/../../../../avr/lib/avr5\libc.a(memset.o)
                              C:\avrtoolbox\libavr\librarian\atmega328\libavr_atmega328_002.a(ring_clear.o) (memset)
c:/winavr-20100110/bin/../lib/gcc/avr/4.3.3/../../../../avr/lib/avr5\libc.a(strchr.o)
                              command_line_demo.o (strchr)
c:/winavr-20100110/bin/../lib/gcc/avr/4.3.3/../../../../avr/lib/avr5\libc.a(strcmp.o)
                              command_line_demo.o (strcmp)
c:/winavr-20100110/bin/../lib/gcc/avr/4.3.3/../../../../avr/lib/avr5\libc.a(strcpy.o)
                              command_line_demo.o (strcpy)
c:/winavr-20100110/bin/../lib/gcc/avr/4.3.3/../../../../avr/lib/avr5\libc.a(mul10.o)
                              c:/winavr-20100110/bin/../lib/gcc/avr/4.3.3/../../../../avr/lib/avr5\libc.a(atoi.o) (__mulhi_const_10)
c:/winavr-20100110/bin/../lib/gcc/avr/4.3.3/../../../../avr/lib/avr5\libc.a(iob.o)
                              C:\avrtoolbox\libavr\librarian\atmega328\libavr_atmega328_002.a(usart0.o) (__iob)
c:/winavr-20100110/bin/../lib/gcc/avr/4.3.3/../../../../avr/lib/avr5\libc.a(printf_p.o)
                              command_line_demo.o (printf_P)
c:/winavr-20100110/bin/../lib/gcc/avr/4.3.3/../../../../avr/lib/avr5\libc.a(vfprintf_std.o)
                              c:/winavr-20100110/bin/../lib/gcc/avr/4.3.3/../../../../avr/lib/avr5\libc.a(printf_p.o) (vfprintf)
c:/winavr-20100110/bin/../lib/gcc/avr/4.3.3/../../../../avr/lib/avr5\libc.a(strnlen_P.o)
                              c:/winavr-20100110/bin/../lib/gcc/avr/4.3.3/../../../../avr/lib/avr5\libc.a(vfprintf_std.o) (strnlen_P)
c:/winavr-20100110/bin/../lib/gcc/avr/4.3.3/../../../../avr/lib/avr5\libc.a(strnlen.o)
                              c:/winavr-20100110/bin/../lib/gcc/avr/4.3.3/../../../../avr/lib/avr5\libc.a(vfprintf_std.o) (strnlen)
c:/winavr-20100110/bin/../lib/gcc/avr/4.3.3/../../../../avr/lib/avr5\libc.a(fputc.o)
                              c:/winavr-20100110/bin/../lib/gcc/avr/4.3.3/../../../../avr/lib/avr5\libc.a(vfprintf_std.o) (fputc)
c:/winavr-20100110/bin/../lib/gcc/avr/4.3.3/../../../../avr/lib/avr5\libc.a(ultoa_invert.o)
                              c:/winavr-20100110/bin/../lib/gcc/avr/4.3.3/../../../../avr/lib/avr5\libc.a(vfprintf_std.o) (__ultoa_invert)
c:/winavr-20100110/bin/../lib/gcc/avr/4.3.3/avr5\libgcc.a(_prologue.o)
                              c:/winavr-20100110/bin/../lib/gcc/avr/4.3.3/../../../../avr/lib/avr5\libc.a(printf_p.o) (__prologue_saves__)
c:/winavr-20100110/bin/../lib/gcc/avr/4.3.3/avr5\libgcc.a(_epilogue.o)
                              c:/winavr-20100110/bin/../lib/gcc/avr/4.3.3/../../../../avr/lib/avr5\libc.a(printf_p.o) (__epilogue_restores__)

Allocating common symbols
Common symbol       size              file

usart0_transmit_buffer
                    0x80              command_line_demo.o
usart0_transmit_ring
                    0x8               command_line_demo.o
usart0_receive_ring
                    0x8               command_line_demo.o
usart0_receive_buffer
                    0x40              command_line_demo.o
usart_buffered_tx_flag
                    0x1               command_line_demo.o
usart_tx_ready_flag
                    0x1               command_line_demo.o
__iob               0x6               c:/winavr-20100110/bin/../lib/gcc/avr/4.3.3/../../../../avr/lib/avr5\libc.a(iob.o)

Memory Configuration

Name             Origin             Length             Attributes
text             0x00000000         0x00020000         xr
data             0x00800060         0x0000ffa0         rw !x
eeprom           0x00810000         0x00010000         rw !x
fuse             0x00820000         0x00000400         rw !x
lock             0x00830000         0x00000400         rw !x
signature        0x00840000         0x00000400         rw !x
*default*        0x00000000         0xffffffff

Linker script and memory map

Address of section .data set to 0x800100
LOAD c:/winavr-20100110/bin/../lib/gcc/avr/4.3.3/../../../../avr/lib/avr5/crtm328p.o
LOAD command_line_demo.o
LOAD C:\avrtoolbox\libavr\librarian\atmega328\libavr_atmega328_002.a
LOAD c:/winavr-20100110/bin/../lib/gcc/avr/4.3.3/avr5\libgcc.a
LOAD c:/winavr-20100110/bin/../lib/gcc/avr/4.3.3/../../../../avr/lib/avr5\libc.a
LOAD c:/winavr-20100110/bin/../lib/gcc/avr/4.3.3/avr5\libgcc.a

.hash
 *(.hash)

.dynsym
 *(.dynsym)

.dynstr
 *(.dynstr)

.gnu.version
 *(.gnu.version)

.gnu.version_d
 *(.gnu.version_d)

.gnu.version_r
 *(.gnu.version_r)

.rel.init
 *(.rel.init)

.rela.init
 *(.rela.init)

.rel.text
 *(.rel.text)
 *(.rel.text.*)
 *(.rel.gnu.linkonce.t*)

.rela.text
 *(.rela.text)
 *(.rela.text.*)
 *(.rela.gnu.linkonce.t*)

.rel.fini
 *(.rel.fini)

.rela.fini
 *(.rela.fini)

.rel.rodata
 *(.rel.rodata)
 *(.rel.rodata.*)
 *(.rel.gnu.linkonce.r*)

.rela.rodata
 *(.rela.rodata)
 *(.rela.rodata.*)
 *(.rela.gnu.linkonce.r*)

.rel.data
 *(.rel.data)
 *(.rel.data.*)
 *(.rel.gnu.linkonce.d*)

.rela.data
 *(.rela.data)
 *(.rela.data.*)
 *(.rela.gnu.linkonce.d*)

.rel.ctors
 *(.rel.ctors)

.rela.ctors
 *(.rela.ctors)

.rel.dtors
 *(.rel.dtors)

.rela.dtors
 *(.rela.dtors)

.rel.got
 *(.rel.got)

.rela.got
 *(.rela.got)

.rel.bss
 *(.rel.bss)

.rela.bss
 *(.rela.bss)

.rel.plt
 *(.rel.plt)

.rela.plt
 *(.rela.plt)

.text           0x00000000     0x12d0
 *(.vectors)
 .vectors       0x00000000       0x68 c:/winavr-20100110/bin/../lib/gcc/avr/4.3.3/../../../../avr/lib/avr5/crtm328p.o
                0x00000000                __vectors
                0x00000000                __vector_default
 *(.vectors)
 *(.progmem.gcc*)
 *(.progmem*)
 .progmem.data  0x00000068      0x2e0 command_line_demo.o
                0x00000068                COMMANDS
                0x0000008c                HELP
                0x00000348                . = ALIGN (0x2)
                0x00000348                __trampolines_start = .
 *(.trampolines)
 .trampolines   0x00000348        0x0 linker stubs
 *(.trampolines*)
                0x00000348                __trampolines_end = .
 *(.jumptables)
 *(.jumptables*)
 *(.lowtext)
 *(.lowtext*)
                0x00000348                __ctors_start = .
 *(.ctors)
                0x00000348                __ctors_end = .
                0x00000348                __dtors_start = .
 *(.dtors)
                0x00000348                __dtors_end = .
 SORT(*)(.ctors)
 SORT(*)(.dtors)
 *(.init0)
 .init0         0x00000348        0x0 c:/winavr-20100110/bin/../lib/gcc/avr/4.3.3/../../../../avr/lib/avr5/crtm328p.o
                0x00000348                __init
 *(.init0)
 *(.init1)
 *(.init1)
 *(.init2)
 .init2         0x00000348        0xc c:/winavr-20100110/bin/../lib/gcc/avr/4.3.3/../../../../avr/lib/avr5/crtm328p.o
 *(.init2)
 *(.init3)
 *(.init3)
 *(.init4)
 .init4         0x00000354       0x16 c:/winavr-20100110/bin/../lib/gcc/avr/4.3.3/avr5\libgcc.a(_copy_data.o)
                0x00000354                __do_copy_data
 .init4         0x0000036a       0x10 c:/winavr-20100110/bin/../lib/gcc/avr/4.3.3/avr5\libgcc.a(_clear_bss.o)
                0x0000036a                __do_clear_bss
 *(.init4)
 *(.init5)
 *(.init5)
 *(.init6)
 *(.init6)
 *(.init7)
 *(.init7)
 *(.init8)
 *(.init8)
 *(.init9)
 .init9         0x0000037a        0x8 c:/winavr-20100110/bin/../lib/gcc/avr/4.3.3/../../../../avr/lib/avr5/crtm328p.o
 *(.init9)
 *(.text)
 .text          0x00000382        0x4 c:/winavr-20100110/bin/../lib/gcc/avr/4.3.3/../../../../avr/lib/avr5/crtm328p.o
                0x00000382                __vector_22
                0x00000382                __vector_1
                0x00000382                __vector_24
                0x00000382                __vector_12
                0x00000382                __bad_interrupt
                0x00000382                __vector_6
                0x00000382                __vector_3
                0x00000382                __vector_23
                0x00000382                __vector_25
                0x00000382                __vector_11
                0x00000382                __vector_13
                0x00000382                __vector_17
                0x00000382                __vector_19
                0x00000382                __vector_7
                0x00000382                __vector_5
                0x00000382                __vector_4
                0x00000382                __vector_9
                0x00000382                __vector_2
                0x00000382                __vector_21
                0x00000382                __vector_15
                0x00000382                __vector_8
                0x00000382                __vector_14
                0x00000382                __vector_10
                0x00000382                __vector_16
 .text          0x00000386      0x3cc command_line_demo.o
                0x0000039e                command6
                0x00000524                parse_command
                0x000003e2                command4
                0x000003c0                command5
                0x00000426                command2
                0x0000048c                call_command
                0x0000070e                main
                0x00000386                help
                0x00000404                command3
                0x0000046a                command0
                0x00000448                command1
 .text          0x00000752        0xa C:\avrtoolbox\libavr\librarian\atmega328\libavr_atmega328_002.a(usart0_receive_buffer_clear.o)
                0x00000752                usart0_receive_buffer_clear
 .text          0x0000075c       0x34 C:\avrtoolbox\libavr\librarian\atmega328\libavr_atmega328_002.a(usart0_init_baud.o)
                0x0000075c                usart0_init_baud
 .text          0x00000790        0xa C:\avrtoolbox\libavr\librarian\atmega328\libavr_atmega328_002.a(usart0_available.o)
                0x00000790                usart0_available
 .text          0x0000079a      0x32c C:\avrtoolbox\libavr\librarian\atmega328\libavr_atmega328_002.a(usart0.o)
                0x00000aa6                usart0_put_char_stream
                0x00000910                usart0_init
                0x0000079a                usart0_uninit
                0x000007ac                usart0_baud_set
                0x000007e8                usart0_parity_set
                0x000008f0                usart0_send
                0x00000824                __vector_18
                0x00000884                __vector_20
 .text          0x00000ac6       0x10 C:\avrtoolbox\libavr\librarian\atmega328\libavr_atmega328_002.a(usart0_buffer_clear.o)
                0x00000ac6                usart0_buffer_clear
 .text          0x00000ad6        0xa C:\avrtoolbox\libavr\librarian\atmega328\libavr_atmega328_002.a(usart0_receive_buffer_inuse_count.o)
                0x00000ad6                usart0_receive_buffer_inuse_count
 .text          0x00000ae0        0xc C:\avrtoolbox\libavr\librarian\atmega328\libavr_atmega328_002.a(usart0_transmit_buffer_insert.o)
                0x00000ae0                usart0_transmit_buffer_insert
 .text          0x00000aec        0xa C:\avrtoolbox\libavr\librarian\atmega328\libavr_atmega328_002.a(usart0_transmit_buffer_inuse_count.o)
                0x00000aec                usart0_transmit_buffer_inuse_count
 .text          0x00000af6       0x5c C:\avrtoolbox\libavr\librarian\atmega328\libavr_atmega328_002.a(ring_add.o)
                0x00000af6                ring_add
 .text          0x00000b52       0x20 C:\avrtoolbox\libavr\librarian\atmega328\libavr_atmega328_002.a(ring_init.o)
                0x00000b52                ring_init
 .text          0x00000b72       0x28 C:\avrtoolbox\libavr\librarian\atmega328\libavr_atmega328_002.a(ring_clear.o)
                0x00000b72                ring_clear
 .text          0x00000b9a       0x5a C:\avrtoolbox\libavr\librarian\atmega328\libavr_atmega328_002.a(ring_remove.o)
                0x00000b9a                ring_remove
 .text          0x00000bf4       0x1c C:\avrtoolbox\libavr\librarian\atmega328\libavr_atmega328_002.a(usart0_buffer_insert.o)
                0x00000bf4                usart0_buffer_insert
 .text          0x00000c10        0xc C:\avrtoolbox\libavr\librarian\atmega328\libavr_atmega328_002.a(usart0_buffer_inuse_count.o)
                0x00000c10                usart0_buffer_inuse_count
 .text          0x00000c1c        0x0 c:/winavr-20100110/bin/../lib/gcc/avr/4.3.3/avr5\libgcc.a(_udivmodsi4.o)
 .text          0x00000c1c        0x0 c:/winavr-20100110/bin/../lib/gcc/avr/4.3.3/avr5\libgcc.a(_exit.o)
 .text          0x00000c1c        0x0 c:/winavr-20100110/bin/../lib/gcc/avr/4.3.3/avr5\libgcc.a(_copy_data.o)
 .text          0x00000c1c        0x0 c:/winavr-20100110/bin/../lib/gcc/avr/4.3.3/avr5\libgcc.a(_clear_bss.o)
 .text          0x00000c1c        0x0 c:/winavr-20100110/bin/../lib/gcc/avr/4.3.3/../../../../avr/lib/avr5\libc.a(atoi.o)
 .text          0x00000c1c        0x0 c:/winavr-20100110/bin/../lib/gcc/avr/4.3.3/../../../../avr/lib/avr5\libc.a(isalnum.o)
 .text          0x00000c1c        0x0 c:/winavr-20100110/bin/../lib/gcc/avr/4.3.3/../../../../avr/lib/avr5\libc.a(cty_isfalse.o)
 .text          0x00000c1c        0x0 c:/winavr-20100110/bin/../lib/gcc/avr/4.3.3/../../../../avr/lib/avr5\libc.a(isalpha.o)
 .text          0x00000c1c        0x0 c:/winavr-20100110/bin/../lib/gcc/avr/4.3.3/../../../../avr/lib/avr5\libc.a(memset.o)
 .text          0x00000c1c        0x0 c:/winavr-20100110/bin/../lib/gcc/avr/4.3.3/../../../../avr/lib/avr5\libc.a(strchr.o)
 .text          0x00000c1c        0x0 c:/winavr-20100110/bin/../lib/gcc/avr/4.3.3/../../../../avr/lib/avr5\libc.a(strcmp.o)
 .text          0x00000c1c        0x0 c:/winavr-20100110/bin/../lib/gcc/avr/4.3.3/../../../../avr/lib/avr5\libc.a(strcpy.o)
 .text          0x00000c1c        0x0 c:/winavr-20100110/bin/../lib/gcc/avr/4.3.3/../../../../avr/lib/avr5\libc.a(mul10.o)
 .text          0x00000c1c        0x0 c:/winavr-20100110/bin/../lib/gcc/avr/4.3.3/../../../../avr/lib/avr5\libc.a(iob.o)
 .text          0x00000c1c        0x0 c:/winavr-20100110/bin/../lib/gcc/avr/4.3.3/../../../../avr/lib/avr5\libc.a(printf_p.o)
 .text          0x00000c1c        0x0 c:/winavr-20100110/bin/../lib/gcc/avr/4.3.3/../../../../avr/lib/avr5\libc.a(vfprintf_std.o)
 .text          0x00000c1c        0x0 c:/winavr-20100110/bin/../lib/gcc/avr/4.3.3/../../../../avr/lib/avr5\libc.a(strnlen_P.o)
 .text          0x00000c1c        0x0 c:/winavr-20100110/bin/../lib/gcc/avr/4.3.3/../../../../avr/lib/avr5\libc.a(strnlen.o)
 .text          0x00000c1c        0x0 c:/winavr-20100110/bin/../lib/gcc/avr/4.3.3/../../../../avr/lib/avr5\libc.a(fputc.o)
 .text          0x00000c1c        0x0 c:/winavr-20100110/bin/../lib/gcc/avr/4.3.3/../../../../avr/lib/avr5\libc.a(ultoa_invert.o)
 .text          0x00000c1c        0x0 c:/winavr-20100110/bin/../lib/gcc/avr/4.3.3/avr5\libgcc.a(_prologue.o)
 .text          0x00000c1c        0x0 c:/winavr-20100110/bin/../lib/gcc/avr/4.3.3/avr5\libgcc.a(_epilogue.o)
                0x00000c1c                . = ALIGN (0x2)
 *(.text.*)
 .text.libgcc   0x00000c1c       0x44 c:/winavr-20100110/bin/../lib/gcc/avr/4.3.3/avr5\libgcc.a(_udivmodsi4.o)
                0x00000c1c                __udivmodsi4
 .text.libgcc   0x00000c60        0x0 c:/winavr-20100110/bin/../lib/gcc/avr/4.3.3/avr5\libgcc.a(_exit.o)
 .text.libgcc   0x00000c60        0x0 c:/winavr-20100110/bin/../lib/gcc/avr/4.3.3/avr5\libgcc.a(_copy_data.o)
 .text.libgcc   0x00000c60        0x0 c:/winavr-20100110/bin/../lib/gcc/avr/4.3.3/avr5\libgcc.a(_clear_bss.o)
 .text.avr-libc
                0x00000c60       0x3c c:/winavr-20100110/bin/../lib/gcc/avr/4.3.3/../../../../avr/lib/avr5\libc.a(atoi.o)
                0x00000c60                atoi
 .text.avr-libc
                0x00000c9c       0x10 c:/winavr-20100110/bin/../lib/gcc/avr/4.3.3/../../../../avr/lib/avr5\libc.a(isalnum.o)
                0x00000c9c                isalnum
 .text.avr-libc
                0x00000cac        0x6 c:/winavr-20100110/bin/../lib/gcc/avr/4.3.3/../../../../avr/lib/avr5\libc.a(cty_isfalse.o)
                0x00000cb0                __ctype_istrue
                0x00000cac                __ctype_isfalse
 .text.avr-libc
                0x00000cb2       0x12 c:/winavr-20100110/bin/../lib/gcc/avr/4.3.3/../../../../avr/lib/avr5\libc.a(isalpha.o)
                0x00000cb8                islower
                0x00000cb2                isupper
                0x00000cb6                isalpha
 .text.avr-libc
                0x00000cc4        0xe c:/winavr-20100110/bin/../lib/gcc/avr/4.3.3/../../../../avr/lib/avr5\libc.a(memset.o)
                0x00000cc4                memset
 .text.avr-libc
                0x00000cd2       0x16 c:/winavr-20100110/bin/../lib/gcc/avr/4.3.3/../../../../avr/lib/avr5\libc.a(strchr.o)
                0x00000cd2                strchr
 .text.avr-libc
                0x00000ce8       0x12 c:/winavr-20100110/bin/../lib/gcc/avr/4.3.3/../../../../avr/lib/avr5\libc.a(strcmp.o)
                0x00000ce8                strcmp
 .text.avr-libc
                0x00000cfa        0xe c:/winavr-20100110/bin/../lib/gcc/avr/4.3.3/../../../../avr/lib/avr5\libc.a(strcpy.o)
                0x00000cfa                strcpy
 .text.avr-libc
                0x00000d08       0x10 c:/winavr-20100110/bin/../lib/gcc/avr/4.3.3/../../../../avr/lib/avr5\libc.a(mul10.o)
                0x00000d08                __mulhi_const_10
 .text.avr-libc
                0x00000d18       0x4c c:/winavr-20100110/bin/../lib/gcc/avr/4.3.3/../../../../avr/lib/avr5\libc.a(printf_p.o)
                0x00000d18                printf_P
 .text.avr-libc
                0x00000d64      0x3ba c:/winavr-20100110/bin/../lib/gcc/avr/4.3.3/../../../../avr/lib/avr5\libc.a(vfprintf_std.o)
                0x00000d64                vfprintf
 .text.avr-libc
                0x0000111e       0x16 c:/winavr-20100110/bin/../lib/gcc/avr/4.3.3/../../../../avr/lib/avr5\libc.a(strnlen_P.o)
                0x0000111e                strnlen_P
 .text.avr-libc
                0x00001134       0x16 c:/winavr-20100110/bin/../lib/gcc/avr/4.3.3/../../../../avr/lib/avr5\libc.a(strnlen.o)
                0x00001134                strnlen
 .text.avr-libc
                0x0000114a       0x58 c:/winavr-20100110/bin/../lib/gcc/avr/4.3.3/../../../../avr/lib/avr5\libc.a(fputc.o)
                0x0000114a                fputc
 .text.avr-libc
                0x000011a2       0xbc c:/winavr-20100110/bin/../lib/gcc/avr/4.3.3/../../../../avr/lib/avr5\libc.a(ultoa_invert.o)
                0x000011a2                __ultoa_invert
 .text.libgcc   0x0000125e       0x38 c:/winavr-20100110/bin/../lib/gcc/avr/4.3.3/avr5\libgcc.a(_prologue.o)
                0x0000125e                __prologue_saves__
 .text.libgcc   0x00001296       0x36 c:/winavr-20100110/bin/../lib/gcc/avr/4.3.3/avr5\libgcc.a(_epilogue.o)
                0x00001296                __epilogue_restores__
                0x000012cc                . = ALIGN (0x2)
 *(.fini9)
 .fini9         0x000012cc        0x0 c:/winavr-20100110/bin/../lib/gcc/avr/4.3.3/avr5\libgcc.a(_exit.o)
                0x000012cc                exit
                0x000012cc                _exit
 *(.fini9)
 *(.fini8)
 *(.fini8)
 *(.fini7)
 *(.fini7)
 *(.fini6)
 *(.fini6)
 *(.fini5)
 *(.fini5)
 *(.fini4)
 *(.fini4)
 *(.fini3)
 *(.fini3)
 *(.fini2)
 *(.fini2)
 *(.fini1)
 *(.fini1)
 *(.fini0)
 .fini0         0x000012cc        0x4 c:/winavr-20100110/bin/../lib/gcc/avr/4.3.3/avr5\libgcc.a(_exit.o)
 *(.fini0)
                0x000012d0                _etext = .

.data           0x00800100       0x52 load address 0x000012d0
                0x00800100                PROVIDE (__data_start, .)
 *(.data)
 .data          0x00800100        0x0 c:/winavr-20100110/bin/../lib/gcc/avr/4.3.3/../../../../avr/lib/avr5/crtm328p.o
 .data          0x00800100       0x44 command_line_demo.o
 .data          0x00800144        0x0 C:\avrtoolbox\libavr\librarian\atmega328\libavr_atmega328_002.a(usart0_receive_buffer_clear.o)
 .data          0x00800144        0x0 C:\avrtoolbox\libavr\librarian\atmega328\libavr_atmega328_002.a(usart0_init_baud.o)
 .data          0x00800144        0x0 C:\avrtoolbox\libavr\librarian\atmega328\libavr_atmega328_002.a(usart0_available.o)
 .data          0x00800144        0xe C:\avrtoolbox\libavr\librarian\atmega328\libavr_atmega328_002.a(usart0.o)
                0x00800144                mystdout
 .data          0x00800152        0x0 C:\avrtoolbox\libavr\librarian\atmega328\libavr_atmega328_002.a(usart0_buffer_clear.o)
 .data          0x00800152        0x0 C:\avrtoolbox\libavr\librarian\atmega328\libavr_atmega328_002.a(usart0_receive_buffer_inuse_count.o)
 .data          0x00800152        0x0 C:\avrtoolbox\libavr\librarian\atmega328\libavr_atmega328_002.a(usart0_transmit_buffer_insert.o)
 .data          0x00800152        0x0 C:\avrtoolbox\libavr\librarian\atmega328\libavr_atmega328_002.a(usart0_transmit_buffer_inuse_count.o)
 .data          0x00800152        0x0 C:\avrtoolbox\libavr\librarian\atmega328\libavr_atmega328_002.a(ring_add.o)
 .data          0x00800152        0x0 C:\avrtoolbox\libavr\librarian\atmega328\libavr_atmega328_002.a(ring_init.o)
 .data          0x00800152        0x0 C:\avrtoolbox\libavr\librarian\atmega328\libavr_atmega328_002.a(ring_clear.o)
 .data          0x00800152        0x0 C:\avrtoolbox\libavr\librarian\atmega328\libavr_atmega328_002.a(ring_remove.o)
 .data          0x00800152        0x0 C:\avrtoolbox\libavr\librarian\atmega328\libavr_atmega328_002.a(usart0_buffer_insert.o)
 .data          0x00800152        0x0 C:\avrtoolbox\libavr\librarian\atmega328\libavr_atmega328_002.a(usart0_buffer_inuse_count.o)
 .data          0x00800152        0x0 c:/winavr-20100110/bin/../lib/gcc/avr/4.3.3/avr5\libgcc.a(_udivmodsi4.o)
 .data          0x00800152        0x0 c:/winavr-20100110/bin/../lib/gcc/avr/4.3.3/avr5\libgcc.a(_exit.o)
 .data          0x00800152        0x0 c:/winavr-20100110/bin/../lib/gcc/avr/4.3.3/avr5\libgcc.a(_copy_data.o)
 .data          0x00800152        0x0 c:/winavr-20100110/bin/../lib/gcc/avr/4.3.3/avr5\libgcc.a(_clear_bss.o)
 .data          0x00800152        0x0 c:/winavr-20100110/bin/../lib/gcc/avr/4.3.3/../../../../avr/lib/avr5\libc.a(atoi.o)
 .data          0x00800152        0x0 c:/winavr-20100110/bin/../lib/gcc/avr/4.3.3/../../../../avr/lib/avr5\libc.a(isalnum.o)
 .data          0x00800152        0x0 c:/winavr-20100110/bin/../lib/gcc/avr/4.3.3/../../../../avr/lib/avr5\libc.a(cty_isfalse.o)
 .data          0x00800152        0x0 c:/winavr-20100110/bin/../lib/gcc/avr/4.3.3/../../../../avr/lib/avr5\libc.a(isalpha.o)
 .data          0x00800152        0x0 c:/winavr-20100110/bin/../lib/gcc/avr/4.3.3/../../../../avr/lib/avr5\libc.a(memset.o)
 .data          0x00800152        0x0 c:/winavr-20100110/bin/../lib/gcc/avr/4.3.3/../../../../avr/lib/avr5\libc.a(strchr.o)
 .data          0x00800152        0x0 c:/winavr-20100110/bin/../lib/gcc/avr/4.3.3/../../../../avr/lib/avr5\libc.a(strcmp.o)
 .data          0x00800152        0x0 c:/winavr-20100110/bin/../lib/gcc/avr/4.3.3/../../../../avr/lib/avr5\libc.a(strcpy.o)
 .data          0x00800152        0x0 c:/winavr-20100110/bin/../lib/gcc/avr/4.3.3/../../../../avr/lib/avr5\libc.a(mul10.o)
 .data          0x00800152        0x0 c:/winavr-20100110/bin/../lib/gcc/avr/4.3.3/../../../../avr/lib/avr5\libc.a(iob.o)
 .data          0x00800152        0x0 c:/winavr-20100110/bin/../lib/gcc/avr/4.3.3/../../../../avr/lib/avr5\libc.a(printf_p.o)
 .data          0x00800152        0x0 c:/winavr-20100110/bin/../lib/gcc/avr/4.3.3/../../../../avr/lib/avr5\libc.a(vfprintf_std.o)
 .data          0x00800152        0x0 c:/winavr-20100110/bin/../lib/gcc/avr/4.3.3/../../../../avr/lib/avr5\libc.a(strnlen_P.o)
 .data          0x00800152        0x0 c:/winavr-20100110/bin/../lib/gcc/avr/4.3.3/../../../../avr/lib/avr5\libc.a(strnlen.o)
 .data          0x00800152        0x0 c:/winavr-20100110/bin/../lib/gcc/avr/4.3.3/../../../../avr/lib/avr5\libc.a(fputc.o)
 .data          0x00800152        0x0 c:/winavr-20100110/bin/../lib/gcc/avr/4.3.3/../../../../avr/lib/avr5\libc.a(ultoa_invert.o)
 .data          0x00800152        0x0 c:/winavr-20100110/bin/../lib/gcc/avr/4.3.3/avr5\libgcc.a(_prologue.o)
 .data          0x00800152        0x0 c:/winavr-20100110/bin/../lib/gcc/avr/4.3.3/avr5\libgcc.a(_epilogue.o)
 *(.data*)
 *(.rodata)
 *(.rodata*)
 *(.gnu.linkonce.d*)
                0x00800152                . = ALIGN (0x2)
                0x00800152                _edata = .
                0x00800152                PROVIDE (__data_end, .)

.bss            0x00800152       0xd8
                0x00800152                PROVIDE (__bss_start, .)
 *(.bss)
 .bss           0x00800152        0x0 c:/winavr-20100110/bin/../lib/gcc/avr/4.3.3/../../../../avr/lib/avr5/crtm328p.o
 .bss           0x00800152        0x0 command_line_demo.o
 .bss           0x00800152        0x0 C:\avrtoolbox\libavr\librarian\atmega328\libavr_atmega328_002.a(usart0_receive_buffer_clear.o)
 .bss           0x00800152        0x0 C:\avrtoolbox\libavr\librarian\atmega328\libavr_atmega328_002.a(usart0_init_baud.o)
 .bss           0x00800152        0x0 C:\avrtoolbox\libavr\librarian\atmega328\libavr_atmega328_002.a(usart0_available.o)
 .bss           0x00800152        0x0 C:\avrtoolbox\libavr\librarian\atmega328\libavr_atmega328_002.a(usart0.o)
 .bss           0x00800152        0x0 C:\avrtoolbox\libavr\librarian\atmega328\libavr_atmega328_002.a(usart0_buffer_clear.o)
 .bss           0x00800152        0x0 C:\avrtoolbox\libavr\librarian\atmega328\libavr_atmega328_002.a(usart0_receive_buffer_inuse_count.o)
 .bss           0x00800152        0x0 C:\avrtoolbox\libavr\librarian\atmega328\libavr_atmega328_002.a(usart0_transmit_buffer_insert.o)
 .bss           0x00800152        0x0 C:\avrtoolbox\libavr\librarian\atmega328\libavr_atmega328_002.a(usart0_transmit_buffer_inuse_count.o)
 .bss           0x00800152        0x0 C:\avrtoolbox\libavr\librarian\atmega328\libavr_atmega328_002.a(ring_add.o)
 .bss           0x00800152        0x0 C:\avrtoolbox\libavr\librarian\atmega328\libavr_atmega328_002.a(ring_init.o)
 .bss           0x00800152        0x0 C:\avrtoolbox\libavr\librarian\atmega328\libavr_atmega328_002.a(ring_clear.o)
 .bss           0x00800152        0x0 C:\avrtoolbox\libavr\librarian\atmega328\libavr_atmega328_002.a(ring_remove.o)
 .bss           0x00800152        0x0 C:\avrtoolbox\libavr\librarian\atmega328\libavr_atmega328_002.a(usart0_buffer_insert.o)
 .bss           0x00800152        0x0 C:\avrtoolbox\libavr\librarian\atmega328\libavr_atmega328_002.a(usart0_buffer_inuse_count.o)
 .bss           0x00800152        0x0 c:/winavr-20100110/bin/../lib/gcc/avr/4.3.3/avr5\libgcc.a(_udivmodsi4.o)
 .bss           0x00800152        0x0 c:/winavr-20100110/bin/../lib/gcc/avr/4.3.3/avr5\libgcc.a(_exit.o)
 .bss           0x00800152        0x0 c:/winavr-20100110/bin/../lib/gcc/avr/4.3.3/avr5\libgcc.a(_copy_data.o)
 .bss           0x00800152        0x0 c:/winavr-20100110/bin/../lib/gcc/avr/4.3.3/avr5\libgcc.a(_clear_bss.o)
 .bss           0x00800152        0x0 c:/winavr-20100110/bin/../lib/gcc/avr/4.3.3/../../../../avr/lib/avr5\libc.a(atoi.o)
 .bss           0x00800152        0x0 c:/winavr-20100110/bin/../lib/gcc/avr/4.3.3/../../../../avr/lib/avr5\libc.a(isalnum.o)
 .bss           0x00800152        0x0 c:/winavr-20100110/bin/../lib/gcc/avr/4.3.3/../../../../avr/lib/avr5\libc.a(cty_isfalse.o)
 .bss           0x00800152        0x0 c:/winavr-20100110/bin/../lib/gcc/avr/4.3.3/../../../../avr/lib/avr5\libc.a(isalpha.o)
 .bss           0x00800152        0x0 c:/winavr-20100110/bin/../lib/gcc/avr/4.3.3/../../../../avr/lib/avr5\libc.a(memset.o)
 .bss           0x00800152        0x0 c:/winavr-20100110/bin/../lib/gcc/avr/4.3.3/../../../../avr/lib/avr5\libc.a(strchr.o)
 .bss           0x00800152        0x0 c:/winavr-20100110/bin/../lib/gcc/avr/4.3.3/../../../../avr/lib/avr5\libc.a(strcmp.o)
 .bss           0x00800152        0x0 c:/winavr-20100110/bin/../lib/gcc/avr/4.3.3/../../../../avr/lib/avr5\libc.a(strcpy.o)
 .bss           0x00800152        0x0 c:/winavr-20100110/bin/../lib/gcc/avr/4.3.3/../../../../avr/lib/avr5\libc.a(mul10.o)
 .bss           0x00800152        0x0 c:/winavr-20100110/bin/../lib/gcc/avr/4.3.3/../../../../avr/lib/avr5\libc.a(iob.o)
 .bss           0x00800152        0x0 c:/winavr-20100110/bin/../lib/gcc/avr/4.3.3/../../../../avr/lib/avr5\libc.a(printf_p.o)
 .bss           0x00800152        0x0 c:/winavr-20100110/bin/../lib/gcc/avr/4.3.3/../../../../avr/lib/avr5\libc.a(vfprintf_std.o)
 .bss           0x00800152        0x0 c:/winavr-20100110/bin/../lib/gcc/avr/4.3.3/../../../../avr/lib/avr5\libc.a(strnlen_P.o)
 .bss           0x00800152        0x0 c:/winavr-20100110/bin/../lib/gcc/avr/4.3.3/../../../../avr/lib/avr5\libc.a(strnlen.o)
 .bss           0x00800152        0x0 c:/winavr-20100110/bin/../lib/gcc/avr/4.3.3/../../../../avr/lib/avr5\libc.a(fputc.o)
 .bss           0x00800152        0x0 c:/winavr-20100110/bin/../lib/gcc/avr/4.3.3/../../../../avr/lib/avr5\libc.a(ultoa_invert.o)
 .bss           0x00800152        0x0 c:/winavr-20100110/bin/../lib/gcc/avr/4.3.3/avr5\libgcc.a(_prologue.o)
 .bss           0x00800152        0x0 c:/winavr-20100110/bin/../lib/gcc/avr/4.3.3/avr5\libgcc.a(_epilogue.o)
 *(.bss*)
 *(COMMON)
 COMMON         0x00800152       0xd2 command_line_demo.o
                0x00800152                usart0_transmit_buffer
                0x008001d2                usart0_transmit_ring
                0x008001da                usart0_receive_ring
                0x008001e2                usart0_receive_buffer
                0x00800222                usart_buffered_tx_flag
                0x00800223                usart_tx_ready_flag
 COMMON         0x00800224        0x6 c:/winavr-20100110/bin/../lib/gcc/avr/4.3.3/../../../../avr/lib/avr5\libc.a(iob.o)
                0x00800224                __iob
                0x0080022a                PROVIDE (__bss_end, .)
                0x000012d0                __data_load_start = LOADADDR (.data)
                0x00001322                __data_load_end = (__data_load_start + SIZEOF (.data))

.noinit         0x0080022a        0x0
                0x0080022a                PROVIDE (__noinit_start, .)
 *(.noinit*)
                0x0080022a                PROVIDE (__noinit_end, .)
                0x0080022a                _end = .
                0x0080022a                PROVIDE (__heap_start, .)

.eeprom         0x00810000        0x0
 *(.eeprom*)
                0x00810000                __eeprom_end = .

.fuse
 *(.fuse)
 *(.lfuse)
 *(.hfuse)
 *(.efuse)

.lock
 *(.lock*)

.signature
 *(.signature*)

.stab
 *(.stab)

.stabstr
 *(.stabstr)

.stab.excl
 *(.stab.excl)

.stab.exclstr
 *(.stab.exclstr)

.stab.index
 *(.stab.index)

.stab.indexstr
 *(.stab.indexstr)

.comment
 *(.comment)

.debug
 *(.debug)

.line
 *(.line)

.debug_srcinfo
 *(.debug_srcinfo)

.debug_sfnames
 *(.debug_sfnames)

.debug_aranges  0x00000000      0x1e0
 *(.debug_aranges)
 .debug_aranges
                0x00000000       0x20 command_line_demo.o
 .debug_aranges
                0x00000020       0x20 C:\avrtoolbox\libavr\librarian\atmega328\libavr_atmega328_002.a(usart0_receive_buffer_clear.o)
 .debug_aranges
                0x00000040       0x20 C:\avrtoolbox\libavr\librarian\atmega328\libavr_atmega328_002.a(usart0_init_baud.o)
 .debug_aranges
                0x00000060       0x20 C:\avrtoolbox\libavr\librarian\atmega328\libavr_atmega328_002.a(usart0_available.o)
 .debug_aranges
                0x00000080       0x20 C:\avrtoolbox\libavr\librarian\atmega328\libavr_atmega328_002.a(usart0.o)
 .debug_aranges
                0x000000a0       0x20 C:\avrtoolbox\libavr\librarian\atmega328\libavr_atmega328_002.a(usart0_buffer_clear.o)
 .debug_aranges
                0x000000c0       0x20 C:\avrtoolbox\libavr\librarian\atmega328\libavr_atmega328_002.a(usart0_receive_buffer_inuse_count.o)
 .debug_aranges
                0x000000e0       0x20 C:\avrtoolbox\libavr\librarian\atmega328\libavr_atmega328_002.a(usart0_transmit_buffer_insert.o)
 .debug_aranges
                0x00000100       0x20 C:\avrtoolbox\libavr\librarian\atmega328\libavr_atmega328_002.a(usart0_transmit_buffer_inuse_count.o)
 .debug_aranges
                0x00000120       0x20 C:\avrtoolbox\libavr\librarian\atmega328\libavr_atmega328_002.a(ring_add.o)
 .debug_aranges
                0x00000140       0x20 C:\avrtoolbox\libavr\librarian\atmega328\libavr_atmega328_002.a(ring_init.o)
 .debug_aranges
                0x00000160       0x20 C:\avrtoolbox\libavr\librarian\atmega328\libavr_atmega328_002.a(ring_clear.o)
 .debug_aranges
                0x00000180       0x20 C:\avrtoolbox\libavr\librarian\atmega328\libavr_atmega328_002.a(ring_remove.o)
 .debug_aranges
                0x000001a0       0x20 C:\avrtoolbox\libavr\librarian\atmega328\libavr_atmega328_002.a(usart0_buffer_insert.o)
 .debug_aranges
                0x000001c0       0x20 C:\avrtoolbox\libavr\librarian\atmega328\libavr_atmega328_002.a(usart0_buffer_inuse_count.o)

.debug_pubnames
                0x00000000      0xa2d
 *(.debug_pubnames)
 .debug_pubnames
                0x00000000      0x151 command_line_demo.o
 .debug_pubnames
                0x00000151       0xcb C:\avrtoolbox\libavr\librarian\atmega328\libavr_atmega328_002.a(usart0_receive_buffer_clear.o)
 .debug_pubnames
                0x0000021c       0xc0 C:\avrtoolbox\libavr\librarian\atmega328\libavr_atmega328_002.a(usart0_init_baud.o)
 .debug_pubnames
                0x000002dc       0xc0 C:\avrtoolbox\libavr\librarian\atmega328\libavr_atmega328_002.a(usart0_available.o)
 .debug_pubnames
                0x0000039c      0x14f C:\avrtoolbox\libavr\librarian\atmega328\libavr_atmega328_002.a(usart0.o)
 .debug_pubnames
                0x000004eb       0xc3 C:\avrtoolbox\libavr\librarian\atmega328\libavr_atmega328_002.a(usart0_buffer_clear.o)
 .debug_pubnames
                0x000005ae       0xd1 C:\avrtoolbox\libavr\librarian\atmega328\libavr_atmega328_002.a(usart0_receive_buffer_inuse_count.o)
 .debug_pubnames
                0x0000067f       0xcd C:\avrtoolbox\libavr\librarian\atmega328\libavr_atmega328_002.a(usart0_transmit_buffer_insert.o)
 .debug_pubnames
                0x0000074c       0xd2 C:\avrtoolbox\libavr\librarian\atmega328\libavr_atmega328_002.a(usart0_transmit_buffer_inuse_count.o)
 .debug_pubnames
                0x0000081e       0x1f C:\avrtoolbox\libavr\librarian\atmega328\libavr_atmega328_002.a(ring_add.o)
 .debug_pubnames
                0x0000083d       0x20 C:\avrtoolbox\libavr\librarian\atmega328\libavr_atmega328_002.a(ring_init.o)
 .debug_pubnames
                0x0000085d       0x21 C:\avrtoolbox\libavr\librarian\atmega328\libavr_atmega328_002.a(ring_clear.o)
 .debug_pubnames
                0x0000087e       0x22 C:\avrtoolbox\libavr\librarian\atmega328\libavr_atmega328_002.a(ring_remove.o)
 .debug_pubnames
                0x000008a0       0xc4 C:\avrtoolbox\libavr\librarian\atmega328\libavr_atmega328_002.a(usart0_buffer_insert.o)
 .debug_pubnames
                0x00000964       0xc9 C:\avrtoolbox\libavr\librarian\atmega328\libavr_atmega328_002.a(usart0_buffer_inuse_count.o)

.debug_info     0x00000000     0x2197
 *(.debug_info)
 .debug_info    0x00000000      0x639 command_line_demo.o
 .debug_info    0x00000639      0x1b2 C:\avrtoolbox\libavr\librarian\atmega328\libavr_atmega328_002.a(usart0_receive_buffer_clear.o)
 .debug_info    0x000007eb      0x274 C:\avrtoolbox\libavr\librarian\atmega328\libavr_atmega328_002.a(usart0_init_baud.o)
 .debug_info    0x00000a5f      0x1bd C:\avrtoolbox\libavr\librarian\atmega328\libavr_atmega328_002.a(usart0_available.o)
 .debug_info    0x00000c1c      0x512 C:\avrtoolbox\libavr\librarian\atmega328\libavr_atmega328_002.a(usart0.o)
 .debug_info    0x0000112e      0x1db C:\avrtoolbox\libavr\librarian\atmega328\libavr_atmega328_002.a(usart0_buffer_clear.o)
 .debug_info    0x00001309      0x1b6 C:\avrtoolbox\libavr\librarian\atmega328\libavr_atmega328_002.a(usart0_receive_buffer_inuse_count.o)
 .debug_info    0x000014bf      0x1da C:\avrtoolbox\libavr\librarian\atmega328\libavr_atmega328_002.a(usart0_transmit_buffer_insert.o)
 .debug_info    0x00001699      0x1b6 C:\avrtoolbox\libavr\librarian\atmega328\libavr_atmega328_002.a(usart0_transmit_buffer_inuse_count.o)
 .debug_info    0x0000184f      0x153 C:\avrtoolbox\libavr\librarian\atmega328\libavr_atmega328_002.a(ring_add.o)
 .debug_info    0x000019a2      0x16f C:\avrtoolbox\libavr\librarian\atmega328\libavr_atmega328_002.a(ring_init.o)
 .debug_info    0x00001b11      0x146 C:\avrtoolbox\libavr\librarian\atmega328\libavr_atmega328_002.a(ring_clear.o)
 .debug_info    0x00001c57      0x158 C:\avrtoolbox\libavr\librarian\atmega328\libavr_atmega328_002.a(ring_remove.o)
 .debug_info    0x00001daf      0x1fe C:\avrtoolbox\libavr\librarian\atmega328\libavr_atmega328_002.a(usart0_buffer_insert.o)
 .debug_info    0x00001fad      0x1ea C:\avrtoolbox\libavr\librarian\atmega328\libavr_atmega328_002.a(usart0_buffer_inuse_count.o)
 *(.gnu.linkonce.wi.*)

.debug_abbrev   0x00000000      0xc2b
 *(.debug_abbrev)
 .debug_abbrev  0x00000000      0x151 command_line_demo.o
 .debug_abbrev  0x00000151       0xa4 C:\avrtoolbox\libavr\librarian\atmega328\libavr_atmega328_002.a(usart0_receive_buffer_clear.o)
 .debug_abbrev  0x000001f5       0xd8 C:\avrtoolbox\libavr\librarian\atmega328\libavr_atmega328_002.a(usart0_init_baud.o)
 .debug_abbrev  0x000002cd       0xa6 C:\avrtoolbox\libavr\librarian\atmega328\libavr_atmega328_002.a(usart0_available.o)
 .debug_abbrev  0x00000373      0x1af C:\avrtoolbox\libavr\librarian\atmega328\libavr_atmega328_002.a(usart0.o)
 .debug_abbrev  0x00000522       0xc4 C:\avrtoolbox\libavr\librarian\atmega328\libavr_atmega328_002.a(usart0_buffer_clear.o)
 .debug_abbrev  0x000005e6       0xa6 C:\avrtoolbox\libavr\librarian\atmega328\libavr_atmega328_002.a(usart0_receive_buffer_inuse_count.o)
 .debug_abbrev  0x0000068c       0xc4 C:\avrtoolbox\libavr\librarian\atmega328\libavr_atmega328_002.a(usart0_transmit_buffer_insert.o)
 .debug_abbrev  0x00000750       0xa6 C:\avrtoolbox\libavr\librarian\atmega328\libavr_atmega328_002.a(usart0_transmit_buffer_inuse_count.o)
 .debug_abbrev  0x000007f6       0xa2 C:\avrtoolbox\libavr\librarian\atmega328\libavr_atmega328_002.a(ring_add.o)
 .debug_abbrev  0x00000898       0xaf C:\avrtoolbox\libavr\librarian\atmega328\libavr_atmega328_002.a(ring_init.o)
 .debug_abbrev  0x00000947       0x93 C:\avrtoolbox\libavr\librarian\atmega328\libavr_atmega328_002.a(ring_clear.o)
 .debug_abbrev  0x000009da       0x9c C:\avrtoolbox\libavr\librarian\atmega328\libavr_atmega328_002.a(ring_remove.o)
 .debug_abbrev  0x00000a76       0xe2 C:\avrtoolbox\libavr\librarian\atmega328\libavr_atmega328_002.a(usart0_buffer_insert.o)
 .debug_abbrev  0x00000b58       0xd3 C:\avrtoolbox\libavr\librarian\atmega328\libavr_atmega328_002.a(usart0_buffer_inuse_count.o)

.debug_line     0x00000000     0x13a6
 *(.debug_line)
 .debug_line    0x00000000      0x344 command_line_demo.o
 .debug_line    0x00000344      0x10e C:\avrtoolbox\libavr\librarian\atmega328\libavr_atmega328_002.a(usart0_receive_buffer_clear.o)
 .debug_line    0x00000452      0x113 C:\avrtoolbox\libavr\librarian\atmega328\libavr_atmega328_002.a(usart0_init_baud.o)
 .debug_line    0x00000565      0x103 C:\avrtoolbox\libavr\librarian\atmega328\libavr_atmega328_002.a(usart0_available.o)
 .debug_line    0x00000668      0x2f2 C:\avrtoolbox\libavr\librarian\atmega328\libavr_atmega328_002.a(usart0.o)
 .debug_line    0x0000095a      0x11e C:\avrtoolbox\libavr\librarian\atmega328\libavr_atmega328_002.a(usart0_buffer_clear.o)
 .debug_line    0x00000a78      0x114 C:\avrtoolbox\libavr\librarian\atmega328\libavr_atmega328_002.a(usart0_receive_buffer_inuse_count.o)
 .debug_line    0x00000b8c      0x110 C:\avrtoolbox\libavr\librarian\atmega328\libavr_atmega328_002.a(usart0_transmit_buffer_insert.o)
 .debug_line    0x00000c9c      0x115 C:\avrtoolbox\libavr\librarian\atmega328\libavr_atmega328_002.a(usart0_transmit_buffer_inuse_count.o)
 .debug_line    0x00000db1       0xf7 C:\avrtoolbox\libavr\librarian\atmega328\libavr_atmega328_002.a(ring_add.o)
 .debug_line    0x00000ea8       0xe0 C:\avrtoolbox\libavr\librarian\atmega328\libavr_atmega328_002.a(ring_init.o)
 .debug_line    0x00000f88       0xe9 C:\avrtoolbox\libavr\librarian\atmega328\libavr_atmega328_002.a(ring_clear.o)
 .debug_line    0x00001071       0xf2 C:\avrtoolbox\libavr\librarian\atmega328\libavr_atmega328_002.a(ring_remove.o)
 .debug_line    0x00001163      0x127 C:\avrtoolbox\libavr\librarian\atmega328\libavr_atmega328_002.a(usart0_buffer_insert.o)
 .debug_line    0x0000128a      0x11c C:\avrtoolbox\libavr\librarian\atmega328\libavr_atmega328_002.a(usart0_buffer_inuse_count.o)

.debug_frame    0x00000000      0x2f0
 *(.debug_frame)
 .debug_frame   0x00000000       0xc0 command_line_demo.o
 .debug_frame   0x000000c0       0x20 C:\avrtoolbox\libavr\librarian\atmega328\libavr_atmega328_002.a(usart0_receive_buffer_clear.o)
 .debug_frame   0x000000e0       0x20 C:\avrtoolbox\libavr\librarian\atmega328\libavr_atmega328_002.a(usart0_init_baud.o)
 .debug_frame   0x00000100       0x20 C:\avrtoolbox\libavr\librarian\atmega328\libavr_atmega328_002.a(usart0_available.o)
 .debug_frame   0x00000120       0x90 C:\avrtoolbox\libavr\librarian\atmega328\libavr_atmega328_002.a(usart0.o)
 .debug_frame   0x000001b0       0x20 C:\avrtoolbox\libavr\librarian\atmega328\libavr_atmega328_002.a(usart0_buffer_clear.o)
 .debug_frame   0x000001d0       0x20 C:\avrtoolbox\libavr\librarian\atmega328\libavr_atmega328_002.a(usart0_receive_buffer_inuse_count.o)
 .debug_frame   0x000001f0       0x20 C:\avrtoolbox\libavr\librarian\atmega328\libavr_atmega328_002.a(usart0_transmit_buffer_insert.o)
 .debug_frame   0x00000210       0x20 C:\avrtoolbox\libavr\librarian\atmega328\libavr_atmega328_002.a(usart0_transmit_buffer_inuse_count.o)
 .debug_frame   0x00000230       0x20 C:\avrtoolbox\libavr\librarian\atmega328\libavr_atmega328_002.a(ring_add.o)
 .debug_frame   0x00000250       0x20 C:\avrtoolbox\libavr\librarian\atmega328\libavr_atmega328_002.a(ring_init.o)
 .debug_frame   0x00000270       0x20 C:\avrtoolbox\libavr\librarian\atmega328\libavr_atmega328_002.a(ring_clear.o)
 .debug_frame   0x00000290       0x20 C:\avrtoolbox\libavr\librarian\atmega328\libavr_atmega328_002.a(ring_remove.o)
 .debug_frame   0x000002b0       0x20 C:\avrtoolbox\libavr\librarian\atmega328\libavr_atmega328_002.a(usart0_buffer_insert.o)
 .debug_frame   0x000002d0       0x20 C:\avrtoolbox\libavr\librarian\atmega328\libavr_atmega328_002.a(usart0_buffer_inuse_count.o)

.debug_str      0x00000000      0x8cc
 *(.debug_str)
 .debug_str     0x00000000      0x232 command_line_demo.o
                                0x285 (size before relaxing)
 .debug_str     0x00000232       0xa0 C:\avrtoolbox\libavr\librarian\atmega328\libavr_atmega328_002.a(usart0_receive_buffer_clear.o)
                                0x20d (size before relaxing)
 .debug_str     0x000002d2      0x159 C:\avrtoolbox\libavr\librarian\atmega328\libavr_atmega328_002.a(usart0_init_baud.o)
                                0x2cb (size before relaxing)
 .debug_str     0x0000042b       0x44 C:\avrtoolbox\libavr\librarian\atmega328\libavr_atmega328_002.a(usart0_available.o)
                                0x1fb (size before relaxing)
 .debug_str     0x0000046f      0x148 C:\avrtoolbox\libavr\librarian\atmega328\libavr_atmega328_002.a(usart0.o)
                                0x3dd (size before relaxing)
 .debug_str     0x000005b7       0x4f C:\avrtoolbox\libavr\librarian\atmega328\libavr_atmega328_002.a(usart0_buffer_clear.o)
                                0x207 (size before relaxing)
 .debug_str     0x00000606       0x66 C:\avrtoolbox\libavr\librarian\atmega328\libavr_atmega328_002.a(usart0_receive_buffer_inuse_count.o)
                                0x219 (size before relaxing)
 .debug_str     0x0000066c       0x5e C:\avrtoolbox\libavr\librarian\atmega328\libavr_atmega328_002.a(usart0_transmit_buffer_insert.o)
                                0x21e (size before relaxing)
 .debug_str     0x000006ca       0x68 C:\avrtoolbox\libavr\librarian\atmega328\libavr_atmega328_002.a(usart0_transmit_buffer_inuse_count.o)
                                0x21b (size before relaxing)
 .debug_str     0x00000732       0x3e C:\avrtoolbox\libavr\librarian\atmega328\libavr_atmega328_002.a(ring_add.o)
                                0x176 (size before relaxing)
 .debug_str     0x00000770       0x3e C:\avrtoolbox\libavr\librarian\atmega328\libavr_atmega328_002.a(ring_init.o)
                                0x177 (size before relaxing)
 .debug_str     0x000007ae       0x38 C:\avrtoolbox\libavr\librarian\atmega328\libavr_atmega328_002.a(ring_clear.o)
                                0x173 (size before relaxing)
 .debug_str     0x000007e6       0x44 C:\avrtoolbox\libavr\librarian\atmega328\libavr_atmega328_002.a(ring_remove.o)
                                0x176 (size before relaxing)
 .debug_str     0x0000082a       0x4c C:\avrtoolbox\libavr\librarian\atmega328\libavr_atmega328_002.a(usart0_buffer_insert.o)
                                0x216 (size before relaxing)
 .debug_str     0x00000876       0x56 C:\avrtoolbox\libavr\librarian\atmega328\libavr_atmega328_002.a(usart0_buffer_inuse_count.o)
                                0x21a (size before relaxing)

.debug_loc      0x00000000      0x6d0
 *(.debug_loc)
 .debug_loc     0x00000000      0x23e command_line_demo.o
 .debug_loc     0x0000023e       0x1e C:\avrtoolbox\libavr\librarian\atmega328\libavr_atmega328_002.a(usart0_init_baud.o)
 .debug_loc     0x0000025c      0x1dd C:\avrtoolbox\libavr\librarian\atmega328\libavr_atmega328_002.a(usart0.o)
 .debug_loc     0x00000439       0x2b C:\avrtoolbox\libavr\librarian\atmega328\libavr_atmega328_002.a(usart0_buffer_clear.o)
 .debug_loc     0x00000464       0x1e C:\avrtoolbox\libavr\librarian\atmega328\libavr_atmega328_002.a(usart0_transmit_buffer_insert.o)
 .debug_loc     0x00000482       0x50 C:\avrtoolbox\libavr\librarian\atmega328\libavr_atmega328_002.a(ring_add.o)
 .debug_loc     0x000004d2       0xa1 C:\avrtoolbox\libavr\librarian\atmega328\libavr_atmega328_002.a(ring_init.o)
 .debug_loc     0x00000573       0x66 C:\avrtoolbox\libavr\librarian\atmega328\libavr_atmega328_002.a(ring_clear.o)
 .debug_loc     0x000005d9       0x6e C:\avrtoolbox\libavr\librarian\atmega328\libavr_atmega328_002.a(ring_remove.o)
 .debug_loc     0x00000647       0x4e C:\avrtoolbox\libavr\librarian\atmega328\libavr_atmega328_002.a(usart0_buffer_insert.o)
 .debug_loc     0x00000695       0x3b C:\avrtoolbox\libavr\librarian\atmega328\libavr_atmega328_002.a(usart0_buffer_inuse_count.o)

.debug_macinfo
 *(.debug_macinfo)
OUTPUT(command_line_demo.elf elf32-avr)
LOAD linker stubs
