Archive member included because of file (symbol)

c:/winavr-20100110/bin/../lib/gcc/avr/4.3.3/avr5\libgcc.a(_udivmodsi4.o)
                              usart0.o (__udivmodsi4)
c:/winavr-20100110/bin/../lib/gcc/avr/4.3.3/avr5\libgcc.a(_exit.o)
                              c:/winavr-20100110/bin/../lib/gcc/avr/4.3.3/../../../../avr/lib/avr5/crtm169.o (exit)
c:/winavr-20100110/bin/../lib/gcc/avr/4.3.3/avr5\libgcc.a(_copy_data.o)
                              serial_tester.o (__do_copy_data)
c:/winavr-20100110/bin/../lib/gcc/avr/4.3.3/avr5\libgcc.a(_clear_bss.o)
                              serial_tester.o (__do_clear_bss)
c:/winavr-20100110/bin/../lib/gcc/avr/4.3.3/../../../../avr/lib/avr5\libc.a(memset.o)
                              ring_clear.o (memset)
c:/winavr-20100110/bin/../lib/gcc/avr/4.3.3/../../../../avr/lib/avr5\libc.a(iob.o)
                              usart0.o (__iob)
c:/winavr-20100110/bin/../lib/gcc/avr/4.3.3/../../../../avr/lib/avr5\libc.a(vprintf.o)
                              serial_out.o (vprintf)
c:/winavr-20100110/bin/../lib/gcc/avr/4.3.3/../../../../avr/lib/avr5\libc.a(vfprintf_std.o)
                              c:/winavr-20100110/bin/../lib/gcc/avr/4.3.3/../../../../avr/lib/avr5\libc.a(vprintf.o) (vfprintf)
c:/winavr-20100110/bin/../lib/gcc/avr/4.3.3/../../../../avr/lib/avr5\libc.a(strnlen_P.o)
                              c:/winavr-20100110/bin/../lib/gcc/avr/4.3.3/../../../../avr/lib/avr5\libc.a(vfprintf_std.o) (strnlen_P)
c:/winavr-20100110/bin/../lib/gcc/avr/4.3.3/../../../../avr/lib/avr5\libc.a(strnlen.o)
                              c:/winavr-20100110/bin/../lib/gcc/avr/4.3.3/../../../../avr/lib/avr5\libc.a(vfprintf_std.o) (strnlen)
c:/winavr-20100110/bin/../lib/gcc/avr/4.3.3/../../../../avr/lib/avr5\libc.a(fputc.o)
                              c:/winavr-20100110/bin/../lib/gcc/avr/4.3.3/../../../../avr/lib/avr5\libc.a(vfprintf_std.o) (fputc)
c:/winavr-20100110/bin/../lib/gcc/avr/4.3.3/../../../../avr/lib/avr5\libc.a(ultoa_invert.o)
                              c:/winavr-20100110/bin/../lib/gcc/avr/4.3.3/../../../../avr/lib/avr5\libc.a(vfprintf_std.o) (__ultoa_invert)
c:/winavr-20100110/bin/../lib/gcc/avr/4.3.3/avr5\libgcc.a(_prologue.o)
                              c:/winavr-20100110/bin/../lib/gcc/avr/4.3.3/../../../../avr/lib/avr5\libc.a(vfprintf_std.o) (__prologue_saves__)
c:/winavr-20100110/bin/../lib/gcc/avr/4.3.3/avr5\libgcc.a(_epilogue.o)
                              c:/winavr-20100110/bin/../lib/gcc/avr/4.3.3/../../../../avr/lib/avr5\libc.a(vfprintf_std.o) (__epilogue_restores__)

Allocating common symbols
Common symbol       size              file

usart0_transmit_buffer
                    0x80              serial_tester.o
usart0_transmit_ring
                    0x8               serial_tester.o
usart0_receive_ring
                    0x8               serial_tester.o
usart0_receive_buffer
                    0x40              serial_tester.o
usart_buffered_tx_flag
                    0x1               serial_tester.o
usart_tx_ready_flag
                    0x1               serial_tester.o
__iob               0x6               c:/winavr-20100110/bin/../lib/gcc/avr/4.3.3/../../../../avr/lib/avr5\libc.a(iob.o)

Memory Configuration

Name             Origin             Length             Attributes
text             0x00000000         0x00020000         xr
data             0x00800060         0x0000ffa0         rw !x
eeprom           0x00810000         0x00010000         rw !x
fuse             0x00820000         0x00000400         rw !x
lock             0x00830000         0x00000400         rw !x
signature        0x00840000         0x00000400         rw !x
*default*        0x00000000         0xffffffff

Linker script and memory map

Address of section .data set to 0x800100
LOAD c:/winavr-20100110/bin/../lib/gcc/avr/4.3.3/../../../../avr/lib/avr5/crtm169.o
LOAD serial_tester.o
LOAD serial_available.o
LOAD serial_begin.o
LOAD serial_end.o
LOAD serial_flush.o
LOAD ring_above_highmark.o
LOAD ring_add.o
LOAD ring_below_lowmark.o
LOAD ring_init.o
LOAD ring_peek.o
LOAD ring_remove.o
LOAD usart0.o
LOAD usart0_buffer_clear.o
LOAD usart0_buffer_free_count.o
LOAD usart0_buffer_insert.o
LOAD usart0_buffer_inuse_count.o
LOAD usart0_buffer_peek.o
LOAD usart0_buffer_remove.o
LOAD usart0_receive_buffer_clear.o
LOAD usart0_receive_buffer_free_count.o
LOAD usart0_receive_buffer_inuse_count.o
LOAD usart0_receive_buffer_peek.o
LOAD usart0_receive_buffer_remove.o
LOAD usart0_transmit_buffer_clear.o
LOAD usart0_transmit_buffer_free_count.o
LOAD usart0_transmit_buffer_insert.o
LOAD usart0_transmit_buffer_inuse_count.o
LOAD usart0_transmit_buffer_peek.o
LOAD usart0_transmit_buffer_remove.o
LOAD usart0_uninit.o
LOAD delay.o
LOAD ring_clear.o
LOAD serial_in.o
LOAD serial_out.o
LOAD serial_write.o
LOAD butterfly.o
LOAD c:/winavr-20100110/bin/../lib/gcc/avr/4.3.3/avr5\libgcc.a
LOAD c:/winavr-20100110/bin/../lib/gcc/avr/4.3.3/../../../../avr/lib/avr5\libc.a
LOAD c:/winavr-20100110/bin/../lib/gcc/avr/4.3.3/avr5\libgcc.a

.hash
 *(.hash)

.dynsym
 *(.dynsym)

.dynstr
 *(.dynstr)

.gnu.version
 *(.gnu.version)

.gnu.version_d
 *(.gnu.version_d)

.gnu.version_r
 *(.gnu.version_r)

.rel.init
 *(.rel.init)

.rela.init
 *(.rela.init)

.rel.text
 *(.rel.text)
 *(.rel.text.*)
 *(.rel.gnu.linkonce.t*)

.rela.text
 *(.rela.text)
 *(.rela.text.*)
 *(.rela.gnu.linkonce.t*)

.rel.fini
 *(.rel.fini)

.rela.fini
 *(.rela.fini)

.rel.rodata
 *(.rel.rodata)
 *(.rel.rodata.*)
 *(.rel.gnu.linkonce.r*)

.rela.rodata
 *(.rela.rodata)
 *(.rela.rodata.*)
 *(.rela.gnu.linkonce.r*)

.rel.data
 *(.rel.data)
 *(.rel.data.*)
 *(.rel.gnu.linkonce.d*)

.rela.data
 *(.rela.data)
 *(.rela.data.*)
 *(.rela.gnu.linkonce.d*)

.rel.ctors
 *(.rel.ctors)

.rela.ctors
 *(.rela.ctors)

.rel.dtors
 *(.rel.dtors)

.rela.dtors
 *(.rela.dtors)

.rel.got
 *(.rel.got)

.rela.got
 *(.rela.got)

.rel.bss
 *(.rel.bss)

.rela.bss
 *(.rela.bss)

.rel.plt
 *(.rel.plt)

.rela.plt
 *(.rela.plt)

.text           0x00000000      0xf44
 *(.vectors)
 .vectors       0x00000000       0x5c c:/winavr-20100110/bin/../lib/gcc/avr/4.3.3/../../../../avr/lib/avr5/crtm169.o
                0x00000000                __vectors
                0x00000000                __vector_default
 *(.vectors)
 *(.progmem.gcc*)
 *(.progmem*)
                0x0000005c                . = ALIGN (0x2)
                0x0000005c                __trampolines_start = .
 *(.trampolines)
 .trampolines   0x0000005c        0x0 linker stubs
 *(.trampolines*)
                0x0000005c                __trampolines_end = .
 *(.jumptables)
 *(.jumptables*)
 *(.lowtext)
 *(.lowtext*)
                0x0000005c                __ctors_start = .
 *(.ctors)
                0x0000005c                __ctors_end = .
                0x0000005c                __dtors_start = .
 *(.dtors)
                0x0000005c                __dtors_end = .
 SORT(*)(.ctors)
 SORT(*)(.dtors)
 *(.init0)
 .init0         0x0000005c        0x0 c:/winavr-20100110/bin/../lib/gcc/avr/4.3.3/../../../../avr/lib/avr5/crtm169.o
                0x0000005c                __init
 *(.init0)
 *(.init1)
 *(.init1)
 *(.init2)
 .init2         0x0000005c        0xc c:/winavr-20100110/bin/../lib/gcc/avr/4.3.3/../../../../avr/lib/avr5/crtm169.o
 *(.init2)
 *(.init3)
 *(.init3)
 *(.init4)
 .init4         0x00000068       0x16 c:/winavr-20100110/bin/../lib/gcc/avr/4.3.3/avr5\libgcc.a(_copy_data.o)
                0x00000068                __do_copy_data
 .init4         0x0000007e       0x10 c:/winavr-20100110/bin/../lib/gcc/avr/4.3.3/avr5\libgcc.a(_clear_bss.o)
                0x0000007e                __do_clear_bss
 *(.init4)
 *(.init5)
 *(.init5)
 *(.init6)
 *(.init6)
 *(.init7)
 *(.init7)
 *(.init8)
 *(.init8)
 *(.init9)
 .init9         0x0000008e        0x8 c:/winavr-20100110/bin/../lib/gcc/avr/4.3.3/../../../../avr/lib/avr5/crtm169.o
 *(.init9)
 *(.text)
 .text          0x00000096        0x4 c:/winavr-20100110/bin/../lib/gcc/avr/4.3.3/../../../../avr/lib/avr5/crtm169.o
                0x00000096                __vector_22
                0x00000096                __vector_1
                0x00000096                __vector_12
                0x00000096                __bad_interrupt
                0x00000096                __vector_6
                0x00000096                __vector_3
                0x00000096                __vector_11
                0x00000096                __vector_17
                0x00000096                __vector_19
                0x00000096                __vector_7
                0x00000096                __vector_5
                0x00000096                __vector_4
                0x00000096                __vector_9
                0x00000096                __vector_2
                0x00000096                __vector_21
                0x00000096                __vector_8
                0x00000096                __vector_14
                0x00000096                __vector_10
                0x00000096                __vector_16
                0x00000096                __vector_18
                0x00000096                __vector_20
 .text          0x0000009a      0x18a serial_tester.o
                0x0000009a                main
 .text          0x00000224        0x6 serial_available.o
                0x00000224                serial_available
 .text          0x0000022a       0x34 serial_begin.o
                0x0000022a                serial_begin
 .text          0x0000025e        0x6 serial_end.o
                0x0000025e                serial_end
 .text          0x00000264        0xe serial_flush.o
                0x00000264                serial_flush
 .text          0x00000272       0x22 ring_above_highmark.o
                0x00000272                ring_above_highmark
 .text          0x00000294       0x5c ring_add.o
                0x00000294                ring_add
 .text          0x000002f0       0x16 ring_below_lowmark.o
                0x000002f0                ring_below_lowmark
 .text          0x00000306       0x20 ring_init.o
                0x00000306                ring_init
 .text          0x00000326       0x58 ring_peek.o
                0x00000326                ring_peek
 .text          0x0000037e       0x5a ring_remove.o
                0x0000037e                ring_remove
 .text          0x000003d8      0x31a usart0.o
                0x000006d2                usart0_put_char_stream
                0x00000462                __vector_13
                0x0000054e                usart0_init
                0x000004c2                __vector_15
                0x000003d8                usart0_uninit
                0x000003ea                usart0_baud_set
                0x00000426                usart0_parity_set
                0x0000052e                usart0_send
 .text          0x000006f2       0x10 usart0_buffer_clear.o
                0x000006f2                usart0_buffer_clear
 .text          0x00000702       0x10 usart0_buffer_free_count.o
                0x00000702                usart0_buffer_free_count
 .text          0x00000712       0x1c usart0_buffer_insert.o
                0x00000712                usart0_buffer_insert
 .text          0x0000072e        0xc usart0_buffer_inuse_count.o
                0x0000072e                usart0_buffer_inuse_count
 .text          0x0000073a       0x10 usart0_buffer_peek.o
                0x0000073a                usart0_buffer_peek
 .text          0x0000074a       0x10 usart0_buffer_remove.o
                0x0000074a                usart0_buffer_remove
 .text          0x0000075a        0xa usart0_receive_buffer_clear.o
                0x0000075a                usart0_receive_buffer_clear
 .text          0x00000764        0xa usart0_receive_buffer_free_count.o
                0x00000764                usart0_receive_buffer_free_count
 .text          0x0000076e        0xa usart0_receive_buffer_inuse_count.o
                0x0000076e                usart0_receive_buffer_inuse_count
 .text          0x00000778       0x10 usart0_receive_buffer_peek.o
                0x00000778                usart0_receive_buffer_peek
 .text          0x00000788        0xa usart0_receive_buffer_remove.o
                0x00000788                usart0_receive_buffer_remove
 .text          0x00000792        0xa usart0_transmit_buffer_clear.o
                0x00000792                usart0_transmit_buffer_clear
 .text          0x0000079c        0xa usart0_transmit_buffer_free_count.o
                0x0000079c                usart0_transmit_buffer_free_count
 .text          0x000007a6        0xc usart0_transmit_buffer_insert.o
                0x000007a6                usart0_transmit_buffer_insert
 .text          0x000007b2        0xa usart0_transmit_buffer_inuse_count.o
                0x000007b2                usart0_transmit_buffer_inuse_count
 .text          0x000007bc       0x10 usart0_transmit_buffer_peek.o
                0x000007bc                usart0_transmit_buffer_peek
 .text          0x000007cc        0xa usart0_transmit_buffer_remove.o
                0x000007cc                usart0_transmit_buffer_remove
 .text          0x000007d6        0x0 usart0_uninit.o
 .text          0x000007d6       0x1c delay.o
                0x000007d6                delay
 .text          0x000007f2       0x28 ring_clear.o
                0x000007f2                ring_clear
 .text          0x0000081a        0x6 serial_in.o
                0x0000081a                serial_in
 .text          0x00000820       0x1c serial_out.o
                0x00000820                serial_out
 .text          0x0000083c       0x3e serial_write.o
                0x0000083c                serial_write
 .text          0x0000087a       0xf8 butterfly.o
                0x00000928                butterfly_init
                0x0000087a                OSCCAL_calibration
                0x00000970                Delay
 .text          0x00000972        0x0 c:/winavr-20100110/bin/../lib/gcc/avr/4.3.3/avr5\libgcc.a(_udivmodsi4.o)
 .text          0x00000972        0x0 c:/winavr-20100110/bin/../lib/gcc/avr/4.3.3/avr5\libgcc.a(_exit.o)
 .text          0x00000972        0x0 c:/winavr-20100110/bin/../lib/gcc/avr/4.3.3/avr5\libgcc.a(_copy_data.o)
 .text          0x00000972        0x0 c:/winavr-20100110/bin/../lib/gcc/avr/4.3.3/avr5\libgcc.a(_clear_bss.o)
 .text          0x00000972        0x0 c:/winavr-20100110/bin/../lib/gcc/avr/4.3.3/../../../../avr/lib/avr5\libc.a(memset.o)
 .text          0x00000972        0x0 c:/winavr-20100110/bin/../lib/gcc/avr/4.3.3/../../../../avr/lib/avr5\libc.a(iob.o)
 .text          0x00000972        0x0 c:/winavr-20100110/bin/../lib/gcc/avr/4.3.3/../../../../avr/lib/avr5\libc.a(vprintf.o)
 .text          0x00000972        0x0 c:/winavr-20100110/bin/../lib/gcc/avr/4.3.3/../../../../avr/lib/avr5\libc.a(vfprintf_std.o)
 .text          0x00000972        0x0 c:/winavr-20100110/bin/../lib/gcc/avr/4.3.3/../../../../avr/lib/avr5\libc.a(strnlen_P.o)
 .text          0x00000972        0x0 c:/winavr-20100110/bin/../lib/gcc/avr/4.3.3/../../../../avr/lib/avr5\libc.a(strnlen.o)
 .text          0x00000972        0x0 c:/winavr-20100110/bin/../lib/gcc/avr/4.3.3/../../../../avr/lib/avr5\libc.a(fputc.o)
 .text          0x00000972        0x0 c:/winavr-20100110/bin/../lib/gcc/avr/4.3.3/../../../../avr/lib/avr5\libc.a(ultoa_invert.o)
 .text          0x00000972        0x0 c:/winavr-20100110/bin/../lib/gcc/avr/4.3.3/avr5\libgcc.a(_prologue.o)
 .text          0x00000972        0x0 c:/winavr-20100110/bin/../lib/gcc/avr/4.3.3/avr5\libgcc.a(_epilogue.o)
                0x00000972                . = ALIGN (0x2)
 *(.text.*)
 .text.libgcc   0x00000972       0x44 c:/winavr-20100110/bin/../lib/gcc/avr/4.3.3/avr5\libgcc.a(_udivmodsi4.o)
                0x00000972                __udivmodsi4
 .text.libgcc   0x000009b6        0x0 c:/winavr-20100110/bin/../lib/gcc/avr/4.3.3/avr5\libgcc.a(_exit.o)
 .text.libgcc   0x000009b6        0x0 c:/winavr-20100110/bin/../lib/gcc/avr/4.3.3/avr5\libgcc.a(_copy_data.o)
 .text.libgcc   0x000009b6        0x0 c:/winavr-20100110/bin/../lib/gcc/avr/4.3.3/avr5\libgcc.a(_clear_bss.o)
 .text.avr-libc
                0x000009b6        0xe c:/winavr-20100110/bin/../lib/gcc/avr/4.3.3/../../../../avr/lib/avr5\libc.a(memset.o)
                0x000009b6                memset
 .text.avr-libc
                0x000009c4       0x14 c:/winavr-20100110/bin/../lib/gcc/avr/4.3.3/../../../../avr/lib/avr5\libc.a(vprintf.o)
                0x000009c4                vprintf
 .text.avr-libc
                0x000009d8      0x3ba c:/winavr-20100110/bin/../lib/gcc/avr/4.3.3/../../../../avr/lib/avr5\libc.a(vfprintf_std.o)
                0x000009d8                vfprintf
 .text.avr-libc
                0x00000d92       0x16 c:/winavr-20100110/bin/../lib/gcc/avr/4.3.3/../../../../avr/lib/avr5\libc.a(strnlen_P.o)
                0x00000d92                strnlen_P
 .text.avr-libc
                0x00000da8       0x16 c:/winavr-20100110/bin/../lib/gcc/avr/4.3.3/../../../../avr/lib/avr5\libc.a(strnlen.o)
                0x00000da8                strnlen
 .text.avr-libc
                0x00000dbe       0x58 c:/winavr-20100110/bin/../lib/gcc/avr/4.3.3/../../../../avr/lib/avr5\libc.a(fputc.o)
                0x00000dbe                fputc
 .text.avr-libc
                0x00000e16       0xbc c:/winavr-20100110/bin/../lib/gcc/avr/4.3.3/../../../../avr/lib/avr5\libc.a(ultoa_invert.o)
                0x00000e16                __ultoa_invert
 .text.libgcc   0x00000ed2       0x38 c:/winavr-20100110/bin/../lib/gcc/avr/4.3.3/avr5\libgcc.a(_prologue.o)
                0x00000ed2                __prologue_saves__
 .text.libgcc   0x00000f0a       0x36 c:/winavr-20100110/bin/../lib/gcc/avr/4.3.3/avr5\libgcc.a(_epilogue.o)
                0x00000f0a                __epilogue_restores__
                0x00000f40                . = ALIGN (0x2)
 *(.fini9)
 .fini9         0x00000f40        0x0 c:/winavr-20100110/bin/../lib/gcc/avr/4.3.3/avr5\libgcc.a(_exit.o)
                0x00000f40                exit
                0x00000f40                _exit
 *(.fini9)
 *(.fini8)
 *(.fini8)
 *(.fini7)
 *(.fini7)
 *(.fini6)
 *(.fini6)
 *(.fini5)
 *(.fini5)
 *(.fini4)
 *(.fini4)
 *(.fini3)
 *(.fini3)
 *(.fini2)
 *(.fini2)
 *(.fini1)
 *(.fini1)
 *(.fini0)
 .fini0         0x00000f40        0x4 c:/winavr-20100110/bin/../lib/gcc/avr/4.3.3/avr5\libgcc.a(_exit.o)
 *(.fini0)
                0x00000f44                _etext = .

.data           0x00800100      0x24c load address 0x00000f44
                0x00800100                PROVIDE (__data_start, .)
 *(.data)
 .data          0x00800100        0x0 c:/winavr-20100110/bin/../lib/gcc/avr/4.3.3/../../../../avr/lib/avr5/crtm169.o
 .data          0x00800100      0x23e serial_tester.o
 .data          0x0080033e        0x0 serial_available.o
 .data          0x0080033e        0x0 serial_begin.o
 .data          0x0080033e        0x0 serial_end.o
 .data          0x0080033e        0x0 serial_flush.o
 .data          0x0080033e        0x0 ring_above_highmark.o
 .data          0x0080033e        0x0 ring_add.o
 .data          0x0080033e        0x0 ring_below_lowmark.o
 .data          0x0080033e        0x0 ring_init.o
 .data          0x0080033e        0x0 ring_peek.o
 .data          0x0080033e        0x0 ring_remove.o
 .data          0x0080033e        0xe usart0.o
                0x0080033e                mystdout
 .data          0x0080034c        0x0 usart0_buffer_clear.o
 .data          0x0080034c        0x0 usart0_buffer_free_count.o
 .data          0x0080034c        0x0 usart0_buffer_insert.o
 .data          0x0080034c        0x0 usart0_buffer_inuse_count.o
 .data          0x0080034c        0x0 usart0_buffer_peek.o
 .data          0x0080034c        0x0 usart0_buffer_remove.o
 .data          0x0080034c        0x0 usart0_receive_buffer_clear.o
 .data          0x0080034c        0x0 usart0_receive_buffer_free_count.o
 .data          0x0080034c        0x0 usart0_receive_buffer_inuse_count.o
 .data          0x0080034c        0x0 usart0_receive_buffer_peek.o
 .data          0x0080034c        0x0 usart0_receive_buffer_remove.o
 .data          0x0080034c        0x0 usart0_transmit_buffer_clear.o
 .data          0x0080034c        0x0 usart0_transmit_buffer_free_count.o
 .data          0x0080034c        0x0 usart0_transmit_buffer_insert.o
 .data          0x0080034c        0x0 usart0_transmit_buffer_inuse_count.o
 .data          0x0080034c        0x0 usart0_transmit_buffer_peek.o
 .data          0x0080034c        0x0 usart0_transmit_buffer_remove.o
 .data          0x0080034c        0x0 usart0_uninit.o
 .data          0x0080034c        0x0 delay.o
 .data          0x0080034c        0x0 ring_clear.o
 .data          0x0080034c        0x0 serial_in.o
 .data          0x0080034c        0x0 serial_out.o
 .data          0x0080034c        0x0 serial_write.o
 .data          0x0080034c        0x0 butterfly.o
 .data          0x0080034c        0x0 c:/winavr-20100110/bin/../lib/gcc/avr/4.3.3/avr5\libgcc.a(_udivmodsi4.o)
 .data          0x0080034c        0x0 c:/winavr-20100110/bin/../lib/gcc/avr/4.3.3/avr5\libgcc.a(_exit.o)
 .data          0x0080034c        0x0 c:/winavr-20100110/bin/../lib/gcc/avr/4.3.3/avr5\libgcc.a(_copy_data.o)
 .data          0x0080034c        0x0 c:/winavr-20100110/bin/../lib/gcc/avr/4.3.3/avr5\libgcc.a(_clear_bss.o)
 .data          0x0080034c        0x0 c:/winavr-20100110/bin/../lib/gcc/avr/4.3.3/../../../../avr/lib/avr5\libc.a(memset.o)
 .data          0x0080034c        0x0 c:/winavr-20100110/bin/../lib/gcc/avr/4.3.3/../../../../avr/lib/avr5\libc.a(iob.o)
 .data          0x0080034c        0x0 c:/winavr-20100110/bin/../lib/gcc/avr/4.3.3/../../../../avr/lib/avr5\libc.a(vprintf.o)
 .data          0x0080034c        0x0 c:/winavr-20100110/bin/../lib/gcc/avr/4.3.3/../../../../avr/lib/avr5\libc.a(vfprintf_std.o)
 .data          0x0080034c        0x0 c:/winavr-20100110/bin/../lib/gcc/avr/4.3.3/../../../../avr/lib/avr5\libc.a(strnlen_P.o)
 .data          0x0080034c        0x0 c:/winavr-20100110/bin/../lib/gcc/avr/4.3.3/../../../../avr/lib/avr5\libc.a(strnlen.o)
 .data          0x0080034c        0x0 c:/winavr-20100110/bin/../lib/gcc/avr/4.3.3/../../../../avr/lib/avr5\libc.a(fputc.o)
 .data          0x0080034c        0x0 c:/winavr-20100110/bin/../lib/gcc/avr/4.3.3/../../../../avr/lib/avr5\libc.a(ultoa_invert.o)
 .data          0x0080034c        0x0 c:/winavr-20100110/bin/../lib/gcc/avr/4.3.3/avr5\libgcc.a(_prologue.o)
 .data          0x0080034c        0x0 c:/winavr-20100110/bin/../lib/gcc/avr/4.3.3/avr5\libgcc.a(_epilogue.o)
 *(.data*)
 *(.rodata)
 *(.rodata*)
 *(.gnu.linkonce.d*)
                0x0080034c                . = ALIGN (0x2)
                0x0080034c                _edata = .
                0x0080034c                PROVIDE (__data_end, .)

.bss            0x0080034c       0xd8
                0x0080034c                PROVIDE (__bss_start, .)
 *(.bss)
 .bss           0x0080034c        0x0 c:/winavr-20100110/bin/../lib/gcc/avr/4.3.3/../../../../avr/lib/avr5/crtm169.o
 .bss           0x0080034c        0x0 serial_tester.o
 .bss           0x0080034c        0x0 serial_available.o
 .bss           0x0080034c        0x0 serial_begin.o
 .bss           0x0080034c        0x0 serial_end.o
 .bss           0x0080034c        0x0 serial_flush.o
 .bss           0x0080034c        0x0 ring_above_highmark.o
 .bss           0x0080034c        0x0 ring_add.o
 .bss           0x0080034c        0x0 ring_below_lowmark.o
 .bss           0x0080034c        0x0 ring_init.o
 .bss           0x0080034c        0x0 ring_peek.o
 .bss           0x0080034c        0x0 ring_remove.o
 .bss           0x0080034c        0x0 usart0.o
 .bss           0x0080034c        0x0 usart0_buffer_clear.o
 .bss           0x0080034c        0x0 usart0_buffer_free_count.o
 .bss           0x0080034c        0x0 usart0_buffer_insert.o
 .bss           0x0080034c        0x0 usart0_buffer_inuse_count.o
 .bss           0x0080034c        0x0 usart0_buffer_peek.o
 .bss           0x0080034c        0x0 usart0_buffer_remove.o
 .bss           0x0080034c        0x0 usart0_receive_buffer_clear.o
 .bss           0x0080034c        0x0 usart0_receive_buffer_free_count.o
 .bss           0x0080034c        0x0 usart0_receive_buffer_inuse_count.o
 .bss           0x0080034c        0x0 usart0_receive_buffer_peek.o
 .bss           0x0080034c        0x0 usart0_receive_buffer_remove.o
 .bss           0x0080034c        0x0 usart0_transmit_buffer_clear.o
 .bss           0x0080034c        0x0 usart0_transmit_buffer_free_count.o
 .bss           0x0080034c        0x0 usart0_transmit_buffer_insert.o
 .bss           0x0080034c        0x0 usart0_transmit_buffer_inuse_count.o
 .bss           0x0080034c        0x0 usart0_transmit_buffer_peek.o
 .bss           0x0080034c        0x0 usart0_transmit_buffer_remove.o
 .bss           0x0080034c        0x0 usart0_uninit.o
 .bss           0x0080034c        0x0 delay.o
 .bss           0x0080034c        0x0 ring_clear.o
 .bss           0x0080034c        0x0 serial_in.o
 .bss           0x0080034c        0x0 serial_out.o
 .bss           0x0080034c        0x0 serial_write.o
 .bss           0x0080034c        0x0 butterfly.o
 .bss           0x0080034c        0x0 c:/winavr-20100110/bin/../lib/gcc/avr/4.3.3/avr5\libgcc.a(_udivmodsi4.o)
 .bss           0x0080034c        0x0 c:/winavr-20100110/bin/../lib/gcc/avr/4.3.3/avr5\libgcc.a(_exit.o)
 .bss           0x0080034c        0x0 c:/winavr-20100110/bin/../lib/gcc/avr/4.3.3/avr5\libgcc.a(_copy_data.o)
 .bss           0x0080034c        0x0 c:/winavr-20100110/bin/../lib/gcc/avr/4.3.3/avr5\libgcc.a(_clear_bss.o)
 .bss           0x0080034c        0x0 c:/winavr-20100110/bin/../lib/gcc/avr/4.3.3/../../../../avr/lib/avr5\libc.a(memset.o)
 .bss           0x0080034c        0x0 c:/winavr-20100110/bin/../lib/gcc/avr/4.3.3/../../../../avr/lib/avr5\libc.a(iob.o)
 .bss           0x0080034c        0x0 c:/winavr-20100110/bin/../lib/gcc/avr/4.3.3/../../../../avr/lib/avr5\libc.a(vprintf.o)
 .bss           0x0080034c        0x0 c:/winavr-20100110/bin/../lib/gcc/avr/4.3.3/../../../../avr/lib/avr5\libc.a(vfprintf_std.o)
 .bss           0x0080034c        0x0 c:/winavr-20100110/bin/../lib/gcc/avr/4.3.3/../../../../avr/lib/avr5\libc.a(strnlen_P.o)
 .bss           0x0080034c        0x0 c:/winavr-20100110/bin/../lib/gcc/avr/4.3.3/../../../../avr/lib/avr5\libc.a(strnlen.o)
 .bss           0x0080034c        0x0 c:/winavr-20100110/bin/../lib/gcc/avr/4.3.3/../../../../avr/lib/avr5\libc.a(fputc.o)
 .bss           0x0080034c        0x0 c:/winavr-20100110/bin/../lib/gcc/avr/4.3.3/../../../../avr/lib/avr5\libc.a(ultoa_invert.o)
 .bss           0x0080034c        0x0 c:/winavr-20100110/bin/../lib/gcc/avr/4.3.3/avr5\libgcc.a(_prologue.o)
 .bss           0x0080034c        0x0 c:/winavr-20100110/bin/../lib/gcc/avr/4.3.3/avr5\libgcc.a(_epilogue.o)
 *(.bss*)
 *(COMMON)
 COMMON         0x0080034c       0xd2 serial_tester.o
                0x0080034c                usart0_transmit_buffer
                0x008003cc                usart0_transmit_ring
                0x008003d4                usart0_receive_ring
                0x008003dc                usart0_receive_buffer
                0x0080041c                usart_buffered_tx_flag
                0x0080041d                usart_tx_ready_flag
 COMMON         0x0080041e        0x6 c:/winavr-20100110/bin/../lib/gcc/avr/4.3.3/../../../../avr/lib/avr5\libc.a(iob.o)
                0x0080041e                __iob
                0x00800424                PROVIDE (__bss_end, .)
                0x00000f44                __data_load_start = LOADADDR (.data)
                0x00001190                __data_load_end = (__data_load_start + SIZEOF (.data))

.noinit         0x00800424        0x0
                0x00800424                PROVIDE (__noinit_start, .)
 *(.noinit*)
                0x00800424                PROVIDE (__noinit_end, .)
                0x00800424                _end = .
                0x00800424                PROVIDE (__heap_start, .)

.eeprom         0x00810000        0x0
 *(.eeprom*)
                0x00810000                __eeprom_end = .

.fuse
 *(.fuse)
 *(.lfuse)
 *(.hfuse)
 *(.efuse)

.lock
 *(.lock*)

.signature
 *(.signature*)

.stab
 *(.stab)

.stabstr
 *(.stabstr)

.stab.excl
 *(.stab.excl)

.stab.exclstr
 *(.stab.exclstr)

.stab.index
 *(.stab.index)

.stab.indexstr
 *(.stab.indexstr)

.comment
 *(.comment)

.debug
 *(.debug)

.line
 *(.line)

.debug_srcinfo
 *(.debug_srcinfo)

.debug_sfnames
 *(.debug_sfnames)

.debug_aranges  0x00000000      0x460
 *(.debug_aranges)
 .debug_aranges
                0x00000000       0x20 serial_tester.o
 .debug_aranges
                0x00000020       0x20 serial_available.o
 .debug_aranges
                0x00000040       0x20 serial_begin.o
 .debug_aranges
                0x00000060       0x20 serial_end.o
 .debug_aranges
                0x00000080       0x20 serial_flush.o
 .debug_aranges
                0x000000a0       0x20 ring_above_highmark.o
 .debug_aranges
                0x000000c0       0x20 ring_add.o
 .debug_aranges
                0x000000e0       0x20 ring_below_lowmark.o
 .debug_aranges
                0x00000100       0x20 ring_init.o
 .debug_aranges
                0x00000120       0x20 ring_peek.o
 .debug_aranges
                0x00000140       0x20 ring_remove.o
 .debug_aranges
                0x00000160       0x20 usart0.o
 .debug_aranges
                0x00000180       0x20 usart0_buffer_clear.o
 .debug_aranges
                0x000001a0       0x20 usart0_buffer_free_count.o
 .debug_aranges
                0x000001c0       0x20 usart0_buffer_insert.o
 .debug_aranges
                0x000001e0       0x20 usart0_buffer_inuse_count.o
 .debug_aranges
                0x00000200       0x20 usart0_buffer_peek.o
 .debug_aranges
                0x00000220       0x20 usart0_buffer_remove.o
 .debug_aranges
                0x00000240       0x20 usart0_receive_buffer_clear.o
 .debug_aranges
                0x00000260       0x20 usart0_receive_buffer_free_count.o
 .debug_aranges
                0x00000280       0x20 usart0_receive_buffer_inuse_count.o
 .debug_aranges
                0x000002a0       0x20 usart0_receive_buffer_peek.o
 .debug_aranges
                0x000002c0       0x20 usart0_receive_buffer_remove.o
 .debug_aranges
                0x000002e0       0x20 usart0_transmit_buffer_clear.o
 .debug_aranges
                0x00000300       0x20 usart0_transmit_buffer_free_count.o
 .debug_aranges
                0x00000320       0x20 usart0_transmit_buffer_insert.o
 .debug_aranges
                0x00000340       0x20 usart0_transmit_buffer_inuse_count.o
 .debug_aranges
                0x00000360       0x20 usart0_transmit_buffer_peek.o
 .debug_aranges
                0x00000380       0x20 usart0_transmit_buffer_remove.o
 .debug_aranges
                0x000003a0       0x20 delay.o
 .debug_aranges
                0x000003c0       0x20 ring_clear.o
 .debug_aranges
                0x000003e0       0x20 serial_in.o
 .debug_aranges
                0x00000400       0x20 serial_out.o
 .debug_aranges
                0x00000420       0x20 serial_write.o
 .debug_aranges
                0x00000440       0x20 butterfly.o

.debug_pubnames
                0x00000000     0x169a
 *(.debug_pubnames)
 .debug_pubnames
                0x00000000       0xb4 serial_tester.o
 .debug_pubnames
                0x000000b4       0xc0 serial_available.o
 .debug_pubnames
                0x00000174       0xbc serial_begin.o
 .debug_pubnames
                0x00000230       0xba serial_end.o
 .debug_pubnames
                0x000002ea       0xbc serial_flush.o
 .debug_pubnames
                0x000003a6       0x2a ring_above_highmark.o
 .debug_pubnames
                0x000003d0       0x1f ring_add.o
 .debug_pubnames
                0x000003ef       0x29 ring_below_lowmark.o
 .debug_pubnames
                0x00000418       0x20 ring_init.o
 .debug_pubnames
                0x00000438       0x20 ring_peek.o
 .debug_pubnames
                0x00000458       0x22 ring_remove.o
 .debug_pubnames
                0x0000047a      0x14f usart0.o
 .debug_pubnames
                0x000005c9       0xc3 usart0_buffer_clear.o
 .debug_pubnames
                0x0000068c       0xc8 usart0_buffer_free_count.o
 .debug_pubnames
                0x00000754       0xc4 usart0_buffer_insert.o
 .debug_pubnames
                0x00000818       0xc9 usart0_buffer_inuse_count.o
 .debug_pubnames
                0x000008e1       0xc2 usart0_buffer_peek.o
 .debug_pubnames
                0x000009a3       0xc4 usart0_buffer_remove.o
 .debug_pubnames
                0x00000a67       0xcb usart0_receive_buffer_clear.o
 .debug_pubnames
                0x00000b32       0xd0 usart0_receive_buffer_free_count.o
 .debug_pubnames
                0x00000c02       0xd1 usart0_receive_buffer_inuse_count.o
 .debug_pubnames
                0x00000cd3       0xca usart0_receive_buffer_peek.o
 .debug_pubnames
                0x00000d9d       0xcc usart0_receive_buffer_remove.o
 .debug_pubnames
                0x00000e69       0xcc usart0_transmit_buffer_clear.o
 .debug_pubnames
                0x00000f35       0xd1 usart0_transmit_buffer_free_count.o
 .debug_pubnames
                0x00001006       0xcd usart0_transmit_buffer_insert.o
 .debug_pubnames
                0x000010d3       0xd2 usart0_transmit_buffer_inuse_count.o
 .debug_pubnames
                0x000011a5       0xcb usart0_transmit_buffer_peek.o
 .debug_pubnames
                0x00001270       0xcd usart0_transmit_buffer_remove.o
 .debug_pubnames
                0x0000133d       0xab usart0_uninit.o
 .debug_pubnames
                0x000013e8       0x1c delay.o
 .debug_pubnames
                0x00001404       0x21 ring_clear.o
 .debug_pubnames
                0x00001425       0xb9 serial_in.o
 .debug_pubnames
                0x000014de       0xba serial_out.o
 .debug_pubnames
                0x00001598       0xbc serial_write.o
 .debug_pubnames
                0x00001654       0x46 butterfly.o

.debug_info     0x00000000     0x4051
 *(.debug_info)
 .debug_info    0x00000000      0x223 serial_tester.o
 .debug_info    0x00000223      0x1b6 serial_available.o
 .debug_info    0x000003d9      0x274 serial_begin.o
 .debug_info    0x0000064d      0x1b2 serial_end.o
 .debug_info    0x000007ff      0x1b2 serial_flush.o
 .debug_info    0x000009b1      0x137 ring_above_highmark.o
 .debug_info    0x00000ae8      0x153 ring_add.o
 .debug_info    0x00000c3b      0x137 ring_below_lowmark.o
 .debug_info    0x00000d72      0x16f ring_init.o
 .debug_info    0x00000ee1      0x16a ring_peek.o
 .debug_info    0x0000104b      0x158 ring_remove.o
 .debug_info    0x000011a3      0x512 usart0.o
 .debug_info    0x000016b5      0x1db usart0_buffer_clear.o
 .debug_info    0x00001890      0x1ea usart0_buffer_free_count.o
 .debug_info    0x00001a7a      0x1fe usart0_buffer_insert.o
 .debug_info    0x00001c78      0x1ea usart0_buffer_inuse_count.o
 .debug_info    0x00001e62      0x208 usart0_buffer_peek.o
 .debug_info    0x0000206a      0x1ea usart0_buffer_remove.o
 .debug_info    0x00002254      0x1b2 usart0_receive_buffer_clear.o
 .debug_info    0x00002406      0x1b6 usart0_receive_buffer_free_count.o
 .debug_info    0x000025bc      0x1b6 usart0_receive_buffer_inuse_count.o
 .debug_info    0x00002772      0x1d9 usart0_receive_buffer_peek.o
 .debug_info    0x0000294b      0x1c6 usart0_receive_buffer_remove.o
 .debug_info    0x00002b11      0x1b2 usart0_transmit_buffer_clear.o
 .debug_info    0x00002cc3      0x1b6 usart0_transmit_buffer_free_count.o
 .debug_info    0x00002e79      0x1da usart0_transmit_buffer_insert.o
 .debug_info    0x00003053      0x1b6 usart0_transmit_buffer_inuse_count.o
 .debug_info    0x00003209      0x1d9 usart0_transmit_buffer_peek.o
 .debug_info    0x000033e2      0x1c6 usart0_transmit_buffer_remove.o
 .debug_info    0x000035a8      0x19e usart0_uninit.o
 .debug_info    0x00003746      0x130 delay.o
 .debug_info    0x00003876      0x146 ring_clear.o
 .debug_info    0x000039bc      0x1b6 serial_in.o
 .debug_info    0x00003b72      0x1f8 serial_out.o
 .debug_info    0x00003d6a      0x1ec serial_write.o
 .debug_info    0x00003f56       0xfb butterfly.o
 *(.gnu.linkonce.wi.*)

.debug_abbrev   0x00000000     0x1a6c
 *(.debug_abbrev)
 .debug_abbrev  0x00000000       0xe0 serial_tester.o
 .debug_abbrev  0x000000e0       0xa6 serial_available.o
 .debug_abbrev  0x00000186       0xd8 serial_begin.o
 .debug_abbrev  0x0000025e       0xa4 serial_end.o
 .debug_abbrev  0x00000302       0xa4 serial_flush.o
 .debug_abbrev  0x000003a6       0x84 ring_above_highmark.o
 .debug_abbrev  0x0000042a       0xa2 ring_add.o
 .debug_abbrev  0x000004cc       0x84 ring_below_lowmark.o
 .debug_abbrev  0x00000550       0xaf ring_init.o
 .debug_abbrev  0x000005ff       0xa2 ring_peek.o
 .debug_abbrev  0x000006a1       0x9c ring_remove.o
 .debug_abbrev  0x0000073d      0x1af usart0.o
 .debug_abbrev  0x000008ec       0xc4 usart0_buffer_clear.o
 .debug_abbrev  0x000009b0       0xd3 usart0_buffer_free_count.o
 .debug_abbrev  0x00000a83       0xe2 usart0_buffer_insert.o
 .debug_abbrev  0x00000b65       0xd3 usart0_buffer_inuse_count.o
 .debug_abbrev  0x00000c38       0xe2 usart0_buffer_peek.o
 .debug_abbrev  0x00000d1a       0xd3 usart0_buffer_remove.o
 .debug_abbrev  0x00000ded       0xa4 usart0_receive_buffer_clear.o
 .debug_abbrev  0x00000e91       0xa6 usart0_receive_buffer_free_count.o
 .debug_abbrev  0x00000f37       0xa6 usart0_receive_buffer_inuse_count.o
 .debug_abbrev  0x00000fdd       0xc6 usart0_receive_buffer_peek.o
 .debug_abbrev  0x000010a3       0xb5 usart0_receive_buffer_remove.o
 .debug_abbrev  0x00001158       0xa4 usart0_transmit_buffer_clear.o
 .debug_abbrev  0x000011fc       0xa6 usart0_transmit_buffer_free_count.o
 .debug_abbrev  0x000012a2       0xc4 usart0_transmit_buffer_insert.o
 .debug_abbrev  0x00001366       0xa6 usart0_transmit_buffer_inuse_count.o
 .debug_abbrev  0x0000140c       0xc6 usart0_transmit_buffer_peek.o
 .debug_abbrev  0x000014d2       0xb5 usart0_transmit_buffer_remove.o
 .debug_abbrev  0x00001587       0x8f usart0_uninit.o
 .debug_abbrev  0x00001616       0xbb delay.o
 .debug_abbrev  0x000016d1       0x93 ring_clear.o
 .debug_abbrev  0x00001764       0xa6 serial_in.o
 .debug_abbrev  0x0000180a       0xd7 serial_out.o
 .debug_abbrev  0x000018e1       0xcd serial_write.o
 .debug_abbrev  0x000019ae       0xbe butterfly.o

.debug_line     0x00000000     0x2a48
 *(.debug_line)
 .debug_line    0x00000000      0x194 serial_tester.o
 .debug_line    0x00000194      0x131 serial_available.o
 .debug_line    0x000002c5      0x13d serial_begin.o
 .debug_line    0x00000402      0x12b serial_end.o
 .debug_line    0x0000052d      0x145 serial_flush.o
 .debug_line    0x00000672       0xd2 ring_above_highmark.o
 .debug_line    0x00000744       0xf7 ring_add.o
 .debug_line    0x0000083b       0xd1 ring_below_lowmark.o
 .debug_line    0x0000090c       0xe0 ring_init.o
 .debug_line    0x000009ec       0xf8 ring_peek.o
 .debug_line    0x00000ae4       0xf2 ring_remove.o
 .debug_line    0x00000bd6      0x2f2 usart0.o
 .debug_line    0x00000ec8      0x11e usart0_buffer_clear.o
 .debug_line    0x00000fe6      0x11b usart0_buffer_free_count.o
 .debug_line    0x00001101      0x127 usart0_buffer_insert.o
 .debug_line    0x00001228      0x11c usart0_buffer_inuse_count.o
 .debug_line    0x00001344      0x11d usart0_buffer_peek.o
 .debug_line    0x00001461      0x11f usart0_buffer_remove.o
 .debug_line    0x00001580      0x10e usart0_receive_buffer_clear.o
 .debug_line    0x0000168e      0x113 usart0_receive_buffer_free_count.o
 .debug_line    0x000017a1      0x114 usart0_receive_buffer_inuse_count.o
 .debug_line    0x000018b5      0x10d usart0_receive_buffer_peek.o
 .debug_line    0x000019c2      0x10f usart0_receive_buffer_remove.o
 .debug_line    0x00001ad1      0x10f usart0_transmit_buffer_clear.o
 .debug_line    0x00001be0      0x114 usart0_transmit_buffer_free_count.o
 .debug_line    0x00001cf4      0x110 usart0_transmit_buffer_insert.o
 .debug_line    0x00001e04      0x115 usart0_transmit_buffer_inuse_count.o
 .debug_line    0x00001f19      0x10e usart0_transmit_buffer_peek.o
 .debug_line    0x00002027      0x110 usart0_transmit_buffer_remove.o
 .debug_line    0x00002137       0xd5 usart0_uninit.o
 .debug_line    0x0000220c      0x15a delay.o
 .debug_line    0x00002366       0xe9 ring_clear.o
 .debug_line    0x0000244f      0x12a serial_in.o
 .debug_line    0x00002579      0x16b serial_out.o
 .debug_line    0x000026e4      0x14d serial_write.o
 .debug_line    0x00002831      0x217 butterfly.o

.debug_frame    0x00000000      0x4f0
 *(.debug_frame)
 .debug_frame   0x00000000       0x20 serial_tester.o
 .debug_frame   0x00000020       0x20 serial_available.o
 .debug_frame   0x00000040       0x20 serial_begin.o
 .debug_frame   0x00000060       0x20 serial_end.o
 .debug_frame   0x00000080       0x20 serial_flush.o
 .debug_frame   0x000000a0       0x20 ring_above_highmark.o
 .debug_frame   0x000000c0       0x20 ring_add.o
 .debug_frame   0x000000e0       0x20 ring_below_lowmark.o
 .debug_frame   0x00000100       0x20 ring_init.o
 .debug_frame   0x00000120       0x20 ring_peek.o
 .debug_frame   0x00000140       0x20 ring_remove.o
 .debug_frame   0x00000160       0x90 usart0.o
 .debug_frame   0x000001f0       0x20 usart0_buffer_clear.o
 .debug_frame   0x00000210       0x20 usart0_buffer_free_count.o
 .debug_frame   0x00000230       0x20 usart0_buffer_insert.o
 .debug_frame   0x00000250       0x20 usart0_buffer_inuse_count.o
 .debug_frame   0x00000270       0x20 usart0_buffer_peek.o
 .debug_frame   0x00000290       0x20 usart0_buffer_remove.o
 .debug_frame   0x000002b0       0x20 usart0_receive_buffer_clear.o
 .debug_frame   0x000002d0       0x20 usart0_receive_buffer_free_count.o
 .debug_frame   0x000002f0       0x20 usart0_receive_buffer_inuse_count.o
 .debug_frame   0x00000310       0x20 usart0_receive_buffer_peek.o
 .debug_frame   0x00000330       0x20 usart0_receive_buffer_remove.o
 .debug_frame   0x00000350       0x20 usart0_transmit_buffer_clear.o
 .debug_frame   0x00000370       0x20 usart0_transmit_buffer_free_count.o
 .debug_frame   0x00000390       0x20 usart0_transmit_buffer_insert.o
 .debug_frame   0x000003b0       0x20 usart0_transmit_buffer_inuse_count.o
 .debug_frame   0x000003d0       0x20 usart0_transmit_buffer_peek.o
 .debug_frame   0x000003f0       0x20 usart0_transmit_buffer_remove.o
 .debug_frame   0x00000410       0x20 delay.o
 .debug_frame   0x00000430       0x20 ring_clear.o
 .debug_frame   0x00000450       0x20 serial_in.o
 .debug_frame   0x00000470       0x20 serial_out.o
 .debug_frame   0x00000490       0x20 serial_write.o
 .debug_frame   0x000004b0       0x40 butterfly.o

.debug_str      0x00000000      0xe73
 *(.debug_str)
 .debug_str     0x00000000      0x19d serial_tester.o
                                0x1e3 (size before relaxing)
 .debug_str     0x0000019d       0x49 serial_available.o
                                0x1fc (size before relaxing)
 .debug_str     0x000001e6      0x117 serial_begin.o
                                0x2ca (size before relaxing)
 .debug_str     0x000002fd       0x3d serial_end.o
                                0x1f0 (size before relaxing)
 .debug_str     0x0000033a       0x41 serial_flush.o
                                0x1f4 (size before relaxing)
 .debug_str     0x0000037b       0x50 ring_above_highmark.o
                                0x17d (size before relaxing)
 .debug_str     0x000003cb       0x3e ring_add.o
                                0x176 (size before relaxing)
 .debug_str     0x00000409       0x48 ring_below_lowmark.o
                                0x17b (size before relaxing)
 .debug_str     0x00000451       0x3e ring_init.o
                                0x177 (size before relaxing)
 .debug_str     0x0000048f       0x3c ring_peek.o
                                0x16f (size before relaxing)
 .debug_str     0x000004cb       0x44 ring_remove.o
                                0x176 (size before relaxing)
 .debug_str     0x0000050f      0x148 usart0.o
                                0x3dd (size before relaxing)
 .debug_str     0x00000657       0x4f usart0_buffer_clear.o
                                0x207 (size before relaxing)
 .debug_str     0x000006a6       0x5b usart0_buffer_free_count.o
                                0x218 (size before relaxing)
 .debug_str     0x00000701       0x4c usart0_buffer_insert.o
                                0x216 (size before relaxing)
 .debug_str     0x0000074d       0x56 usart0_buffer_inuse_count.o
                                0x21a (size before relaxing)
 .debug_str     0x000007a3       0x48 usart0_buffer_peek.o
                                0x20c (size before relaxing)
 .debug_str     0x000007eb       0x4c usart0_buffer_remove.o
                                0x210 (size before relaxing)
 .debug_str     0x00000837       0x5a usart0_receive_buffer_clear.o
                                0x20d (size before relaxing)
 .debug_str     0x00000891       0x64 usart0_receive_buffer_free_count.o
                                0x217 (size before relaxing)
 .debug_str     0x000008f5       0x66 usart0_receive_buffer_inuse_count.o
                                0x219 (size before relaxing)
 .debug_str     0x0000095b       0x58 usart0_receive_buffer_peek.o
                                0x20b (size before relaxing)
 .debug_str     0x000009b3       0x5c usart0_receive_buffer_remove.o
                                0x214 (size before relaxing)
 .debug_str     0x00000a0f       0x5c usart0_transmit_buffer_clear.o
                                0x20f (size before relaxing)
 .debug_str     0x00000a6b       0x66 usart0_transmit_buffer_free_count.o
                                0x219 (size before relaxing)
 .debug_str     0x00000ad1       0x5e usart0_transmit_buffer_insert.o
                                0x21e (size before relaxing)
 .debug_str     0x00000b2f       0x68 usart0_transmit_buffer_inuse_count.o
                                0x21b (size before relaxing)
 .debug_str     0x00000b97       0x5a usart0_transmit_buffer_peek.o
                                0x20d (size before relaxing)
 .debug_str     0x00000bf1       0x5e usart0_transmit_buffer_remove.o
                                0x218 (size before relaxing)
 .debug_str     0x00000c4f       0x30 usart0_uninit.o
                                0x1e3 (size before relaxing)
 .debug_str     0x00000c7f       0x68 delay.o
                                0x12a (size before relaxing)
 .debug_str     0x00000ce7       0x38 ring_clear.o
                                0x173 (size before relaxing)
 .debug_str     0x00000d1f       0x3b serial_in.o
                                0x1ee (size before relaxing)
 .debug_str     0x00000d5a       0x5e serial_out.o
                                0x219 (size before relaxing)
 .debug_str     0x00000db8       0x46 serial_write.o
                                0x1f9 (size before relaxing)
 .debug_str     0x00000dfe       0x75 butterfly.o
                                0x12e (size before relaxing)

.debug_loc      0x00000000      0x7da
 *(.debug_loc)
 .debug_loc     0x00000000       0x1e serial_begin.o
 .debug_loc     0x0000001e       0x28 ring_above_highmark.o
 .debug_loc     0x00000046       0x50 ring_add.o
 .debug_loc     0x00000096       0x28 ring_below_lowmark.o
 .debug_loc     0x000000be       0xa1 ring_init.o
 .debug_loc     0x0000015f       0xc6 ring_peek.o
 .debug_loc     0x00000225       0x6e ring_remove.o
 .debug_loc     0x00000293      0x1dd usart0.o
 .debug_loc     0x00000470       0x2b usart0_buffer_clear.o
 .debug_loc     0x0000049b       0x3b usart0_buffer_free_count.o
 .debug_loc     0x000004d6       0x4e usart0_buffer_insert.o
 .debug_loc     0x00000524       0x3b usart0_buffer_inuse_count.o
 .debug_loc     0x0000055f       0x56 usart0_buffer_peek.o
 .debug_loc     0x000005b5       0x2b usart0_buffer_remove.o
 .debug_loc     0x000005e0       0x46 usart0_receive_buffer_peek.o
 .debug_loc     0x00000626       0x1e usart0_transmit_buffer_insert.o
 .debug_loc     0x00000644       0x46 usart0_transmit_buffer_peek.o
 .debug_loc     0x0000068a       0x66 ring_clear.o
 .debug_loc     0x000006f0       0x6e serial_write.o
 .debug_loc     0x0000075e       0x7c butterfly.o

.debug_macinfo
 *(.debug_macinfo)
OUTPUT(serial_tester.elf elf32-avr)
LOAD linker stubs
